../Core/Src/main.c:165:7:Apply_Calib	16	static
../Core/Src/main.c:180:9:Compute_Linear_Calib	24	static
../Core/Src/main.c:196:10:get_calibrated_distance	16	static
../Core/Src/main.c:237:6:Update_Fake_Sensor_Data	20	static
../Core/Src/main.c:250:6:Send_Sensor_Data_USB	160	static
../Core/Src/main.c:287:10:Read_ADC_Value	16	static
../Core/Src/main.c:307:7:Read_Thermistor_Raw_degC	8	static
../Core/Src/main.c:326:7:Read_Thermistor_degC	8	static
../Core/Src/main.c:335:7:Read_Potentiometer_Raw_deg	8	static
../Core/Src/main.c:356:7:Read_Potentiometer_deg	8	static
../Core/Src/main.c:390:6:Delay_us_TIM4	0	static
../Core/Src/main.c:405:6:Ultrasonic_Trigger	16	static
../Core/Src/main.c:362:7:Read_Ultrasonic_Raw_cm	24	static
../Core/Src/main.c:429:7:Read_Ultrasonic_cm	8	static
../Core/Src/main.c:434:6:Calib_Ultrasonic	0	static
../Core/Src/main.c:456:7:Read_Laser_Raw_mm	8	static
../Core/Src/main.c:471:7:Read_Laser_VL53L0X_mm	16	static
../Core/Src/main.c:502:12:Parse_Sensor_Name	8	static
../Core/Src/main.c:512:16:Get_Calib_By_Sensor	0	static
../Core/Src/main.c:524:7:Read_Sensor_Raw_For_Calib	8	static
../Core/Src/main.c:553:6:UART_Send_Text	8	static
../Core/Src/main.c:444:6:Test_Laser_Raw_UART	128	static
../Core/Src/main.c:557:13:SensorId_To_String	0	static
../Core/Src/main.c:568:6:UART_Send_SetPoint1	192	static
../Core/Src/main.c:587:6:UART_Send_SetPoint2	240	static
../Core/Src/main.c:612:9:Is_Raw_Value_Valid	8	static
../Core/Src/main.c:633:6:Handle_SetPoint	32	static
../Core/Src/main.c:684:6:Test_VL53_ID_UART	176	static
../Core/Src/main.c:731:6:Process_Command	16	static
../Core/Src/main.c:799:6:Send_Real_Sensor_Data_UART	216	static
../Core/Src/main.c:839:6:Reset_Sensor_Sample_Buffer	0	static
../Core/Src/main.c:859:6:Sensor_Task_10ms	16	static
../Core/Src/main.c:878:6:Sensor_Task_50ms	16	static
../Core/Src/main.c:900:6:Sensor_Task_100ms	16	static
../Core/Src/main.c:915:6:Sensor_Compute_Average	8	static
../Core/Src/main.c:962:6:Send_Raw_Calibration_Data_UART	392	static
../Core/Src/main.c:1159:6:SystemClock_Config	88	static,ignoring_inline_asm
../Core/Src/main.c:1043:5:main	152	static,ignoring_inline_asm
../Core/Src/main.c:1514:6:HAL_TIM_PeriodElapsedCallback	0	static
../Core/Src/main.c:1557:6:HAL_TIM_IC_CaptureCallback	16	static
../Core/Src/main.c:1596:6:HAL_UART_RxCpltCallback	16	static
../Core/Src/main.c:1638:6:Error_Handler	0	static,ignoring_inline_asm
