../Core/Src/main.c:165:7:Apply_Calib	16	static
../Core/Src/main.c:180:9:Compute_Linear_Calib	24	static
../Core/Src/main.c:196:10:get_calibrated_distance	16	static
../Core/Src/main.c:237:6:Update_Fake_Sensor_Data	20	static
../Core/Src/main.c:250:6:Send_Sensor_Data_USB	160	static
../Core/Src/main.c:287:10:Read_ADC_Value	16	static
../Core/Src/main.c:307:7:Read_Thermistor_Raw_degC	8	static
../Core/Src/main.c:323:7:Read_Thermistor_degC	8	static
../Core/Src/main.c:332:7:Read_Potentiometer_Raw_deg	8	static
../Core/Src/main.c:353:7:Read_Potentiometer_deg	8	static
../Core/Src/main.c:392:6:Delay_us_TIM4	0	static
../Core/Src/main.c:407:6:Ultrasonic_Trigger	16	static
../Core/Src/main.c:359:7:Read_Ultrasonic_Raw_cm	24	static
../Core/Src/main.c:431:7:Read_Ultrasonic_cm	8	static
../Core/Src/main.c:436:6:Calib_Ultrasonic	0	static
../Core/Src/main.c:458:7:Read_Laser_Raw_cm	8	static
../Core/Src/main.c:473:7:Read_Laser_VL53L0X_cm	16	static
../Core/Src/main.c:507:12:Parse_Sensor_Name	8	static
../Core/Src/main.c:517:16:Get_Calib_By_Sensor	0	static
../Core/Src/main.c:529:7:Read_Sensor_Raw_For_Calib	8	static
../Core/Src/main.c:558:6:UART_Send_Text	8	static
../Core/Src/main.c:446:6:Test_Laser_Raw_UART	128	static
../Core/Src/main.c:562:13:SensorId_To_String	0	static
../Core/Src/main.c:573:6:UART_Send_SetPoint1	192	static
../Core/Src/main.c:592:6:UART_Send_SetPoint2	240	static
../Core/Src/main.c:617:9:Is_Raw_Value_Valid	8	static
../Core/Src/main.c:638:6:Handle_SetPoint	32	static
../Core/Src/main.c:689:6:Test_VL53_ID_UART	176	static
../Core/Src/main.c:736:6:Process_Command	16	static
../Core/Src/main.c:804:6:Send_Real_Sensor_Data_UART	216	static
../Core/Src/main.c:844:6:Reset_Sensor_Sample_Buffer	0	static
../Core/Src/main.c:864:6:Sensor_Task_10ms	16	static
../Core/Src/main.c:883:6:Sensor_Task_50ms	16	static
../Core/Src/main.c:905:6:Sensor_Task_100ms	16	static
../Core/Src/main.c:920:6:Sensor_Compute_Average	8	static
../Core/Src/main.c:967:6:Send_Raw_Calibration_Data_UART	392	static
../Core/Src/main.c:1166:6:SystemClock_Config	88	static,ignoring_inline_asm
../Core/Src/main.c:1050:5:main	152	static,ignoring_inline_asm
../Core/Src/main.c:1521:6:HAL_TIM_PeriodElapsedCallback	0	static
../Core/Src/main.c:1564:6:HAL_TIM_IC_CaptureCallback	16	static
../Core/Src/main.c:1603:6:HAL_UART_RxCpltCallback	16	static
../Core/Src/main.c:1645:6:Error_Handler	0	static,ignoring_inline_asm
