Archive member included to satisfy reference by file (symbol)

F:/STM32_Cube_IDE/STM32CubeIDE_1.19.0/STM32CubeIDE/plugins/com.st.stm32cube.ide.mcu.externaltools.gnu-tools-for-stm32.13.3.rel1.win32_1.0.0.202411081344/tools/bin/../lib/gcc/arm-none-eabi/13.3.1/../../../../arm-none-eabi/lib/thumb/v7-m/nofp\libc_nano.a(libc_a-atof.o)
                              ./Core/Src/main.o (atof)
F:/STM32_Cube_IDE/STM32CubeIDE_1.19.0/STM32CubeIDE/plugins/com.st.stm32cube.ide.mcu.externaltools.gnu-tools-for-stm32.13.3.rel1.win32_1.0.0.202411081344/tools/bin/../lib/gcc/arm-none-eabi/13.3.1/../../../../arm-none-eabi/lib/thumb/v7-m/nofp\libc_nano.a(libc_a-exit.o)
                              F:/STM32_Cube_IDE/STM32CubeIDE_1.19.0/STM32CubeIDE/plugins/com.st.stm32cube.ide.mcu.externaltools.gnu-tools-for-stm32.13.3.rel1.win32_1.0.0.202411081344/tools/bin/../lib/gcc/arm-none-eabi/13.3.1/../../../../arm-none-eabi/lib/thumb/v7-m/nofp/crt0.o (exit)
F:/STM32_Cube_IDE/STM32CubeIDE_1.19.0/STM32CubeIDE/plugins/com.st.stm32cube.ide.mcu.externaltools.gnu-tools-for-stm32.13.3.rel1.win32_1.0.0.202411081344/tools/bin/../lib/gcc/arm-none-eabi/13.3.1/../../../../arm-none-eabi/lib/thumb/v7-m/nofp\libc_nano.a(libc_a-strtod.o)
                              F:/STM32_Cube_IDE/STM32CubeIDE_1.19.0/STM32CubeIDE/plugins/com.st.stm32cube.ide.mcu.externaltools.gnu-tools-for-stm32.13.3.rel1.win32_1.0.0.202411081344/tools/bin/../lib/gcc/arm-none-eabi/13.3.1/../../../../arm-none-eabi/lib/thumb/v7-m/nofp\libc_nano.a(libc_a-atof.o) (strtod)
F:/STM32_Cube_IDE/STM32CubeIDE_1.19.0/STM32CubeIDE/plugins/com.st.stm32cube.ide.mcu.externaltools.gnu-tools-for-stm32.13.3.rel1.win32_1.0.0.202411081344/tools/bin/../lib/gcc/arm-none-eabi/13.3.1/../../../../arm-none-eabi/lib/thumb/v7-m/nofp\libc_nano.a(libc_a-findfp.o)
                              F:/STM32_Cube_IDE/STM32CubeIDE_1.19.0/STM32CubeIDE/plugins/com.st.stm32cube.ide.mcu.externaltools.gnu-tools-for-stm32.13.3.rel1.win32_1.0.0.202411081344/tools/bin/../lib/gcc/arm-none-eabi/13.3.1/../../../../arm-none-eabi/lib/thumb/v7-m/nofp\libc_nano.a(libc_a-exit.o) (__stdio_exit_handler)
F:/STM32_Cube_IDE/STM32CubeIDE_1.19.0/STM32CubeIDE/plugins/com.st.stm32cube.ide.mcu.externaltools.gnu-tools-for-stm32.13.3.rel1.win32_1.0.0.202411081344/tools/bin/../lib/gcc/arm-none-eabi/13.3.1/../../../../arm-none-eabi/lib/thumb/v7-m/nofp\libc_nano.a(libc_a-fwalk.o)
                              F:/STM32_Cube_IDE/STM32CubeIDE_1.19.0/STM32CubeIDE/plugins/com.st.stm32cube.ide.mcu.externaltools.gnu-tools-for-stm32.13.3.rel1.win32_1.0.0.202411081344/tools/bin/../lib/gcc/arm-none-eabi/13.3.1/../../../../arm-none-eabi/lib/thumb/v7-m/nofp\libc_nano.a(libc_a-findfp.o) (_fwalk_sglue)
F:/STM32_Cube_IDE/STM32CubeIDE_1.19.0/STM32CubeIDE/plugins/com.st.stm32cube.ide.mcu.externaltools.gnu-tools-for-stm32.13.3.rel1.win32_1.0.0.202411081344/tools/bin/../lib/gcc/arm-none-eabi/13.3.1/../../../../arm-none-eabi/lib/thumb/v7-m/nofp\libc_nano.a(libc_a-snprintf.o)
                              ./Core/Src/main.o (snprintf)
F:/STM32_Cube_IDE/STM32CubeIDE_1.19.0/STM32CubeIDE/plugins/com.st.stm32cube.ide.mcu.externaltools.gnu-tools-for-stm32.13.3.rel1.win32_1.0.0.202411081344/tools/bin/../lib/gcc/arm-none-eabi/13.3.1/../../../../arm-none-eabi/lib/thumb/v7-m/nofp\libc_nano.a(libc_a-stdio.o)
                              F:/STM32_Cube_IDE/STM32CubeIDE_1.19.0/STM32CubeIDE/plugins/com.st.stm32cube.ide.mcu.externaltools.gnu-tools-for-stm32.13.3.rel1.win32_1.0.0.202411081344/tools/bin/../lib/gcc/arm-none-eabi/13.3.1/../../../../arm-none-eabi/lib/thumb/v7-m/nofp\libc_nano.a(libc_a-findfp.o) (__sread)
F:/STM32_Cube_IDE/STM32CubeIDE_1.19.0/STM32CubeIDE/plugins/com.st.stm32cube.ide.mcu.externaltools.gnu-tools-for-stm32.13.3.rel1.win32_1.0.0.202411081344/tools/bin/../lib/gcc/arm-none-eabi/13.3.1/../../../../arm-none-eabi/lib/thumb/v7-m/nofp\libc_nano.a(libc_a-memset.o)
                              F:/STM32_Cube_IDE/STM32CubeIDE_1.19.0/STM32CubeIDE/plugins/com.st.stm32cube.ide.mcu.externaltools.gnu-tools-for-stm32.13.3.rel1.win32_1.0.0.202411081344/tools/bin/../lib/gcc/arm-none-eabi/13.3.1/../../../../arm-none-eabi/lib/thumb/v7-m/nofp/crt0.o (memset)
F:/STM32_Cube_IDE/STM32CubeIDE_1.19.0/STM32CubeIDE/plugins/com.st.stm32cube.ide.mcu.externaltools.gnu-tools-for-stm32.13.3.rel1.win32_1.0.0.202411081344/tools/bin/../lib/gcc/arm-none-eabi/13.3.1/../../../../arm-none-eabi/lib/thumb/v7-m/nofp\libc_nano.a(libc_a-strncmp.o)
                              F:/STM32_Cube_IDE/STM32CubeIDE_1.19.0/STM32CubeIDE/plugins/com.st.stm32cube.ide.mcu.externaltools.gnu-tools-for-stm32.13.3.rel1.win32_1.0.0.202411081344/tools/bin/../lib/gcc/arm-none-eabi/13.3.1/../../../../arm-none-eabi/lib/thumb/v7-m/nofp\libc_nano.a(libc_a-strtod.o) (strncmp)
[...]
Memory Configuration

Name             Origin             Length             Attributes
RAM              0x20000000         0x00005000         xrw
FLASH            0x08000000         0x00010000         xr
*default*        0x00000000         0xffffffff

Linker script and memory map

LOAD F:/STM32_Cube_IDE/STM32CubeIDE_1.19.0/STM32CubeIDE/plugins/com.st.stm32cube.ide.mcu.externaltools.gnu-tools-for-stm32.13.3.rel1.win32_1.0.0.202411081344/tools/bin/../lib/gcc/arm-none-eabi/13.3.1/thumb/v7-m/nofp/crti.o
LOAD F:/STM32_Cube_IDE/STM32CubeIDE_1.19.0/STM32CubeIDE/plugins/com.st.stm32cube.ide.mcu.externaltools.gnu-tools-for-stm32.13.3.rel1.win32_1.0.0.202411081344/tools/bin/../lib/gcc/arm-none-eabi/13.3.1/thumb/v7-m/nofp/crtbegin.o
LOAD F:/STM32_Cube_IDE/STM32CubeIDE_1.19.0/STM32CubeIDE/plugins/com.st.stm32cube.ide.mcu.externaltools.gnu-tools-for-stm32.13.3.rel1.win32_1.0.0.202411081344/tools/bin/../lib/gcc/arm-none-eabi/13.3.1/../../../../arm-none-eabi/lib/thumb/v7-m/nofp/crt0.o
LOAD ./Core/Src/main.o
LOAD ./Core/Src/stm32f1xx_hal_msp.o
LOAD ./Core/Src/stm32f1xx_it.o
LOAD ./Core/Src/syscalls.o
LOAD ./Core/Src/sysmem.o
LOAD ./Core/Src/system_stm32f1xx.o
LOAD ./Core/Startup/startup_stm32f103c8tx.o
LOAD ./Core/library/VL53L0X/core/src/vl53l0x_api.o
LOAD ./Core/library/VL53L0X/core/src/vl53l0x_api_calibration.o
LOAD ./Core/library/VL53L0X/core/src/vl53l0x_api_core.o
LOAD ./Core/library/VL53L0X/core/src/vl53l0x_api_ranging.o
LOAD ./Core/library/VL53L0X/core/src/vl53l0x_api_strings.o
LOAD ./Core/library/VL53L0X/lidarvl53.o
LOAD ./Core/library/VL53L0X/platform/src/vl53l0x_platform.o
LOAD ./Core/library/VL53L0X/platform/src/vl53l0x_platform_log.o
LOAD ./Drivers/STM32F1xx_HAL_Driver/Src/stm32f1xx_hal.o
LOAD ./Drivers/STM32F1xx_HAL_Driver/Src/stm32f1xx_hal_adc.o
LOAD ./Drivers/STM32F1xx_HAL_Driver/Src/stm32f1xx_hal_adc_ex.o
LOAD ./Drivers/STM32F1xx_HAL_Driver/Src/stm32f1xx_hal_cortex.o
LOAD ./Drivers/STM32F1xx_HAL_Driver/Src/stm32f1xx_hal_dma.o
LOAD ./Drivers/STM32F1xx_HAL_Driver/Src/stm32f1xx_hal_exti.o
LOAD ./Drivers/STM32F1xx_HAL_Driver/Src/stm32f1xx_hal_flash.o
LOAD ./Drivers/STM32F1xx_HAL_Driver/Src/stm32f1xx_hal_flash_ex.o
LOAD ./Drivers/STM32F1xx_HAL_Driver/Src/stm32f1xx_hal_gpio.o
LOAD ./Drivers/STM32F1xx_HAL_Driver/Src/stm32f1xx_hal_gpio_ex.o
LOAD ./Drivers/STM32F1xx_HAL_Driver/Src/stm32f1xx_hal_i2c.o
LOAD ./Drivers/STM32F1xx_HAL_Driver/Src/stm32f1xx_hal_pcd.o
LOAD ./Drivers/STM32F1xx_HAL_Driver/Src/stm32f1xx_hal_pcd_ex.o
LOAD ./Drivers/STM32F1xx_HAL_Driver/Src/stm32f1xx_hal_pwr.o
LOAD ./Drivers/STM32F1xx_HAL_Driver/Src/stm32f1xx_hal_rcc.o
LOAD ./Drivers/STM32F1xx_HAL_Driver/Src/stm32f1xx_hal_rcc_ex.o
LOAD ./Drivers/STM32F1xx_HAL_Driver/Src/stm32f1xx_hal_tim.o
LOAD ./Drivers/STM32F1xx_HAL_Driver/Src/stm32f1xx_hal_tim_ex.o
LOAD ./Drivers/STM32F1xx_HAL_Driver/Src/stm32f1xx_hal_uart.o
LOAD ./Drivers/STM32F1xx_HAL_Driver/Src/stm32f1xx_ll_usb.o
LOAD ./Middlewares/ST/STM32_USB_Device_Library/Class/CDC/Src/usbd_cdc.o
LOAD ./Middlewares/ST/STM32_USB_Device_Library/Core/Src/usbd_core.o
LOAD ./Middlewares/ST/STM32_USB_Device_Library/Core/Src/usbd_ctlreq.o
LOAD ./Middlewares/ST/STM32_USB_Device_Library/Core/Src/usbd_ioreq.o
LOAD ./USB_DEVICE/App/usb_device.o
LOAD ./USB_DEVICE/App/usbd_cdc_if.o
LOAD ./USB_DEVICE/App/usbd_desc.o
LOAD ./USB_DEVICE/Target/usbd_conf.o
START GROUP
LOAD F:/STM32_Cube_IDE/STM32CubeIDE_1.19.0/STM32CubeIDE/plugins/com.st.stm32cube.ide.mcu.externaltools.gnu-tools-for-stm32.13.3.rel1.win32_1.0.0.202411081344/tools/bin/../lib/gcc/arm-none-eabi/13.3.1/../../../../arm-none-eabi/lib/thumb/v7-m/nofp\libc_nano.a
LOAD F:/STM32_Cube_IDE/STM32CubeIDE_1.19.0/STM32CubeIDE/plugins/com.st.stm32cube.ide.mcu.externaltools.gnu-tools-for-stm32.13.3.rel1.win32_1.0.0.202411081344/tools/bin/../lib/gcc/arm-none-eabi/13.3.1/../../../../arm-none-eabi/lib/thumb/v7-m/nofp\libm.a
END GROUP
START GROUP
LOAD F:/STM32_Cube_IDE/STM32CubeIDE_1.19.0/STM32CubeIDE/plugins/com.st.stm32cube.ide.mcu.externaltools.gnu-tools-for-stm32.13.3.rel1.win32_1.0.0.202411081344/tools/bin/../lib/gcc/arm-none-eabi/13.3.1/thumb/v7-m/nofp\libgcc.a
LOAD F:/STM32_Cube_IDE/STM32CubeIDE_1.19.0/STM32CubeIDE/plugins/com.st.stm32cube.ide.mcu.externaltools.gnu-tools-for-stm32.13.3.rel1.win32_1.0.0.202411081344/tools/bin/../lib/gcc/arm-none-eabi/13.3.1/../../../../arm-none-eabi/lib/thumb/v7-m/nofp\libc_nano.a
END GROUP
START GROUP
LOAD F:/STM32_Cube_IDE/STM32CubeIDE_1.19.0/STM32CubeIDE/plugins/com.st.stm32cube.ide.mcu.externaltools.gnu-tools-for-stm32.13.3.rel1.win32_1.0.0.202411081344/tools/bin/../lib/gcc/arm-none-eabi/13.3.1/thumb/v7-m/nofp\libgcc.a
LOAD F:/STM32_Cube_IDE/STM32CubeIDE_1.19.0/STM32CubeIDE/plugins/com.st.stm32cube.ide.mcu.externaltools.gnu-tools-for-stm32.13.3.rel1.win32_1.0.0.202411081344/tools/bin/../lib/gcc/arm-none-eabi/13.3.1/../../../../arm-none-eabi/lib/thumb/v7-m/nofp\libc_nano.a
LOAD F:/STM32_Cube_IDE/STM32CubeIDE_1.19.0/STM32CubeIDE/plugins/com.st.stm32cube.ide.mcu.externaltools.gnu-tools-for-stm32.13.3.rel1.win32_1.0.0.202411081344/tools/bin/../lib/gcc/arm-none-eabi/13.3.1/../../../../arm-none-eabi/lib/thumb/v7-m/nofp\libnosys.a
END GROUP
START GROUP
LOAD F:/STM32_Cube_IDE/STM32CubeIDE_1.19.0/STM32CubeIDE/plugins/com.st.stm32cube.ide.mcu.externaltools.gnu-tools-for-stm32.13.3.rel1.win32_1.0.0.202411081344/tools/bin/../lib/gcc/arm-none-eabi/13.3.1/thumb/v7-m/nofp\libgcc.a
LOAD F:/STM32_Cube_IDE/STM32CubeIDE_1.19.0/STM32CubeIDE/plugins/com.st.stm32cube.ide.mcu.externaltools.gnu-tools-for-stm32.13.3.rel1.win32_1.0.0.202411081344/tools/bin/../lib/gcc/arm-none-eabi/13.3.1/../../../../arm-none-eabi/lib/thumb/v7-m/nofp\libc_nano.a
LOAD F:/STM32_Cube_IDE/STM32CubeIDE_1.19.0/STM32CubeIDE/plugins/com.st.stm32cube.ide.mcu.externaltools.gnu-tools-for-stm32.13.3.rel1.win32_1.0.0.202411081344/tools/bin/../lib/gcc/arm-none-eabi/13.3.1/../../../../arm-none-eabi/lib/thumb/v7-m/nofp\libnosys.a
END GROUP
LOAD F:/STM32_Cube_IDE/STM32CubeIDE_1.19.0/STM32CubeIDE/plugins/com.st.stm32cube.ide.mcu.externaltools.gnu-tools-for-stm32.13.3.rel1.win32_1.0.0.202411081344/tools/bin/../lib/gcc/arm-none-eabi/13.3.1/thumb/v7-m/nofp/crtend.o
LOAD F:/STM32_Cube_IDE/STM32CubeIDE_1.19.0/STM32CubeIDE/plugins/com.st.stm32cube.ide.mcu.externaltools.gnu-tools-for-stm32.13.3.rel1.win32_1.0.0.202411081344/tools/bin/../lib/gcc/arm-none-eabi/13.3.1/thumb/v7-m/nofp/crtn.o
                0x20005000                        _estack = (ORIGIN (RAM) + LENGTH (RAM))
                0x00000200                        _Min_Heap_Size = 0x200
                0x00000400                        _Min_Stack_Size = 0x400

.isr_vector     0x08000000      0x10c
                0x08000000                        . = ALIGN (0x4)
 *(.isr_vector)
 .isr_vector    0x08000000      0x10c ./Core/Startup/startup_stm32f103c8tx.o
                0x08000000                g_pfnVectors
                0x0800010c                        . = ALIGN (0x4)

.text           0x08000110     0xcc20
                0x08000110                        . = ALIGN (0x4)
 *(.text)
 .text          0x08000110       0x40 F:/STM32_Cube_IDE/STM32CubeIDE_1.19.0/STM32CubeIDE/plugins/com.st.stm32cube.ide.mcu.externaltools.gnu-tools-for-stm32.13.3.rel1.win32_1.0.0.202411081344/tools/bin/../lib/gcc/arm-none-eabi/13.3.1/thumb/v7-m/nofp/crtbegin.o
 .text          0x08000150       0x14 F:/STM32_Cube_IDE/STM32CubeIDE_1.19.0/STM32CubeIDE/plugins/com.st.stm32cube.ide.mcu.externaltools.gnu-tools-for-stm32.13.3.rel1.win32_1.0.0.202411081344/tools/bin/../lib/gcc/arm-none-eabi/13.3.1/../../../../arm-none-eabi/lib/thumb/v7-m/nofp\libc_nano.a(libc_a-strcmp.o)
                0x08000150                strcmp
 .text          0x08000164       0x10 F:/STM32_Cube_IDE/STM32CubeIDE_1.19.0/STM32CubeIDE/plugins/com.st.stm32cube.ide.mcu.externaltools.gnu-tools-for-stm32.13.3.rel1.win32_1.0.0.202411081344/tools/bin/../lib/gcc/arm-none-eabi/13.3.1/../../../../arm-none-eabi/lib/thumb/v7-m/nofp\libc_nano.a(libc_a-strlen.o)
                0x08000164                strlen
 .text          0x08000174      0x378 F:/STM32_Cube_IDE/STM32CubeIDE_1.19.0/STM32CubeIDE/plugins/com.st.stm32cube.ide.mcu.externaltools.gnu-tools-for-stm32.13.3.rel1.win32_1.0.0.202411081344/tools/bin/../lib/gcc/arm-none-eabi/13.3.1/thumb/v7-m/nofp\libgcc.a(_arm_addsubdf3.o)
                0x08000174                __aeabi_drsub
                0x0800017c                __aeabi_dsub
                0x0800017c                __subdf3
                0x08000180                __aeabi_dadd
                0x08000180                __adddf3
                0x080003f8                __floatunsidf
                0x080003f8                __aeabi_ui2d
                0x08000418                __floatsidf
                0x08000418                __aeabi_i2d
                0x0800043c                __aeabi_f2d
                0x0800043c                __extendsfdf2
                0x08000480                __floatundidf
                0x08000480                __aeabi_ul2d
                0x08000490                __floatdidf
                0x08000490                __aeabi_l2d
 .text          0x080004ec      0x424 F:/STM32_Cube_IDE/STM32CubeIDE_1.19.0/STM32CubeIDE/plugins/com.st.stm32cube.ide.mcu.externaltools.gnu-tools-for-stm32.13.3.rel1.win32_1.0.0.202411081344/tools/bin/../lib/gcc/arm-none-eabi/13.3.1/thumb/v7-m/nofp\libgcc.a(_arm_muldivdf3.o)
                0x080004ec                __aeabi_dmul
                0x080004ec                __muldf3
                0x08000740                __divdf3
                0x08000740                __aeabi_ddiv
 .text          0x08000910      0x110 F:/STM32_Cube_IDE/STM32CubeIDE_1.19.0/STM32CubeIDE/plugins/com.st.stm32cube.ide.mcu.externaltools.gnu-tools-for-stm32.13.3.rel1.win32_1.0.0.202411081344/tools/bin/../lib/gcc/arm-none-eabi/13.3.1/thumb/v7-m/nofp\libgcc.a(_arm_cmpdf2.o)
                0x08000910                __gtdf2
                0x08000910                __gedf2
                0x08000918                __ltdf2
                0x08000918                __ledf2
                0x08000920                __nedf2
                0x08000920                __eqdf2
                0x08000920                __cmpdf2
                0x0800099c                __aeabi_cdrcmple
                0x080009ac                __aeabi_cdcmpeq
                0x080009ac                __aeabi_cdcmple
                0x080009bc                __aeabi_dcmpeq
                0x080009d0                __aeabi_dcmplt
                0x080009e4                __aeabi_dcmple
                0x080009f8                __aeabi_dcmpge
                0x08000a0c                __aeabi_dcmpgt
 .text          0x08000a20       0x40 F:/STM32_Cube_IDE/STM32CubeIDE_1.19.0/STM32CubeIDE/plugins/com.st.stm32cube.ide.mcu.externaltools.gnu-tools-for-stm32.13.3.rel1.win32_1.0.0.202411081344/tools/bin/../lib/gcc/arm-none-eabi/13.3.1/thumb/v7-m/nofp\libgcc.a(_arm_fixunsdfsi.o)
                0x08000a20                __aeabi_d2uiz
                0x08000a20                __fixunsdfsi
 .text          0x08000a60       0xa0 F:/STM32_Cube_IDE/STM32CubeIDE_1.19.0/STM32CubeIDE/plugins/com.st.stm32cube.ide.mcu.externaltools.gnu-tools-for-stm32.13.3.rel1.win32_1.0.0.202411081344/tools/bin/../lib/gcc/arm-none-eabi/13.3.1/thumb/v7-m/nofp\libgcc.a(_arm_truncdfsf2.o)
                0x08000a60                __truncdfsf2
                0x08000a60                __aeabi_d2f
 .text          0x08000b00      0x21c F:/STM32_Cube_IDE/STM32CubeIDE_1.19.0/STM32CubeIDE/plugins/com.st.stm32cube.ide.mcu.externaltools.gnu-tools-for-stm32.13.3.rel1.win32_1.0.0.202411081344/tools/bin/../lib/gcc/arm-none-eabi/13.3.1/thumb/v7-m/nofp\libgcc.a(_arm_addsubsf3.o)
                0x08000b00                __aeabi_frsub
                0x08000b08                __subsf3
                0x08000b08                __aeabi_fsub
                0x08000b0c                __aeabi_fadd
                0x08000b0c                __addsf3
                0x08000c6c                __aeabi_ui2f
                0x08000c6c                __floatunsisf
                0x08000c74                __aeabi_i2f
                0x08000c74                __floatsisf
                0x08000c90                __aeabi_ul2f
                0x08000c90                __floatundisf
                0x08000ca0                __aeabi_l2f
                0x08000ca0                __floatdisf
 .text          0x08000d1c      0x2a0 F:/STM32_Cube_IDE/STM32CubeIDE_1.19.0/STM32CubeIDE/plugins/com.st.stm32cube.ide.mcu.externaltools.gnu-tools-for-stm32.13.3.rel1.win32_1.0.0.202411081344/tools/bin/../lib/gcc/arm-none-eabi/13.3.1/thumb/v7-m/nofp\libgcc.a(_arm_muldivsf3.o)
                0x08000d1c                __mulsf3
                0x08000d1c                __aeabi_fmul
                0x08000e84                __aeabi_fdiv
                0x08000e84                __divsf3
 .text          0x08000fbc       0xec F:/STM32_Cube_IDE/STM32CubeIDE_1.19.0/STM32CubeIDE/plugins/com.st.stm32cube.ide.mcu.externaltools.gnu-tools-for-stm32.13.3.rel1.win32_1.0.0.202411081344/tools/bin/../lib/gcc/arm-none-eabi/13.3.1/thumb/v7-m/nofp\libgcc.a(_arm_cmpsf2.o)
                0x08000fbc                __gesf2
                0x08000fbc                __gtsf2
                0x08000fc4                __lesf2
                0x08000fc4                __ltsf2
                0x08000fcc                __nesf2
                0x08000fcc                __eqsf2
                0x08000fcc                __cmpsf2
                0x0800102c                __aeabi_cfrcmple
                0x08001034                __aeabi_cfcmpeq
                0x08001034                __aeabi_cfcmple
                0x08001044                __aeabi_fcmpeq
                0x08001058                __aeabi_fcmplt
                0x0800106c                __aeabi_fcmple
                0x08001080                __aeabi_fcmpge
                0x08001094                __aeabi_fcmpgt
 .text          0x080010a8       0x4c F:/STM32_Cube_IDE/STM32CubeIDE_1.19.0/STM32CubeIDE/plugins/com.st.stm32cube.ide.mcu.externaltools.gnu-tools-for-stm32.13.3.rel1.win32_1.0.0.202411081344/tools/bin/../lib/gcc/arm-none-eabi/13.3.1/thumb/v7-m/nofp\libgcc.a(_arm_fixsfsi.o)
                0x080010a8                __aeabi_f2iz
                0x080010a8                __fixsfsi
 .text          0x080010f4       0x40 F:/STM32_Cube_IDE/STM32CubeIDE_1.19.0/STM32CubeIDE/plugins/com.st.stm32cube.ide.mcu.externaltools.gnu-tools-for-stm32.13.3.rel1.win32_1.0.0.202411081344/tools/bin/../lib/gcc/arm-none-eabi/13.3.1/thumb/v7-m/nofp\libgcc.a(_arm_fixunssfsi.o)
                0x080010f4                __fixunssfsi
                0x080010f4                __aeabi_f2uiz
 .text          0x08001134       0x30 F:/STM32_Cube_IDE/STM32CubeIDE_1.19.0/STM32CubeIDE/plugins/com.st.stm32cube.ide.mcu.externaltools.gnu-tools-for-stm32.13.3.rel1.win32_1.0.0.202411081344/tools/bin/../lib/gcc/arm-none-eabi/13.3.1/thumb/v7-m/nofp\libgcc.a(_fixdfdi.o)
                0x08001134                __fixdfdi
                0x08001134                __aeabi_d2lz
 .text          0x08001164       0x3c F:/STM32_Cube_IDE/STM32CubeIDE_1.19.0/STM32CubeIDE/plugins/com.st.stm32cube.ide.mcu.externaltools.gnu-tools-for-stm32.13.3.rel1.win32_1.0.0.202411081344/tools/bin/../lib/gcc/arm-none-eabi/13.3.1/thumb/v7-m/nofp\libgcc.a(_fixunsdfdi.o)
                0x08001164                __fixunsdfdi
                0x08001164                __aeabi_d2ulz
 *(.text*)
 .text.Apply_Calib
                0x080011a0       0x28 ./Core/Src/main.o
                0x080011a0                Apply_Calib
 .text.Compute_Linear_Calib
                0x080011c8       0x50 ./Core/Src/main.o
                0x080011c8                Compute_Linear_Calib
 .text.Read_ADC_Value
                0x08001218       0x28 ./Core/Src/main.o
                0x08001218                Read_ADC_Value
 .text.Read_Thermistor_Raw_degC
                0x08001240       0x68 ./Core/Src/main.o
                0x08001240                Read_Thermistor_Raw_degC
 .text.Read_Thermistor_degC
                0x080012a8       0x18 ./Core/Src/main.o
                0x080012a8                Read_Thermistor_degC
 .text.Read_Potentiometer_Raw_deg
                0x080012c0       0x64 ./Core/Src/main.o
                0x080012c0                Read_Potentiometer_Raw_deg
 .text.Read_Potentiometer_deg
                0x08001324       0x18 ./Core/Src/main.o
                0x08001324                Read_Potentiometer_deg
 .text.Delay_us_TIM4
                0x0800133c       0x14 ./Core/Src/main.o
                0x0800133c                Delay_us_TIM4
 .text.Ultrasonic_Trigger
                0x08001350       0x68 ./Core/Src/main.o
                0x08001350                Ultrasonic_Trigger
 .text.Read_Ultrasonic_Raw_cm
                0x080013b8       0x7c ./Core/Src/main.o
                0x080013b8                Read_Ultrasonic_Raw_cm
 .text.Read_Ultrasonic_cm
                0x08001434       0x18 ./Core/Src/main.o
                0x08001434                Read_Ultrasonic_cm
 .text.Read_Laser_Raw_mm
                0x0800144c       0x28 ./Core/Src/main.o
                0x0800144c                Read_Laser_Raw_mm
 .text.Read_Laser_VL53L0X_mm
                0x08001474       0x3c ./Core/Src/main.o
                0x08001474                Read_Laser_VL53L0X_mm
 .text.Parse_Sensor_Name
                0x080014b0       0x50 ./Core/Src/main.o
                0x080014b0                Parse_Sensor_Name
 .text.Get_Calib_By_Sensor
                0x08001500       0x18 ./Core/Src/main.o
                0x08001500                Get_Calib_By_Sensor
 .text.Read_Sensor_Raw_For_Calib
                0x08001518       0x54 ./Core/Src/main.o
                0x08001518                Read_Sensor_Raw_For_Calib
 .text.UART_Send_Text
                0x0800156c       0x1c ./Core/Src/main.o
                0x0800156c                UART_Send_Text
 .text.Test_Laser_Raw_UART
                0x08001588       0x28 ./Core/Src/main.o
                0x08001588                Test_Laser_Raw_UART
 .text.SensorId_To_String
                0x080015b0       0x1c ./Core/Src/main.o
                0x080015b0                SensorId_To_String
 .text.UART_Send_SetPoint1
                0x080015cc       0x6c ./Core/Src/main.o
                0x080015cc                UART_Send_SetPoint1
 .text.UART_Send_SetPoint2
                0x08001638       0xb8 ./Core/Src/main.o
                0x08001638                UART_Send_SetPoint2
 .text.Is_Raw_Value_Valid
                0x080016f0       0x38 ./Core/Src/main.o
                0x080016f0                Is_Raw_Value_Valid
 .text.Handle_SetPoint
                0x08001728       0xa0 ./Core/Src/main.o
                0x08001728                Handle_SetPoint
 .text.Test_VL53_ID_UART
                0x080017c8       0x98 ./Core/Src/main.o
                0x080017c8                Test_VL53_ID_UART
 .text.Process_Command
                0x08001860       0xec ./Core/Src/main.o
                0x08001860                Process_Command
 .text.Send_Real_Sensor_Data_UART
                0x0800194c       0xb0 ./Core/Src/main.o
                0x0800194c                Send_Real_Sensor_Data_UART
 .text.Reset_Sensor_Sample_Buffer
                0x080019fc       0x48 ./Core/Src/main.o
                0x080019fc                Reset_Sensor_Sample_Buffer
 .text.Sensor_Task_10ms
                0x08001a44       0x54 ./Core/Src/main.o
                0x08001a44                Sensor_Task_10ms
 .text.Sensor_Task_50ms
                0x08001a98       0x54 ./Core/Src/main.o
                0x08001a98                Sensor_Task_50ms
 .text.Sensor_Task_100ms
                0x08001aec       0x30 ./Core/Src/main.o
                0x08001aec                Sensor_Task_100ms
 .text.Sensor_Compute_Average
                0x08001b1c       0x9c ./Core/Src/main.o
                0x08001b1c                Sensor_Compute_Average
 .text.SystemClock_Config
                0x08001bb8       0x82 ./Core/Src/main.o
                0x08001bb8                SystemClock_Config
 *fill*         0x08001c3a        0x2 
 .text.startup.main
                0x08001c3c      0x3a0 ./Core/Src/main.o
                0x08001c3c                main
 .text.HAL_TIM_PeriodElapsedCallback
                0x08001fdc       0x68 ./Core/Src/main.o
                0x08001fdc                HAL_TIM_PeriodElapsedCallback
 .text.HAL_TIM_IC_CaptureCallback
                0x08002044       0x8c ./Core/Src/main.o
                0x08002044                HAL_TIM_IC_CaptureCallback
 .text.HAL_UART_RxCpltCallback
                0x080020d0       0x7c ./Core/Src/main.o
                0x080020d0                HAL_UART_RxCpltCallback
 .text.Error_Handler
                0x0800214c        0x4 ./Core/Src/main.o
                0x0800214c                Error_Handler
 .text.HAL_MspInit
                0x08002150       0x44 ./Core/Src/stm32f1xx_hal_msp.o
                0x08002150                HAL_MspInit
 .text.HAL_ADC_MspInit
                0x08002194       0x94 ./Core/Src/stm32f1xx_hal_msp.o
                0x08002194                HAL_ADC_MspInit
 .text.HAL_I2C_MspInit
                0x08002228       0x88 ./Core/Src/stm32f1xx_hal_msp.o
                0x08002228                HAL_I2C_MspInit
 .text.HAL_TIM_Base_MspInit
                0x080022b0       0x8c ./Core/Src/stm32f1xx_hal_msp.o
                0x080022b0                HAL_TIM_Base_MspInit
 .text.HAL_UART_MspInit
                0x0800233c       0x78 ./Core/Src/stm32f1xx_hal_msp.o
                0x0800233c                HAL_UART_MspInit
 .text.USART1_IRQHandler
                0x080023b4        0xc ./Core/Src/stm32f1xx_it.o
                0x080023b4                USART1_IRQHandler
 .text.NMI_Handler
                0x080023c0        0x2 ./Core/Src/stm32f1xx_it.o
                0x080023c0                NMI_Handler
 .text.HardFault_Handler
                0x080023c2        0x2 ./Core/Src/stm32f1xx_it.o
                0x080023c2                HardFault_Handler
 .text.MemManage_Handler
                0x080023c4        0x2 ./Core/Src/stm32f1xx_it.o
                0x080023c4                MemManage_Handler
 .text.BusFault_Handler
                0x080023c6        0x2 ./Core/Src/stm32f1xx_it.o
                0x080023c6                BusFault_Handler
 .text.UsageFault_Handler
                0x080023c8        0x2 ./Core/Src/stm32f1xx_it.o
                0x080023c8                UsageFault_Handler
 .text.SVC_Handler
                0x080023ca        0x2 ./Core/Src/stm32f1xx_it.o
                0x080023ca                SVC_Handler
 .text.DebugMon_Handler
                0x080023cc        0x2 ./Core/Src/stm32f1xx_it.o
                0x080023cc                DebugMon_Handler
 .text.PendSV_Handler
                0x080023ce        0x2 ./Core/Src/stm32f1xx_it.o
                0x080023ce                PendSV_Handler
 .text.SysTick_Handler
                0x080023d0        0x4 ./Core/Src/stm32f1xx_it.o
                0x080023d0                SysTick_Handler
 .text.USB_LP_CAN1_RX0_IRQHandler
                0x080023d4        0xc ./Core/Src/stm32f1xx_it.o
                0x080023d4                USB_LP_CAN1_RX0_IRQHandler
 .text.TIM2_IRQHandler
                0x080023e0        0xc ./Core/Src/stm32f1xx_it.o
                0x080023e0                TIM2_IRQHandler
 .text.TIM4_IRQHandler
                0x080023ec        0xc ./Core/Src/stm32f1xx_it.o
                0x080023ec                TIM4_IRQHandler
 .text._getpid  0x080023f8        0x4 ./Core/Src/syscalls.o
                0x080023f8                _getpid
 .text._kill    0x080023fc       0x10 ./Core/Src/syscalls.o
                0x080023fc                _kill
 .text._exit    0x0800240c        0xc ./Core/Src/syscalls.o
                0x0800240c                _exit
 .text._read    0x08002418       0x1c ./Core/Src/syscalls.o
                0x08002418                _read
 .text._write   0x08002434       0x1c ./Core/Src/syscalls.o
                0x08002434                _write
 .text._close   0x08002450        0x6 ./Core/Src/syscalls.o
                0x08002450                _close
 .text._fstat   0x08002456        0xa ./Core/Src/syscalls.o
                0x08002456                _fstat
 .text._isatty  0x08002460        0x4 ./Core/Src/syscalls.o
                0x08002460                _isatty
 .text._lseek   0x08002464        0x4 ./Core/Src/syscalls.o
                0x08002464                _lseek
 .text._sbrk    0x08002468       0x40 ./Core/Src/sysmem.o
                0x08002468                _sbrk
 .text.SystemInit
                0x080024a8        0x2 ./Core/Src/system_stm32f1xx.o
                0x080024a8                SystemInit
 *fill*         0x080024aa        0x2 
 .text.Reset_Handler
                0x080024ac       0x48 ./Core/Startup/startup_stm32f103c8tx.o
                0x080024ac                Reset_Handler
 .text.Default_Handler
                0x080024f4        0x2 ./Core/Startup/startup_stm32f103c8tx.o
                0x080024f4                RTC_Alarm_IRQHandler
                0x080024f4                EXTI2_IRQHandler
                0x080024f4                TIM1_CC_IRQHandler
                0x080024f4                PVD_IRQHandler
                0x080024f4                EXTI3_IRQHandler
                0x080024f4                EXTI0_IRQHandler
                0x080024f4                I2C2_EV_IRQHandler
                0x080024f4                ADC1_2_IRQHandler
                0x080024f4                SPI1_IRQHandler
                0x080024f4                TAMPER_IRQHandler
                0x080024f4                DMA1_Channel4_IRQHandler
                0x080024f4                USART3_IRQHandler
                0x080024f4                RTC_IRQHandler
                0x080024f4                DMA1_Channel7_IRQHandler
                0x080024f4                CAN1_RX1_IRQHandler
                0x080024f4                I2C1_EV_IRQHandler
                0x080024f4                DMA1_Channel6_IRQHandler
                0x080024f4                TIM3_IRQHandler
                0x080024f4                RCC_IRQHandler
                0x080024f4                TIM1_TRG_COM_IRQHandler
                0x080024f4                DMA1_Channel1_IRQHandler
                0x080024f4                Default_Handler
                0x080024f4                EXTI15_10_IRQHandler
                0x080024f4                EXTI9_5_IRQHandler
                0x080024f4                SPI2_IRQHandler
                0x080024f4                DMA1_Channel5_IRQHandler
                0x080024f4                EXTI4_IRQHandler
                0x080024f4                USB_HP_CAN1_TX_IRQHandler
                0x080024f4                DMA1_Channel3_IRQHandler
                0x080024f4                TIM1_UP_IRQHandler
                0x080024f4                WWDG_IRQHandler
                0x080024f4                TIM1_BRK_IRQHandler
                0x080024f4                EXTI1_IRQHandler
                0x080024f4                USART2_IRQHandler
                0x080024f4                I2C2_ER_IRQHandler
                0x080024f4                DMA1_Channel2_IRQHandler
                0x080024f4                CAN1_SCE_IRQHandler
                0x080024f4                FLASH_IRQHandler
                0x080024f4                I2C1_ER_IRQHandler
                0x080024f4                USBWakeUp_IRQHandler
 .text.VL53L0X_WaitDeviceBooted
                0x080024f6        0x6 ./Core/library/VL53L0X/core/src/vl53l0x_api.o
                0x080024f6                VL53L0X_WaitDeviceBooted
 .text.VL53L0X_SetDeviceMode
                0x080024fc       0x1c ./Core/library/VL53L0X/core/src/vl53l0x_api.o
                0x080024fc                VL53L0X_SetDeviceMode
 .text.VL53L0X_GetFractionEnable
                0x08002518       0x18 ./Core/library/VL53L0X/core/src/vl53l0x_api.o
                0x08002518                VL53L0X_GetFractionEnable
 .text.VL53L0X_SetMeasurementTimingBudgetMicroSeconds
                0x08002530        0x4 ./Core/library/VL53L0X/core/src/vl53l0x_api.o
                0x08002530                VL53L0X_SetMeasurementTimingBudgetMicroSeconds
 .text.VL53L0X_SetVcselPulsePeriod
                0x08002534        0x4 ./Core/library/VL53L0X/core/src/vl53l0x_api.o
                0x08002534                VL53L0X_SetVcselPulsePeriod
 .text.VL53L0X_GetVcselPulsePeriod
                0x08002538        0x4 ./Core/library/VL53L0X/core/src/vl53l0x_api.o
                0x08002538                VL53L0X_GetVcselPulsePeriod
 .text.VL53L0X_SetSequenceStepEnable
                0x0800253c       0xa4 ./Core/library/VL53L0X/core/src/vl53l0x_api.o
                0x0800253c                VL53L0X_SetSequenceStepEnable
 .text.VL53L0X_GetSequenceStepEnables
                0x080025e0       0x3a ./Core/library/VL53L0X/core/src/vl53l0x_api.o
                0x080025e0                VL53L0X_GetSequenceStepEnables
 .text.VL53L0X_GetInterMeasurementPeriodMilliSeconds
                0x0800261a       0x34 ./Core/library/VL53L0X/core/src/vl53l0x_api.o
                0x0800261a                VL53L0X_GetInterMeasurementPeriodMilliSeconds
 .text.VL53L0X_GetXTalkCompensationEnable
                0x0800264e        0x8 ./Core/library/VL53L0X/core/src/vl53l0x_api.o
                0x0800264e                VL53L0X_GetXTalkCompensationEnable
 .text.VL53L0X_GetXTalkCompensationRateMegaCps
                0x08002656       0x2e ./Core/library/VL53L0X/core/src/vl53l0x_api.o
                0x08002656                VL53L0X_GetXTalkCompensationRateMegaCps
 .text.VL53L0X_SetLimitCheckEnable
                0x08002684       0x7e ./Core/library/VL53L0X/core/src/vl53l0x_api.o
                0x08002684                VL53L0X_SetLimitCheckEnable
 .text.VL53L0X_GetLimitCheckEnable
                0x08002702       0x18 ./Core/library/VL53L0X/core/src/vl53l0x_api.o
                0x08002702                VL53L0X_GetLimitCheckEnable
 .text.VL53L0X_SetLimitCheckValue
                0x0800271a       0x5a ./Core/library/VL53L0X/core/src/vl53l0x_api.o
                0x0800271a                VL53L0X_SetLimitCheckValue
 .text.VL53L0X_GetLimitCheckValue
                0x08002774       0x66 ./Core/library/VL53L0X/core/src/vl53l0x_api.o
                0x08002774                VL53L0X_GetLimitCheckValue
 .text.VL53L0X_GetWrapAroundCheckEnable
                0x080027da       0x26 ./Core/library/VL53L0X/core/src/vl53l0x_api.o
                0x080027da                VL53L0X_GetWrapAroundCheckEnable
 .text.VL53L0X_GetDeviceParameters
                0x08002800       0x76 ./Core/library/VL53L0X/core/src/vl53l0x_api.o
                0x08002800                VL53L0X_GetDeviceParameters
 *fill*         0x08002876        0x2 
 .text.VL53L0X_DataInit
                0x08002878      0x170 ./Core/library/VL53L0X/core/src/vl53l0x_api.o
                0x08002878                VL53L0X_DataInit
 .text.VL53L0X_PerformRefCalibration
                0x080029e8        0x6 ./Core/library/VL53L0X/core/src/vl53l0x_api.o
                0x080029e8                VL53L0X_PerformRefCalibration
 .text.VL53L0X_GetRangingMeasurementData
                0x080029ee      0x112 ./Core/library/VL53L0X/core/src/vl53l0x_api.o
                0x080029ee                VL53L0X_GetRangingMeasurementData
 .text.VL53L0X_GetInterruptThresholds
                0x08002b00       0x40 ./Core/library/VL53L0X/core/src/vl53l0x_api.o
                0x08002b00                VL53L0X_GetInterruptThresholds
 .text.VL53L0X_CheckAndLoadInterruptSettings
                0x08002b40       0x84 ./Core/library/VL53L0X/core/src/vl53l0x_api.o
                0x08002b40                VL53L0X_CheckAndLoadInterruptSettings
 .text.VL53L0X_StartMeasurement
                0x08002bc4       0xd2 ./Core/library/VL53L0X/core/src/vl53l0x_api.o
                0x08002bc4                VL53L0X_StartMeasurement
 .text.VL53L0X_PerformSingleMeasurement
                0x08002c96       0x28 ./Core/library/VL53L0X/core/src/vl53l0x_api.o
                0x08002c96                VL53L0X_PerformSingleMeasurement
 .text.VL53L0X_ClearInterruptMask
                0x08002cbe       0x58 ./Core/library/VL53L0X/core/src/vl53l0x_api.o
                0x08002cbe                VL53L0X_ClearInterruptMask
 .text.VL53L0X_PerformSingleRangingMeasurement
                0x08002d16       0x28 ./Core/library/VL53L0X/core/src/vl53l0x_api.o
                0x08002d16                VL53L0X_PerformSingleRangingMeasurement
 .text.VL53L0X_SetGpioConfig.part.0
                0x08002d3e      0x116 ./Core/library/VL53L0X/core/src/vl53l0x_api.o
 .text.VL53L0X_StaticInit
                0x08002e54      0x1a8 ./Core/library/VL53L0X/core/src/vl53l0x_api.o
                0x08002e54                VL53L0X_StaticInit
 .text.VL53L0X_GetInterruptMaskStatus
                0x08002ffc       0x26 ./Core/library/VL53L0X/core/src/vl53l0x_api.o
                0x08002ffc                VL53L0X_GetInterruptMaskStatus
 .text.VL53L0X_GetMeasurementDataReady
                0x08003022       0x3c ./Core/library/VL53L0X/core/src/vl53l0x_api.o
                0x08003022                VL53L0X_GetMeasurementDataReady
 .text.VL53L0X_PerformRefSpadManagement
                0x0800305e        0x4 ./Core/library/VL53L0X/core/src/vl53l0x_api.o
                0x0800305e                VL53L0X_PerformRefSpadManagement
 .text.VL53L0X_get_offset_calibration_data_micro_meter
                0x08003062       0x2e ./Core/library/VL53L0X/core/src/vl53l0x_api_calibration.o
                0x08003062                VL53L0X_get_offset_calibration_data_micro_meter
 .text.get_next_good_spad
                0x08003090       0x4c ./Core/library/VL53L0X/core/src/vl53l0x_api_calibration.o
                0x08003090                get_next_good_spad
 .text.is_aperture
                0x080030dc       0x14 ./Core/library/VL53L0X/core/src/vl53l0x_api_calibration.o
                0x080030dc                is_aperture
 .text.enable_spad_bit
                0x080030f0       0x24 ./Core/library/VL53L0X/core/src/vl53l0x_api_calibration.o
                0x080030f0                enable_spad_bit
 .text.set_ref_spad_map
                0x08003114        0xa ./Core/library/VL53L0X/core/src/vl53l0x_api_calibration.o
                0x08003114                set_ref_spad_map
 .text.get_ref_spad_map
                0x0800311e        0xa ./Core/library/VL53L0X/core/src/vl53l0x_api_calibration.o
                0x0800311e                get_ref_spad_map
 .text.enable_ref_spads
                0x08003128       0x8c ./Core/library/VL53L0X/core/src/vl53l0x_api_calibration.o
                0x08003128                enable_ref_spads
 .text.perform_ref_signal_measurement
                0x080031b4       0x58 ./Core/library/VL53L0X/core/src/vl53l0x_api_calibration.o
                0x080031b4                perform_ref_signal_measurement
 .text.VL53L0X_set_reference_spads
                0x0800320c       0x98 ./Core/library/VL53L0X/core/src/vl53l0x_api_calibration.o
                0x0800320c                VL53L0X_set_reference_spads
 .text.VL53L0X_perform_single_ref_calibration
                0x080032a4       0x32 ./Core/library/VL53L0X/core/src/vl53l0x_api_calibration.o
                0x080032a4                VL53L0X_perform_single_ref_calibration
 .text.VL53L0X_ref_calibration_io
                0x080032d6       0xd6 ./Core/library/VL53L0X/core/src/vl53l0x_api_calibration.o
                0x080032d6                VL53L0X_ref_calibration_io
 .text.VL53L0X_perform_vhv_calibration
                0x080033ac       0x8c ./Core/library/VL53L0X/core/src/vl53l0x_api_calibration.o
                0x080033ac                VL53L0X_perform_vhv_calibration
 .text.VL53L0X_perform_phase_calibration
                0x08003438       0x86 ./Core/library/VL53L0X/core/src/vl53l0x_api_calibration.o
                0x08003438                VL53L0X_perform_phase_calibration
 .text.VL53L0X_perform_ref_calibration
                0x080034be       0x36 ./Core/library/VL53L0X/core/src/vl53l0x_api_calibration.o
                0x080034be                VL53L0X_perform_ref_calibration
 .text.VL53L0X_perform_ref_spad_management
                0x080034f4      0x24e ./Core/library/VL53L0X/core/src/vl53l0x_api_calibration.o
                0x080034f4                VL53L0X_perform_ref_spad_management
 .text.VL53L0X_measurement_poll_for_completion
                0x08003742       0x36 ./Core/library/VL53L0X/core/src/vl53l0x_api_core.o
                0x08003742                VL53L0X_measurement_poll_for_completion
 .text.VL53L0X_isqrt
                0x08003778       0x26 ./Core/library/VL53L0X/core/src/vl53l0x_api_core.o
                0x08003778                VL53L0X_isqrt
 .text.VL53L0X_device_read_strobe
                0x0800379e       0x48 ./Core/library/VL53L0X/core/src/vl53l0x_api_core.o
                0x0800379e                VL53L0X_device_read_strobe
 .text.VL53L0X_get_info_from_device
                0x080037e6      0x538 ./Core/library/VL53L0X/core/src/vl53l0x_api_core.o
                0x080037e6                VL53L0X_get_info_from_device
 .text.VL53L0X_encode_timeout
                0x08003d1e       0x1c ./Core/library/VL53L0X/core/src/vl53l0x_api_core.o
                0x08003d1e                VL53L0X_encode_timeout
 .text.VL53L0X_decode_timeout
                0x08003d3a        0xc ./Core/library/VL53L0X/core/src/vl53l0x_api_core.o
                0x08003d3a                VL53L0X_decode_timeout
 *fill*         0x08003d46        0x2 
 .text.VL53L0X_calc_timeout_mclks
                0x08003d48       0x28 ./Core/library/VL53L0X/core/src/vl53l0x_api_core.o
                0x08003d48                VL53L0X_calc_timeout_mclks
 .text.VL53L0X_calc_timeout_us
                0x08003d70       0x20 ./Core/library/VL53L0X/core/src/vl53l0x_api_core.o
                0x08003d70                VL53L0X_calc_timeout_us
 .text.get_sequence_step_timeout
                0x08003d90       0xfc ./Core/library/VL53L0X/core/src/vl53l0x_api_core.o
                0x08003d90                get_sequence_step_timeout
 .text.set_sequence_step_timeout
                0x08003e8c      0x10c ./Core/library/VL53L0X/core/src/vl53l0x_api_core.o
                0x08003e8c                set_sequence_step_timeout
 .text.VL53L0X_set_vcsel_pulse_period
                0x08003f98      0x20e ./Core/library/VL53L0X/core/src/vl53l0x_api_core.o
                0x08003f98                VL53L0X_set_vcsel_pulse_period
 .text.VL53L0X_get_vcsel_pulse_period
                0x080041a6       0x34 ./Core/library/VL53L0X/core/src/vl53l0x_api_core.o
                0x080041a6                VL53L0X_get_vcsel_pulse_period
 .text.VL53L0X_set_measurement_timing_budget_micro_seconds
                0x080041da       0xd0 ./Core/library/VL53L0X/core/src/vl53l0x_api_core.o
                0x080041da                VL53L0X_set_measurement_timing_budget_micro_seconds
 .text.VL53L0X_get_measurement_timing_budget_micro_seconds
                0x080042aa       0xca ./Core/library/VL53L0X/core/src/vl53l0x_api_core.o
                0x080042aa                VL53L0X_get_measurement_timing_budget_micro_seconds
 .text.VL53L0X_load_tuning_settings
                0x08004374       0xa8 ./Core/library/VL53L0X/core/src/vl53l0x_api_core.o
                0x08004374                VL53L0X_load_tuning_settings
 .text.VL53L0X_get_total_xtalk_rate
                0x0800441c       0x2c ./Core/library/VL53L0X/core/src/vl53l0x_api_core.o
                0x0800441c                VL53L0X_get_total_xtalk_rate
 .text.VL53L0X_get_total_signal_rate
                0x08004448       0x1c ./Core/library/VL53L0X/core/src/vl53l0x_api_core.o
                0x08004448                VL53L0X_get_total_signal_rate
 .text.VL53L0X_calc_dmax
                0x08004464       0xd8 ./Core/library/VL53L0X/core/src/vl53l0x_api_core.o
                0x08004464                VL53L0X_calc_dmax
 .text.VL53L0X_calc_sigma_estimate
                0x0800453c      0x218 ./Core/library/VL53L0X/core/src/vl53l0x_api_core.o
                0x0800453c                VL53L0X_calc_sigma_estimate
 .text.VL53L0X_get_pal_range_status
                0x08004754      0x1d0 ./Core/library/VL53L0X/core/src/vl53l0x_api_core.o
                0x08004754                VL53L0X_get_pal_range_status
 .text.lidar_init
                0x08004924       0xb4 ./Core/library/VL53L0X/lidarvl53.o
                0x08004924                lidar_init
 .text.lidar_lee_mm
                0x080049d8       0x2c ./Core/library/VL53L0X/lidarvl53.o
                0x080049d8                lidar_lee_mm
 .text._I2CWrite
                0x08004a04       0x1e ./Core/library/VL53L0X/platform/src/vl53l0x_platform.o
                0x08004a04                _I2CWrite
 .text._I2CRead
                0x08004a22       0x20 ./Core/library/VL53L0X/platform/src/vl53l0x_platform.o
                0x08004a22                _I2CRead
 *fill*         0x08004a42        0x2 
 .text.VL53L0X_WriteMulti
                0x08004a44       0x3c ./Core/library/VL53L0X/platform/src/vl53l0x_platform.o
                0x08004a44                VL53L0X_WriteMulti
 .text.VL53L0X_ReadMulti
                0x08004a80       0x30 ./Core/library/VL53L0X/platform/src/vl53l0x_platform.o
                0x08004a80                VL53L0X_ReadMulti
 .text.VL53L0X_WrByte
                0x08004ab0       0x20 ./Core/library/VL53L0X/platform/src/vl53l0x_platform.o
                0x08004ab0                VL53L0X_WrByte
 .text.VL53L0X_WrWord
                0x08004ad0       0x24 ./Core/library/VL53L0X/platform/src/vl53l0x_platform.o
                0x08004ad0                VL53L0X_WrWord
 .text.VL53L0X_RdByte
                0x08004af4       0x2e ./Core/library/VL53L0X/platform/src/vl53l0x_platform.o
                0x08004af4                VL53L0X_RdByte
 .text.VL53L0X_UpdateByte
                0x08004b22       0x2e ./Core/library/VL53L0X/platform/src/vl53l0x_platform.o
                0x08004b22                VL53L0X_UpdateByte
 .text.VL53L0X_RdWord
                0x08004b50       0x3c ./Core/library/VL53L0X/platform/src/vl53l0x_platform.o
                0x08004b50                VL53L0X_RdWord
 .text.VL53L0X_RdDWord
                0x08004b8c       0x3c ./Core/library/VL53L0X/platform/src/vl53l0x_platform.o
                0x08004b8c                VL53L0X_RdDWord
 .text.VL53L0X_PollingDelay
                0x08004bc8        0xc ./Core/library/VL53L0X/platform/src/vl53l0x_platform.o
                0x08004bc8                VL53L0X_PollingDelay
 .text.HAL_InitTick
                0x08004bd4       0x48 ./Drivers/STM32F1xx_HAL_Driver/Src/stm32f1xx_hal.o
                0x08004bd4                HAL_InitTick
 .text.HAL_Init
                0x08004c1c       0x24 ./Drivers/STM32F1xx_HAL_Driver/Src/stm32f1xx_hal.o
                0x08004c1c                HAL_Init
 .text.HAL_IncTick
                0x08004c40       0x18 ./Drivers/STM32F1xx_HAL_Driver/Src/stm32f1xx_hal.o
                0x08004c40                HAL_IncTick
 .text.HAL_GetTick
                0x08004c58        0xc ./Drivers/STM32F1xx_HAL_Driver/Src/stm32f1xx_hal.o
                0x08004c58                HAL_GetTick
 .text.HAL_Delay
                0x08004c64       0x24 ./Drivers/STM32F1xx_HAL_Driver/Src/stm32f1xx_hal.o
                0x08004c64                HAL_Delay
 .text.HAL_ADC_PollForConversion
                0x08004c88      0x148 ./Drivers/STM32F1xx_HAL_Driver/Src/stm32f1xx_hal_adc.o
                0x08004c88                HAL_ADC_PollForConversion
 .text.HAL_ADC_GetValue
                0x08004dd0        0x6 ./Drivers/STM32F1xx_HAL_Driver/Src/stm32f1xx_hal_adc.o
                0x08004dd0                HAL_ADC_GetValue
 *fill*         0x08004dd6        0x2 
 .text.HAL_ADC_ConfigChannel
                0x08004dd8       0xfc ./Drivers/STM32F1xx_HAL_Driver/Src/stm32f1xx_hal_adc.o
                0x08004dd8                HAL_ADC_ConfigChannel
 .text.ADC_Enable
                0x08004ed4       0x78 ./Drivers/STM32F1xx_HAL_Driver/Src/stm32f1xx_hal_adc.o
                0x08004ed4                ADC_Enable
 .text.HAL_ADC_Start
                0x08004f4c       0xc4 ./Drivers/STM32F1xx_HAL_Driver/Src/stm32f1xx_hal_adc.o
                0x08004f4c                HAL_ADC_Start
 .text.ADC_ConversionStop_Disable
                0x08005010       0x4c ./Drivers/STM32F1xx_HAL_Driver/Src/stm32f1xx_hal_adc.o
                0x08005010                ADC_ConversionStop_Disable
 .text.HAL_ADC_Init
                0x0800505c       0xfc ./Drivers/STM32F1xx_HAL_Driver/Src/stm32f1xx_hal_adc.o
                0x0800505c                HAL_ADC_Init
 .text.HAL_ADC_Stop
                0x08005158       0x34 ./Drivers/STM32F1xx_HAL_Driver/Src/stm32f1xx_hal_adc.o
                0x08005158                HAL_ADC_Stop
 .text.HAL_ADCEx_Calibration_Start
                0x0800518c       0xe0 ./Drivers/STM32F1xx_HAL_Driver/Src/stm32f1xx_hal_adc_ex.o
                0x0800518c                HAL_ADCEx_Calibration_Start
 .text.HAL_NVIC_SetPriorityGrouping
                0x0800526c       0x24 ./Drivers/STM32F1xx_HAL_Driver/Src/stm32f1xx_hal_cortex.o
                0x0800526c                HAL_NVIC_SetPriorityGrouping
 .text.HAL_NVIC_SetPriority
                0x08005290       0x60 ./Drivers/STM32F1xx_HAL_Driver/Src/stm32f1xx_hal_cortex.o
                0x08005290                HAL_NVIC_SetPriority
 .text.HAL_NVIC_EnableIRQ
                0x080052f0       0x1c ./Drivers/STM32F1xx_HAL_Driver/Src/stm32f1xx_hal_cortex.o
                0x080052f0                HAL_NVIC_EnableIRQ
 .text.HAL_SYSTICK_Config
                0x0800530c       0x28 ./Drivers/STM32F1xx_HAL_Driver/Src/stm32f1xx_hal_cortex.o
                0x0800530c                HAL_SYSTICK_Config
 .text.HAL_DMA_Abort
                0x08005334       0x3e ./Drivers/STM32F1xx_HAL_Driver/Src/stm32f1xx_hal_dma.o
                0x08005334                HAL_DMA_Abort
 *fill*         0x08005372        0x2 
 .text.HAL_DMA_Abort_IT
                0x08005374       0x8c ./Drivers/STM32F1xx_HAL_Driver/Src/stm32f1xx_hal_dma.o
                0x08005374                HAL_DMA_Abort_IT
 .text.HAL_GPIO_Init
                0x08005400      0x1a8 ./Drivers/STM32F1xx_HAL_Driver/Src/stm32f1xx_hal_gpio.o
                0x08005400                HAL_GPIO_Init
 .text.HAL_GPIO_WritePin
                0x080055a8        0xa ./Drivers/STM32F1xx_HAL_Driver/Src/stm32f1xx_hal_gpio.o
                0x080055a8                HAL_GPIO_WritePin
 .text.I2C_IsAcknowledgeFailed
                0x080055b2       0x32 ./Drivers/STM32F1xx_HAL_Driver/Src/stm32f1xx_hal_i2c.o
 .text.I2C_WaitOnFlagUntilTimeout
                0x080055e4       0x80 ./Drivers/STM32F1xx_HAL_Driver/Src/stm32f1xx_hal_i2c.o
 .text.I2C_WaitOnMasterAddressFlagUntilTimeout
                0x08005664       0x84 ./Drivers/STM32F1xx_HAL_Driver/Src/stm32f1xx_hal_i2c.o
 .text.I2C_WaitOnTXEFlagUntilTimeout
                0x080056e8       0x54 ./Drivers/STM32F1xx_HAL_Driver/Src/stm32f1xx_hal_i2c.o
 .text.I2C_RequestMemoryRead
                0x0800573c      0x108 ./Drivers/STM32F1xx_HAL_Driver/Src/stm32f1xx_hal_i2c.o
 .text.I2C_WaitOnBTFFlagUntilTimeout
                0x08005844       0x54 ./Drivers/STM32F1xx_HAL_Driver/Src/stm32f1xx_hal_i2c.o
 .text.I2C_WaitOnRXNEFlagUntilTimeout
                0x08005898       0x66 ./Drivers/STM32F1xx_HAL_Driver/Src/stm32f1xx_hal_i2c.o
 *fill*         0x080058fe        0x2 
 .text.HAL_I2C_Init
                0x08005900      0x150 ./Drivers/STM32F1xx_HAL_Driver/Src/stm32f1xx_hal_i2c.o
                0x08005900                HAL_I2C_Init
 .text.HAL_I2C_Master_Transmit
                0x08005a50      0x1b4 ./Drivers/STM32F1xx_HAL_Driver/Src/stm32f1xx_hal_i2c.o
                0x08005a50                HAL_I2C_Master_Transmit
 .text.HAL_I2C_Master_Receive
                0x08005c04      0x358 ./Drivers/STM32F1xx_HAL_Driver/Src/stm32f1xx_hal_i2c.o
                0x08005c04                HAL_I2C_Master_Receive
 .text.HAL_I2C_Mem_Read
                0x08005f5c      0x288 ./Drivers/STM32F1xx_HAL_Driver/Src/stm32f1xx_hal_i2c.o
                0x08005f5c                HAL_I2C_Mem_Read
 .text.HAL_I2C_IsDeviceReady
                0x080061e4      0x168 ./Drivers/STM32F1xx_HAL_Driver/Src/stm32f1xx_hal_i2c.o
                0x080061e4                HAL_I2C_IsDeviceReady
 .text.HAL_PCD_Init
                0x0800634c       0xc6 ./Drivers/STM32F1xx_HAL_Driver/Src/stm32f1xx_hal_pcd.o
                0x0800634c                HAL_PCD_Init
 .text.HAL_PCD_Start
                0x08006412       0x32 ./Drivers/STM32F1xx_HAL_Driver/Src/stm32f1xx_hal_pcd.o
                0x08006412                HAL_PCD_Start
 .text.HAL_PCD_SetAddress
                0x08006444       0x26 ./Drivers/STM32F1xx_HAL_Driver/Src/stm32f1xx_hal_pcd.o
                0x08006444                HAL_PCD_SetAddress
 *fill*         0x0800646a        0x2 
 .text.HAL_PCD_IRQHandler
                0x0800646c      0xa08 ./Drivers/STM32F1xx_HAL_Driver/Src/stm32f1xx_hal_pcd.o
                0x0800646c                HAL_PCD_IRQHandler
 .text.HAL_PCD_EP_Open
                0x08006e74       0x60 ./Drivers/STM32F1xx_HAL_Driver/Src/stm32f1xx_hal_pcd.o
                0x08006e74                HAL_PCD_EP_Open
 .text.HAL_PCD_EP_Close
                0x08006ed4       0x50 ./Drivers/STM32F1xx_HAL_Driver/Src/stm32f1xx_hal_pcd.o
                0x08006ed4                HAL_PCD_EP_Close
 .text.HAL_PCD_EP_Receive
                0x08006f24       0x2e ./Drivers/STM32F1xx_HAL_Driver/Src/stm32f1xx_hal_pcd.o
                0x08006f24                HAL_PCD_EP_Receive
 .text.HAL_PCD_EP_GetRxCount
                0x08006f52       0x10 ./Drivers/STM32F1xx_HAL_Driver/Src/stm32f1xx_hal_pcd.o
                0x08006f52                HAL_PCD_EP_GetRxCount
 .text.HAL_PCD_EP_Transmit
                0x08006f62       0x30 ./Drivers/STM32F1xx_HAL_Driver/Src/stm32f1xx_hal_pcd.o
                0x08006f62                HAL_PCD_EP_Transmit
 .text.HAL_PCD_EP_SetStall
                0x08006f92       0x6c ./Drivers/STM32F1xx_HAL_Driver/Src/stm32f1xx_hal_pcd.o
                0x08006f92                HAL_PCD_EP_SetStall
 .text.HAL_PCD_EP_ClrStall
                0x08006ffe       0x64 ./Drivers/STM32F1xx_HAL_Driver/Src/stm32f1xx_hal_pcd.o
                0x08006ffe                HAL_PCD_EP_ClrStall
 .text.HAL_PCDEx_PMAConfig
                0x08007062       0x32 ./Drivers/STM32F1xx_HAL_Driver/Src/stm32f1xx_hal_pcd_ex.o
                0x08007062                HAL_PCDEx_PMAConfig
 .text.HAL_RCC_OscConfig
                0x08007094      0x338 ./Drivers/STM32F1xx_HAL_Driver/Src/stm32f1xx_hal_rcc.o
                0x08007094                HAL_RCC_OscConfig
 .text.HAL_RCC_GetSysClockFreq
                0x080073cc       0x4c ./Drivers/STM32F1xx_HAL_Driver/Src/stm32f1xx_hal_rcc.o
                0x080073cc                HAL_RCC_GetSysClockFreq
 .text.HAL_RCC_ClockConfig
                0x08007418      0x138 ./Drivers/STM32F1xx_HAL_Driver/Src/stm32f1xx_hal_rcc.o
                0x08007418                HAL_RCC_ClockConfig
 .text.HAL_RCC_GetPCLK1Freq
                0x08007550       0x20 ./Drivers/STM32F1xx_HAL_Driver/Src/stm32f1xx_hal_rcc.o
                0x08007550                HAL_RCC_GetPCLK1Freq
 .text.HAL_RCC_GetPCLK2Freq
                0x08007570       0x20 ./Drivers/STM32F1xx_HAL_Driver/Src/stm32f1xx_hal_rcc.o
                0x08007570                HAL_RCC_GetPCLK2Freq
 .text.HAL_RCCEx_PeriphCLKConfig
                0x08007590       0xf4 ./Drivers/STM32F1xx_HAL_Driver/Src/stm32f1xx_hal_rcc_ex.o
                0x08007590                HAL_RCCEx_PeriphCLKConfig
 .text.HAL_RCCEx_GetPeriphCLKFreq
                0x08007684       0xbc ./Drivers/STM32F1xx_HAL_Driver/Src/stm32f1xx_hal_rcc_ex.o
                0x08007684                HAL_RCCEx_GetPeriphCLKFreq
 .text.HAL_TIM_Base_Start_IT
                0x08007740       0x54 ./Drivers/STM32F1xx_HAL_Driver/Src/stm32f1xx_hal_tim.o
                0x08007740                HAL_TIM_Base_Start_IT
 .text.HAL_TIM_IC_MspInit
                0x08007794        0x2 ./Drivers/STM32F1xx_HAL_Driver/Src/stm32f1xx_hal_tim.o
                0x08007794                HAL_TIM_IC_MspInit
 .text.HAL_TIM_ReadCapturedValue
                0x08007796       0x2c ./Drivers/STM32F1xx_HAL_Driver/Src/stm32f1xx_hal_tim.o
                0x08007796                HAL_TIM_ReadCapturedValue
 .text.HAL_TIM_OC_DelayElapsedCallback
                0x080077c2        0x2 ./Drivers/STM32F1xx_HAL_Driver/Src/stm32f1xx_hal_tim.o
                0x080077c2                HAL_TIM_OC_DelayElapsedCallback
 .text.HAL_TIM_PWM_PulseFinishedCallback
                0x080077c4        0x2 ./Drivers/STM32F1xx_HAL_Driver/Src/stm32f1xx_hal_tim.o
                0x080077c4                HAL_TIM_PWM_PulseFinishedCallback
 .text.HAL_TIM_TriggerCallback
                0x080077c6        0x2 ./Drivers/STM32F1xx_HAL_Driver/Src/stm32f1xx_hal_tim.o
                0x080077c6                HAL_TIM_TriggerCallback
 .text.HAL_TIM_IRQHandler
                0x080077c8      0x128 ./Drivers/STM32F1xx_HAL_Driver/Src/stm32f1xx_hal_tim.o
                0x080077c8                HAL_TIM_IRQHandler
 .text.TIM_Base_SetConfig
                0x080078f0       0x64 ./Drivers/STM32F1xx_HAL_Driver/Src/stm32f1xx_hal_tim.o
                0x080078f0                TIM_Base_SetConfig
 .text.HAL_TIM_Base_Init
                0x08007954       0x58 ./Drivers/STM32F1xx_HAL_Driver/Src/stm32f1xx_hal_tim.o
                0x08007954                HAL_TIM_Base_Init
 .text.HAL_TIM_IC_Init
                0x080079ac       0x58 ./Drivers/STM32F1xx_HAL_Driver/Src/stm32f1xx_hal_tim.o
                0x080079ac                HAL_TIM_IC_Init
 .text.TIM_TI1_SetConfig
                0x08007a04       0x50 ./Drivers/STM32F1xx_HAL_Driver/Src/stm32f1xx_hal_tim.o
                0x08007a04                TIM_TI1_SetConfig
 .text.HAL_TIM_IC_ConfigChannel
                0x08007a54      0x116 ./Drivers/STM32F1xx_HAL_Driver/Src/stm32f1xx_hal_tim.o
                0x08007a54                HAL_TIM_IC_ConfigChannel
 .text.TIM_ETR_SetConfig
                0x08007b6a       0x14 ./Drivers/STM32F1xx_HAL_Driver/Src/stm32f1xx_hal_tim.o
                0x08007b6a                TIM_ETR_SetConfig
 .text.HAL_TIM_ConfigClockSource
                0x08007b7e      0x132 ./Drivers/STM32F1xx_HAL_Driver/Src/stm32f1xx_hal_tim.o
                0x08007b7e                HAL_TIM_ConfigClockSource
 .text.TIM_CCxChannelCmd
                0x08007cb0       0x1c ./Drivers/STM32F1xx_HAL_Driver/Src/stm32f1xx_hal_tim.o
                0x08007cb0                TIM_CCxChannelCmd
 .text.HAL_TIM_IC_Start_IT
                0x08007ccc       0xe4 ./Drivers/STM32F1xx_HAL_Driver/Src/stm32f1xx_hal_tim.o
                0x08007ccc                HAL_TIM_IC_Start_IT
 .text.HAL_TIMEx_MasterConfigSynchronization
                0x08007db0       0x5c ./Drivers/STM32F1xx_HAL_Driver/Src/stm32f1xx_hal_tim_ex.o
                0x08007db0                HAL_TIMEx_MasterConfigSynchronization
 .text.HAL_TIMEx_CommutCallback
                0x08007e0c        0x2 ./Drivers/STM32F1xx_HAL_Driver/Src/stm32f1xx_hal_tim_ex.o
                0x08007e0c                HAL_TIMEx_CommutCallback
 .text.HAL_TIMEx_BreakCallback
                0x08007e0e        0x2 ./Drivers/STM32F1xx_HAL_Driver/Src/stm32f1xx_hal_tim_ex.o
                0x08007e0e                HAL_TIMEx_BreakCallback
 .text.UART_EndRxTransfer
                0x08007e10       0x5c ./Drivers/STM32F1xx_HAL_Driver/Src/stm32f1xx_hal_uart.o
 .text.UART_SetConfig
                0x08007e6c       0x74 ./Drivers/STM32F1xx_HAL_Driver/Src/stm32f1xx_hal_uart.o
 .text.UART_WaitOnFlagUntilTimeout.constprop.0
                0x08007ee0       0x64 ./Drivers/STM32F1xx_HAL_Driver/Src/stm32f1xx_hal_uart.o
 .text.HAL_UART_Init
                0x08007f44       0x5e ./Drivers/STM32F1xx_HAL_Driver/Src/stm32f1xx_hal_uart.o
                0x08007f44                HAL_UART_Init
 .text.HAL_UART_Transmit
                0x08007fa2       0x9c ./Drivers/STM32F1xx_HAL_Driver/Src/stm32f1xx_hal_uart.o
                0x08007fa2                HAL_UART_Transmit
 .text.HAL_UART_TxCpltCallback
                0x0800803e        0x2 ./Drivers/STM32F1xx_HAL_Driver/Src/stm32f1xx_hal_uart.o
                0x0800803e                HAL_UART_TxCpltCallback
 .text.HAL_UART_ErrorCallback
                0x08008040        0x2 ./Drivers/STM32F1xx_HAL_Driver/Src/stm32f1xx_hal_uart.o
                0x08008040                HAL_UART_ErrorCallback
 .text.UART_DMAAbortOnError
                0x08008042       0x10 ./Drivers/STM32F1xx_HAL_Driver/Src/stm32f1xx_hal_uart.o
 .text.HAL_UARTEx_RxEventCallback
                0x08008052        0x2 ./Drivers/STM32F1xx_HAL_Driver/Src/stm32f1xx_hal_uart.o
                0x08008052                HAL_UARTEx_RxEventCallback
 .text.UART_Receive_IT.isra.0
                0x08008054       0xb6 ./Drivers/STM32F1xx_HAL_Driver/Src/stm32f1xx_hal_uart.o
 *fill*         0x0800810a        0x2 
 .text.HAL_UART_IRQHandler
                0x0800810c      0x294 ./Drivers/STM32F1xx_HAL_Driver/Src/stm32f1xx_hal_uart.o
                0x0800810c                HAL_UART_IRQHandler
 .text.UART_Start_Receive_IT
                0x080083a0       0x32 ./Drivers/STM32F1xx_HAL_Driver/Src/stm32f1xx_hal_uart.o
                0x080083a0                UART_Start_Receive_IT
 .text.HAL_UART_Receive_IT
                0x080083d2       0x22 ./Drivers/STM32F1xx_HAL_Driver/Src/stm32f1xx_hal_uart.o
                0x080083d2                HAL_UART_Receive_IT
 .text.USB_CoreInit
                0x080083f4        0xe ./Drivers/STM32F1xx_HAL_Driver/Src/stm32f1xx_ll_usb.o
                0x080083f4                USB_CoreInit
 .text.USB_EnableGlobalInt
                0x08008402       0x12 ./Drivers/STM32F1xx_HAL_Driver/Src/stm32f1xx_ll_usb.o
                0x08008402                USB_EnableGlobalInt
 .text.USB_DisableGlobalInt
                0x08008414       0x14 ./Drivers/STM32F1xx_HAL_Driver/Src/stm32f1xx_ll_usb.o
                0x08008414                USB_DisableGlobalInt
 .text.USB_SetCurrentMode
                0x08008428        0x4 ./Drivers/STM32F1xx_HAL_Driver/Src/stm32f1xx_ll_usb.o
                0x08008428                USB_SetCurrentMode
 .text.USB_DevInit
                0x0800842c       0x22 ./Drivers/STM32F1xx_HAL_Driver/Src/stm32f1xx_ll_usb.o
                0x0800842c                USB_DevInit
 *fill*         0x0800844e        0x2 
 .text.USB_ActivateEndpoint
                0x08008450      0x2c0 ./Drivers/STM32F1xx_HAL_Driver/Src/stm32f1xx_ll_usb.o
                0x08008450                USB_ActivateEndpoint
 .text.USB_DeactivateEndpoint
                0x08008710      0x1a6 ./Drivers/STM32F1xx_HAL_Driver/Src/stm32f1xx_ll_usb.o
                0x08008710                USB_DeactivateEndpoint
 .text.USB_EPSetStall
                0x080088b6       0x40 ./Drivers/STM32F1xx_HAL_Driver/Src/stm32f1xx_ll_usb.o
                0x080088b6                USB_EPSetStall
 .text.USB_EPClearStall
                0x080088f6       0x92 ./Drivers/STM32F1xx_HAL_Driver/Src/stm32f1xx_ll_usb.o
                0x080088f6                USB_EPClearStall
 .text.USB_SetDevAddress
                0x08008988        0xc ./Drivers/STM32F1xx_HAL_Driver/Src/stm32f1xx_ll_usb.o
                0x08008988                USB_SetDevAddress
 .text.USB_DevConnect
                0x08008994        0x4 ./Drivers/STM32F1xx_HAL_Driver/Src/stm32f1xx_ll_usb.o
                0x08008994                USB_DevConnect
 .text.USB_DevDisconnect
                0x08008998        0x4 ./Drivers/STM32F1xx_HAL_Driver/Src/stm32f1xx_ll_usb.o
                0x08008998                USB_DevDisconnect
 .text.USB_ReadInterrupts
                0x0800899c        0x8 ./Drivers/STM32F1xx_HAL_Driver/Src/stm32f1xx_ll_usb.o
                0x0800899c                USB_ReadInterrupts
 .text.USB_EP0_OutStart
                0x080089a4        0x4 ./Drivers/STM32F1xx_HAL_Driver/Src/stm32f1xx_ll_usb.o
                0x080089a4                USB_EP0_OutStart
 .text.USB_WritePMA
                0x080089a8       0x20 ./Drivers/STM32F1xx_HAL_Driver/Src/stm32f1xx_ll_usb.o
                0x080089a8                USB_WritePMA
 .text.USB_EPStartXfer
                0x080089c8      0x46a ./Drivers/STM32F1xx_HAL_Driver/Src/stm32f1xx_ll_usb.o
                0x080089c8                USB_EPStartXfer
 .text.USB_ReadPMA
                0x08008e32       0x38 ./Drivers/STM32F1xx_HAL_Driver/Src/stm32f1xx_ll_usb.o
                0x08008e32                USB_ReadPMA
 .text.USBD_CDC_EP0_RxReady
                0x08008e6a       0x28 ./Middlewares/ST/STM32_USB_Device_Library/Class/CDC/Src/usbd_cdc.o
 *fill*         0x08008e92        0x2 
 .text.USBD_CDC_GetFSCfgDesc
                0x08008e94        0xc ./Middlewares/ST/STM32_USB_Device_Library/Class/CDC/Src/usbd_cdc.o
 .text.USBD_CDC_GetHSCfgDesc
                0x08008ea0        0xc ./Middlewares/ST/STM32_USB_Device_Library/Class/CDC/Src/usbd_cdc.o
 .text.USBD_CDC_GetOtherSpeedCfgDesc
                0x08008eac        0xc ./Middlewares/ST/STM32_USB_Device_Library/Class/CDC/Src/usbd_cdc.o
 .text.USBD_CDC_GetDeviceQualifierDescriptor
                0x08008eb8        0xc ./Middlewares/ST/STM32_USB_Device_Library/Class/CDC/Src/usbd_cdc.o
                0x08008eb8                USBD_CDC_GetDeviceQualifierDescriptor
 .text.USBD_CDC_DataOut
                0x08008ec4       0x2e ./Middlewares/ST/STM32_USB_Device_Library/Class/CDC/Src/usbd_cdc.o
 .text.USBD_CDC_DataIn
                0x08008ef2       0x40 ./Middlewares/ST/STM32_USB_Device_Library/Class/CDC/Src/usbd_cdc.o
 .text.USBD_CDC_Setup
                0x08008f32       0xa2 ./Middlewares/ST/STM32_USB_Device_Library/Class/CDC/Src/usbd_cdc.o
 .text.USBD_CDC_DeInit
                0x08008fd4       0x42 ./Middlewares/ST/STM32_USB_Device_Library/Class/CDC/Src/usbd_cdc.o
 .text.USBD_CDC_Init
                0x08009016       0x8c ./Middlewares/ST/STM32_USB_Device_Library/Class/CDC/Src/usbd_cdc.o
 .text.USBD_CDC_RegisterInterface
                0x080090a2        0xe ./Middlewares/ST/STM32_USB_Device_Library/Class/CDC/Src/usbd_cdc.o
                0x080090a2                USBD_CDC_RegisterInterface
 .text.USBD_CDC_SetTxBuffer
                0x080090b0       0x10 ./Middlewares/ST/STM32_USB_Device_Library/Class/CDC/Src/usbd_cdc.o
                0x080090b0                USBD_CDC_SetTxBuffer
 .text.USBD_CDC_SetRxBuffer
                0x080090c0        0xc ./Middlewares/ST/STM32_USB_Device_Library/Class/CDC/Src/usbd_cdc.o
                0x080090c0                USBD_CDC_SetRxBuffer
 .text.USBD_CDC_TransmitPacket
                0x080090cc       0x32 ./Middlewares/ST/STM32_USB_Device_Library/Class/CDC/Src/usbd_cdc.o
                0x080090cc                USBD_CDC_TransmitPacket
 .text.USBD_CDC_ReceivePacket
                0x080090fe       0x26 ./Middlewares/ST/STM32_USB_Device_Library/Class/CDC/Src/usbd_cdc.o
                0x080090fe                USBD_CDC_ReceivePacket
 .text.USBD_Init
                0x08009124       0x2a ./Middlewares/ST/STM32_USB_Device_Library/Core/Src/usbd_core.o
                0x08009124                USBD_Init
 .text.USBD_RegisterClass
                0x0800914e        0xe ./Middlewares/ST/STM32_USB_Device_Library/Core/Src/usbd_core.o
                0x0800914e                USBD_RegisterClass
 .text.USBD_Start
                0x0800915c        0xa ./Middlewares/ST/STM32_USB_Device_Library/Core/Src/usbd_core.o
                0x0800915c                USBD_Start
 .text.USBD_SetClassConfig
                0x08009166       0x1a ./Middlewares/ST/STM32_USB_Device_Library/Core/Src/usbd_core.o
                0x08009166                USBD_SetClassConfig
 .text.USBD_ClrClassConfig
                0x08009180        0xe ./Middlewares/ST/STM32_USB_Device_Library/Core/Src/usbd_core.o
                0x08009180                USBD_ClrClassConfig
 .text.USBD_LL_SetupStage
                0x0800918e       0x5a ./Middlewares/ST/STM32_USB_Device_Library/Core/Src/usbd_core.o
                0x0800918e                USBD_LL_SetupStage
 .text.USBD_LL_DataOutStage
                0x080091e8       0x70 ./Middlewares/ST/STM32_USB_Device_Library/Core/Src/usbd_core.o
                0x080091e8                USBD_LL_DataOutStage
 .text.USBD_LL_DataInStage
                0x08009258       0xb8 ./Middlewares/ST/STM32_USB_Device_Library/Core/Src/usbd_core.o
                0x08009258                USBD_LL_DataInStage
 .text.USBD_LL_Reset
                0x08009310       0x4e ./Middlewares/ST/STM32_USB_Device_Library/Core/Src/usbd_core.o
                0x08009310                USBD_LL_Reset
 .text.USBD_LL_SetSpeed
                0x0800935e        0x6 ./Middlewares/ST/STM32_USB_Device_Library/Core/Src/usbd_core.o
                0x0800935e                USBD_LL_SetSpeed
 .text.USBD_LL_Suspend
                0x08009364       0x12 ./Middlewares/ST/STM32_USB_Device_Library/Core/Src/usbd_core.o
                0x08009364                USBD_LL_Suspend
 .text.USBD_LL_Resume
                0x08009376       0x14 ./Middlewares/ST/STM32_USB_Device_Library/Core/Src/usbd_core.o
                0x08009376                USBD_LL_Resume
 .text.USBD_LL_SOF
                0x0800938a       0x18 ./Middlewares/ST/STM32_USB_Device_Library/Core/Src/usbd_core.o
                0x0800938a                USBD_LL_SOF
 .text.USBD_CtlError.constprop.0
                0x080093a2       0x16 ./Middlewares/ST/STM32_USB_Device_Library/Core/Src/usbd_ctlreq.o
 .text.USBD_StdDevReq
                0x080093b8      0x290 ./Middlewares/ST/STM32_USB_Device_Library/Core/Src/usbd_ctlreq.o
                0x080093b8                USBD_StdDevReq
 .text.USBD_StdItfReq
                0x08009648       0x48 ./Middlewares/ST/STM32_USB_Device_Library/Core/Src/usbd_ctlreq.o
                0x08009648                USBD_StdItfReq
 .text.USBD_StdEPReq
                0x08009690      0x118 ./Middlewares/ST/STM32_USB_Device_Library/Core/Src/usbd_ctlreq.o
                0x08009690                USBD_StdEPReq
 .text.USBD_ParseSetupRequest
                0x080097a8       0x16 ./Middlewares/ST/STM32_USB_Device_Library/Core/Src/usbd_ctlreq.o
                0x080097a8                USBD_ParseSetupRequest
 .text.USBD_CtlError
                0x080097be       0x16 ./Middlewares/ST/STM32_USB_Device_Library/Core/Src/usbd_ctlreq.o
                0x080097be                USBD_CtlError
 .text.USBD_GetString
                0x080097d4       0x38 ./Middlewares/ST/STM32_USB_Device_Library/Core/Src/usbd_ctlreq.o
                0x080097d4                USBD_GetString
 .text.USBD_CtlSendData
                0x0800980c       0x1a ./Middlewares/ST/STM32_USB_Device_Library/Core/Src/usbd_ioreq.o
                0x0800980c                USBD_CtlSendData
 .text.USBD_CtlContinueSendData
                0x08009826       0x10 ./Middlewares/ST/STM32_USB_Device_Library/Core/Src/usbd_ioreq.o
                0x08009826                USBD_CtlContinueSendData
 .text.USBD_CtlPrepareRx
                0x08009836       0x1a ./Middlewares/ST/STM32_USB_Device_Library/Core/Src/usbd_ioreq.o
                0x08009836                USBD_CtlPrepareRx
 .text.USBD_CtlContinueRx
                0x08009850       0x10 ./Middlewares/ST/STM32_USB_Device_Library/Core/Src/usbd_ioreq.o
                0x08009850                USBD_CtlContinueRx
 .text.USBD_CtlSendStatus
                0x08009860       0x16 ./Middlewares/ST/STM32_USB_Device_Library/Core/Src/usbd_ioreq.o
                0x08009860                USBD_CtlSendStatus
 .text.USBD_CtlReceiveStatus
                0x08009876       0x16 ./Middlewares/ST/STM32_USB_Device_Library/Core/Src/usbd_ioreq.o
                0x08009876                USBD_CtlReceiveStatus
 .text.MX_USB_DEVICE_Init
                0x0800988c       0x50 ./USB_DEVICE/App/usb_device.o
                0x0800988c                MX_USB_DEVICE_Init
 .text.CDC_DeInit_FS
                0x080098dc        0x4 ./USB_DEVICE/App/usbd_cdc_if.o
 .text.CDC_Control_FS
                0x080098e0        0x4 ./USB_DEVICE/App/usbd_cdc_if.o
 .text.CDC_Init_FS
                0x080098e4       0x28 ./USB_DEVICE/App/usbd_cdc_if.o
 .text.CDC_Transmit_FS
                0x0800990c       0x2c ./USB_DEVICE/App/usbd_cdc_if.o
                0x0800990c                CDC_Transmit_FS
 .text.CDC_Receive_FS
                0x08009938       0x34 ./USB_DEVICE/App/usbd_cdc_if.o
 .text.USBD_FS_DeviceDescriptor
                0x0800996c        0xc ./USB_DEVICE/App/usbd_desc.o
                0x0800996c                USBD_FS_DeviceDescriptor
 .text.USBD_FS_LangIDStrDescriptor
                0x08009978        0xc ./USB_DEVICE/App/usbd_desc.o
                0x08009978                USBD_FS_LangIDStrDescriptor
 .text.IntToUnicode
                0x08009984       0x2a ./USB_DEVICE/App/usbd_desc.o
 *fill*         0x080099ae        0x2 
 .text.USBD_FS_SerialStrDescriptor
                0x080099b0       0x3c ./USB_DEVICE/App/usbd_desc.o
                0x080099b0                USBD_FS_SerialStrDescriptor
 .text.USBD_FS_ManufacturerStrDescriptor
                0x080099ec       0x1c ./USB_DEVICE/App/usbd_desc.o
                0x080099ec                USBD_FS_ManufacturerStrDescriptor
 .text.USBD_FS_ProductStrDescriptor
                0x08009a08       0x1c ./USB_DEVICE/App/usbd_desc.o
                0x08009a08                USBD_FS_ProductStrDescriptor
 .text.USBD_FS_ConfigStrDescriptor
                0x08009a24       0x1c ./USB_DEVICE/App/usbd_desc.o
                0x08009a24                USBD_FS_ConfigStrDescriptor
 .text.USBD_FS_InterfaceStrDescriptor
                0x08009a40       0x1c ./USB_DEVICE/App/usbd_desc.o
                0x08009a40                USBD_FS_InterfaceStrDescriptor
 .text.USBD_Get_USB_Status
                0x08009a5c        0xc ./USB_DEVICE/Target/usbd_conf.o
 .text.HAL_PCD_MspInit
                0x08009a68       0x40 ./USB_DEVICE/Target/usbd_conf.o
                0x08009a68                HAL_PCD_MspInit
 .text.HAL_PCD_SetupStageCallback
                0x08009aa8        0xc ./USB_DEVICE/Target/usbd_conf.o
                0x08009aa8                HAL_PCD_SetupStageCallback
 .text.HAL_PCD_DataOutStageCallback
                0x08009ab4       0x12 ./USB_DEVICE/Target/usbd_conf.o
                0x08009ab4                HAL_PCD_DataOutStageCallback
 .text.HAL_PCD_DataInStageCallback
                0x08009ac6       0x10 ./USB_DEVICE/Target/usbd_conf.o
                0x08009ac6                HAL_PCD_DataInStageCallback
 .text.HAL_PCD_SOFCallback
                0x08009ad6        0x8 ./USB_DEVICE/Target/usbd_conf.o
                0x08009ad6                HAL_PCD_SOFCallback
 .text.HAL_PCD_ResetCallback
                0x08009ade       0x24 ./USB_DEVICE/Target/usbd_conf.o
                0x08009ade                HAL_PCD_ResetCallback
 *fill*         0x08009b02        0x2 
 .text.HAL_PCD_SuspendCallback
                0x08009b04       0x20 ./USB_DEVICE/Target/usbd_conf.o
                0x08009b04                HAL_PCD_SuspendCallback
 .text.HAL_PCD_ResumeCallback
                0x08009b24        0x8 ./USB_DEVICE/Target/usbd_conf.o
                0x08009b24                HAL_PCD_ResumeCallback
 .text.USBD_LL_Init
                0x08009b2c       0x80 ./USB_DEVICE/Target/usbd_conf.o
                0x08009b2c                USBD_LL_Init
 .text.USBD_LL_Start
                0x08009bac       0x12 ./USB_DEVICE/Target/usbd_conf.o
                0x08009bac                USBD_LL_Start
 .text.USBD_LL_OpenEP
                0x08009bbe       0x18 ./USB_DEVICE/Target/usbd_conf.o
                0x08009bbe                USBD_LL_OpenEP
 .text.USBD_LL_CloseEP
                0x08009bd6       0x12 ./USB_DEVICE/Target/usbd_conf.o
                0x08009bd6                USBD_LL_CloseEP
 .text.USBD_LL_StallEP
                0x08009be8       0x12 ./USB_DEVICE/Target/usbd_conf.o
                0x08009be8                USBD_LL_StallEP
 .text.USBD_LL_ClearStallEP
                0x08009bfa       0x12 ./USB_DEVICE/Target/usbd_conf.o
                0x08009bfa                USBD_LL_ClearStallEP
 .text.USBD_LL_IsStallEP
                0x08009c0c       0x22 ./USB_DEVICE/Target/usbd_conf.o
                0x08009c0c                USBD_LL_IsStallEP
 .text.USBD_LL_SetUSBAddress
                0x08009c2e       0x12 ./USB_DEVICE/Target/usbd_conf.o
                0x08009c2e                USBD_LL_SetUSBAddress
 .text.USBD_LL_Transmit
                0x08009c40       0x12 ./USB_DEVICE/Target/usbd_conf.o
                0x08009c40                USBD_LL_Transmit
 .text.USBD_LL_PrepareReceive
                0x08009c52       0x12 ./USB_DEVICE/Target/usbd_conf.o
                0x08009c52                USBD_LL_PrepareReceive
 .text.USBD_LL_GetRxDataSize
                0x08009c64        0x8 ./USB_DEVICE/Target/usbd_conf.o
                0x08009c64                USBD_LL_GetRxDataSize
 .text.USBD_static_malloc
                0x08009c6c        0x8 ./USB_DEVICE/Target/usbd_conf.o
                0x08009c6c                USBD_static_malloc
 .text.USBD_static_free
                0x08009c74        0x2 ./USB_DEVICE/Target/usbd_conf.o
                0x08009c74                USBD_static_free
 .text.HAL_PCDEx_SetConnectionState
                0x08009c76        0x2 ./USB_DEVICE/Target/usbd_conf.o
                0x08009c76                HAL_PCDEx_SetConnectionState
 .text.atof     0x08009c78        0x6 F:/STM32_Cube_IDE/STM32CubeIDE_1.19.0/STM32CubeIDE/plugins/com.st.stm32cube.ide.mcu.externaltools.gnu-tools-for-stm32.13.3.rel1.win32_1.0.0.202411081344/tools/bin/../lib/gcc/arm-none-eabi/13.3.1/../../../../arm-none-eabi/lib/thumb/v7-m/nofp\libc_nano.a(libc_a-atof.o)
                0x08009c78                atof
 .text.sulp     0x08009c7e       0x42 F:/STM32_Cube_IDE/STM32CubeIDE_1.19.0/STM32CubeIDE/plugins/com.st.stm32cube.ide.mcu.externaltools.gnu-tools-for-stm32.13.3.rel1.win32_1.0.0.202411081344/tools/bin/../lib/gcc/arm-none-eabi/13.3.1/../../../../arm-none-eabi/lib/thumb/v7-m/nofp\libc_nano.a(libc_a-strtod.o)
 .text._strtod_l
                0x08009cc0      0xbb0 F:/STM32_Cube_IDE/STM32CubeIDE_1.19.0/STM32CubeIDE/plugins/com.st.stm32cube.ide.mcu.externaltools.gnu-tools-for-stm32.13.3.rel1.win32_1.0.0.202411081344/tools/bin/../lib/gcc/arm-none-eabi/13.3.1/../../../../arm-none-eabi/lib/thumb/v7-m/nofp\libc_nano.a(libc_a-strtod.o)
                0x08009cc0                _strtod_l
 .text.strtod   0x0800a870       0x18 F:/STM32_Cube_IDE/STM32CubeIDE_1.19.0/STM32CubeIDE/plugins/com.st.stm32cube.ide.mcu.externaltools.gnu-tools-for-stm32.13.3.rel1.win32_1.0.0.202411081344/tools/bin/../lib/gcc/arm-none-eabi/13.3.1/../../../../arm-none-eabi/lib/thumb/v7-m/nofp\libc_nano.a(libc_a-strtod.o)
                0x0800a870                strtod
 .text.std      0x0800a888       0x6c F:/STM32_Cube_IDE/STM32CubeIDE_1.19.0/STM32CubeIDE/plugins/com.st.stm32cube.ide.mcu.externaltools.gnu-tools-for-stm32.13.3.rel1.win32_1.0.0.202411081344/tools/bin/../lib/gcc/arm-none-eabi/13.3.1/../../../../arm-none-eabi/lib/thumb/v7-m/nofp\libc_nano.a(libc_a-findfp.o)
 .text.stdio_exit_handler
                0x0800a8f4       0x18 F:/STM32_Cube_IDE/STM32CubeIDE_1.19.0/STM32CubeIDE/plugins/com.st.stm32cube.ide.mcu.externaltools.gnu-tools-for-stm32.13.3.rel1.win32_1.0.0.202411081344/tools/bin/../lib/gcc/arm-none-eabi/13.3.1/../../../../arm-none-eabi/lib/thumb/v7-m/nofp\libc_nano.a(libc_a-findfp.o)
 .text.cleanup_stdio
                0x0800a90c       0x40 F:/STM32_Cube_IDE/STM32CubeIDE_1.19.0/STM32CubeIDE/plugins/com.st.stm32cube.ide.mcu.externaltools.gnu-tools-for-stm32.13.3.rel1.win32_1.0.0.202411081344/tools/bin/../lib/gcc/arm-none-eabi/13.3.1/../../../../arm-none-eabi/lib/thumb/v7-m/nofp\libc_nano.a(libc_a-findfp.o)
 .text.global_stdio_init.part.0
                0x0800a94c       0x3c F:/STM32_Cube_IDE/STM32CubeIDE_1.19.0/STM32CubeIDE/plugins/com.st.stm32cube.ide.mcu.externaltools.gnu-tools-for-stm32.13.3.rel1.win32_1.0.0.202411081344/tools/bin/../lib/gcc/arm-none-eabi/13.3.1/../../../../arm-none-eabi/lib/thumb/v7-m/nofp\libc_nano.a(libc_a-findfp.o)
 .text.__sfp_lock_acquire
                0x0800a988        0xc F:/STM32_Cube_IDE/STM32CubeIDE_1.19.0/STM32CubeIDE/plugins/com.st.stm32cube.ide.mcu.externaltools.gnu-tools-for-stm32.13.3.rel1.win32_1.0.0.202411081344/tools/bin/../lib/gcc/arm-none-eabi/13.3.1/../../../../arm-none-eabi/lib/thumb/v7-m/nofp\libc_nano.a(libc_a-findfp.o)
                0x0800a988                __sfp_lock_acquire
 .text.__sfp_lock_release
                0x0800a994        0xc F:/STM32_Cube_IDE/STM32CubeIDE_1.19.0/STM32CubeIDE/plugins/com.st.stm32cube.ide.mcu.externaltools.gnu-tools-for-stm32.13.3.rel1.win32_1.0.0.202411081344/tools/bin/../lib/gcc/arm-none-eabi/13.3.1/../../../../arm-none-eabi/lib/thumb/v7-m/nofp\libc_nano.a(libc_a-findfp.o)
                0x0800a994                __sfp_lock_release
 .text.__sinit  0x0800a9a0       0x30 F:/STM32_Cube_IDE/STM32CubeIDE_1.19.0/STM32CubeIDE/plugins/com.st.stm32cube.ide.mcu.externaltools.gnu-tools-for-stm32.13.3.rel1.win32_1.0.0.202411081344/tools/bin/../lib/gcc/arm-none-eabi/13.3.1/../../../../arm-none-eabi/lib/thumb/v7-m/nofp\libc_nano.a(libc_a-findfp.o)
                0x0800a9a0                __sinit
 .text._fwalk_sglue
                0x0800a9d0       0x3c F:/STM32_Cube_IDE/STM32CubeIDE_1.19.0/STM32CubeIDE/plugins/com.st.stm32cube.ide.mcu.externaltools.gnu-tools-for-stm32.13.3.rel1.win32_1.0.0.202411081344/tools/bin/../lib/gcc/arm-none-eabi/13.3.1/../../../../arm-none-eabi/lib/thumb/v7-m/nofp\libc_nano.a(libc_a-fwalk.o)
                0x0800a9d0                _fwalk_sglue
 .text.snprintf
                0x0800aa0c       0x6c F:/STM32_Cube_IDE/STM32CubeIDE_1.19.0/STM32CubeIDE/plugins/com.st.stm32cube.ide.mcu.externaltools.gnu-tools-for-stm32.13.3.rel1.win32_1.0.0.202411081344/tools/bin/../lib/gcc/arm-none-eabi/13.3.1/../../../../arm-none-eabi/lib/thumb/v7-m/nofp\libc_nano.a(libc_a-snprintf.o)
                0x0800aa0c                sniprintf
                0x0800aa0c                snprintf
 .text.__sread  0x0800aa78       0x22 F:/STM32_Cube_IDE/STM32CubeIDE_1.19.0/STM32CubeIDE/plugins/com.st.stm32cube.ide.mcu.externaltools.gnu-tools-for-stm32.13.3.rel1.win32_1.0.0.202411081344/tools/bin/../lib/gcc/arm-none-eabi/13.3.1/../../../../arm-none-eabi/lib/thumb/v7-m/nofp\libc_nano.a(libc_a-stdio.o)
                0x0800aa78                __sread
 .text.__swrite
                0x0800aa9a       0x38 F:/STM32_Cube_IDE/STM32CubeIDE_1.19.0/STM32CubeIDE/plugins/com.st.stm32cube.ide.mcu.externaltools.gnu-tools-for-stm32.13.3.rel1.win32_1.0.0.202411081344/tools/bin/../lib/gcc/arm-none-eabi/13.3.1/../../../../arm-none-eabi/lib/thumb/v7-m/nofp\libc_nano.a(libc_a-stdio.o)
                0x0800aa9a                __swrite
 .text.__sseek  0x0800aad2       0x24 F:/STM32_Cube_IDE/STM32CubeIDE_1.19.0/STM32CubeIDE/plugins/com.st.stm32cube.ide.mcu.externaltools.gnu-tools-for-stm32.13.3.rel1.win32_1.0.0.202411081344/tools/bin/../lib/gcc/arm-none-eabi/13.3.1/../../../../arm-none-eabi/lib/thumb/v7-m/nofp\libc_nano.a(libc_a-stdio.o)
                0x0800aad2                __sseek
 .text.__sclose
                0x0800aaf6        0x8 F:/STM32_Cube_IDE/STM32CubeIDE_1.19.0/STM32CubeIDE/plugins/com.st.stm32cube.ide.mcu.externaltools.gnu-tools-for-stm32.13.3.rel1.win32_1.0.0.202411081344/tools/bin/../lib/gcc/arm-none-eabi/13.3.1/../../../../arm-none-eabi/lib/thumb/v7-m/nofp\libc_nano.a(libc_a-stdio.o)
                0x0800aaf6                __sclose
 .text.memset   0x0800aafe       0x10 F:/STM32_Cube_IDE/STM32CubeIDE_1.19.0/STM32CubeIDE/plugins/com.st.stm32cube.ide.mcu.externaltools.gnu-tools-for-stm32.13.3.rel1.win32_1.0.0.202411081344/tools/bin/../lib/gcc/arm-none-eabi/13.3.1/../../../../arm-none-eabi/lib/thumb/v7-m/nofp\libc_nano.a(libc_a-memset.o)
                0x0800aafe                memset
 .text.strncmp  0x0800ab0e       0x24 F:/STM32_Cube_IDE/STM32CubeIDE_1.19.0/STM32CubeIDE/plugins/com.st.stm32cube.ide.mcu.externaltools.gnu-tools-for-stm32.13.3.rel1.win32_1.0.0.202411081344/tools/bin/../lib/gcc/arm-none-eabi/13.3.1/../../../../arm-none-eabi/lib/thumb/v7-m/nofp\libc_nano.a(libc_a-strncmp.o)
                0x0800ab0e                strncmp
 *fill*         0x0800ab32        0x2 
 .text.strtok   0x0800ab34       0x68 F:/STM32_Cube_IDE/STM32CubeIDE_1.19.0/STM32CubeIDE/plugins/com.st.stm32cube.ide.mcu.externaltools.gnu-tools-for-stm32.13.3.rel1.win32_1.0.0.202411081344/tools/bin/../lib/gcc/arm-none-eabi/13.3.1/../../../../arm-none-eabi/lib/thumb/v7-m/nofp\libc_nano.a(libc_a-strtok.o)
                0x0800ab34                strtok
 .text.__strtok_r
                0x0800ab9c       0x50 F:/STM32_Cube_IDE/STM32CubeIDE_1.19.0/STM32CubeIDE/plugins/com.st.stm32cube.ide.mcu.externaltools.gnu-tools-for-stm32.13.3.rel1.win32_1.0.0.202411081344/tools/bin/../lib/gcc/arm-none-eabi/13.3.1/../../../../arm-none-eabi/lib/thumb/v7-m/nofp\libc_nano.a(libc_a-strtok_r.o)
                0x0800ab9c                __strtok_r
 .text._close_r
                0x0800abec       0x20 F:/STM32_Cube_IDE/STM32CubeIDE_1.19.0/STM32CubeIDE/plugins/com.st.stm32cube.ide.mcu.externaltools.gnu-tools-for-stm32.13.3.rel1.win32_1.0.0.202411081344/tools/bin/../lib/gcc/arm-none-eabi/13.3.1/../../../../arm-none-eabi/lib/thumb/v7-m/nofp\libc_nano.a(libc_a-closer.o)
                0x0800abec                _close_r
 .text._lseek_r
                0x0800ac0c       0x24 F:/STM32_Cube_IDE/STM32CubeIDE_1.19.0/STM32CubeIDE/plugins/com.st.stm32cube.ide.mcu.externaltools.gnu-tools-for-stm32.13.3.rel1.win32_1.0.0.202411081344/tools/bin/../lib/gcc/arm-none-eabi/13.3.1/../../../../arm-none-eabi/lib/thumb/v7-m/nofp\libc_nano.a(libc_a-lseekr.o)
                0x0800ac0c                _lseek_r
 .text._read_r  0x0800ac30       0x24 F:/STM32_Cube_IDE/STM32CubeIDE_1.19.0/STM32CubeIDE/plugins/com.st.stm32cube.ide.mcu.externaltools.gnu-tools-for-stm32.13.3.rel1.win32_1.0.0.202411081344/tools/bin/../lib/gcc/arm-none-eabi/13.3.1/../../../../arm-none-eabi/lib/thumb/v7-m/nofp\libc_nano.a(libc_a-readr.o)
                0x0800ac30                _read_r
 .text._write_r
                0x0800ac54       0x24 F:/STM32_Cube_IDE/STM32CubeIDE_1.19.0/STM32CubeIDE/plugins/com.st.stm32cube.ide.mcu.externaltools.gnu-tools-for-stm32.13.3.rel1.win32_1.0.0.202411081344/tools/bin/../lib/gcc/arm-none-eabi/13.3.1/../../../../arm-none-eabi/lib/thumb/v7-m/nofp\libc_nano.a(libc_a-writer.o)
                0x0800ac54                _write_r
 .text.__errno  0x0800ac78        0xc F:/STM32_Cube_IDE/STM32CubeIDE_1.19.0/STM32CubeIDE/plugins/com.st.stm32cube.ide.mcu.externaltools.gnu-tools-for-stm32.13.3.rel1.win32_1.0.0.202411081344/tools/bin/../lib/gcc/arm-none-eabi/13.3.1/../../../../arm-none-eabi/lib/thumb/v7-m/nofp\libc_nano.a(libc_a-errno.o)
                0x0800ac78                __errno
 .text.__libc_init_array
                0x0800ac84       0x48 F:/STM32_Cube_IDE/STM32CubeIDE_1.19.0/STM32CubeIDE/plugins/com.st.stm32cube.ide.mcu.externaltools.gnu-tools-for-stm32.13.3.rel1.win32_1.0.0.202411081344/tools/bin/../lib/gcc/arm-none-eabi/13.3.1/../../../../arm-none-eabi/lib/thumb/v7-m/nofp\libc_nano.a(libc_a-init.o)
                0x0800ac84                __libc_init_array
 .text.__retarget_lock_init_recursive
                0x0800accc        0x2 F:/STM32_Cube_IDE/STM32CubeIDE_1.19.0/STM32CubeIDE/plugins/com.st.stm32cube.ide.mcu.externaltools.gnu-tools-for-stm32.13.3.rel1.win32_1.0.0.202411081344/tools/bin/../lib/gcc/arm-none-eabi/13.3.1/../../../../arm-none-eabi/lib/thumb/v7-m/nofp\libc_nano.a(libc_a-lock.o)
                0x0800accc                __retarget_lock_init_recursive
 .text.__retarget_lock_acquire_recursive
                0x0800acce        0x2 F:/STM32_Cube_IDE/STM32CubeIDE_1.19.0/STM32CubeIDE/plugins/com.st.stm32cube.ide.mcu.externaltools.gnu-tools-for-stm32.13.3.rel1.win32_1.0.0.202411081344/tools/bin/../lib/gcc/arm-none-eabi/13.3.1/../../../../arm-none-eabi/lib/thumb/v7-m/nofp\libc_nano.a(libc_a-lock.o)
                0x0800acce                __retarget_lock_acquire_recursive
 .text.__retarget_lock_release_recursive
                0x0800acd0        0x2 F:/STM32_Cube_IDE/STM32CubeIDE_1.19.0/STM32CubeIDE/plugins/com.st.stm32cube.ide.mcu.externaltools.gnu-tools-for-stm32.13.3.rel1.win32_1.0.0.202411081344/tools/bin/../lib/gcc/arm-none-eabi/13.3.1/../../../../arm-none-eabi/lib/thumb/v7-m/nofp\libc_nano.a(libc_a-lock.o)
                0x0800acd0                __retarget_lock_release_recursive
 .text.strcpy   0x0800acd2       0x10 F:/STM32_Cube_IDE/STM32CubeIDE_1.19.0/STM32CubeIDE/plugins/com.st.stm32cube.ide.mcu.externaltools.gnu-tools-for-stm32.13.3.rel1.win32_1.0.0.202411081344/tools/bin/../lib/gcc/arm-none-eabi/13.3.1/../../../../arm-none-eabi/lib/thumb/v7-m/nofp\libc_nano.a(libc_a-strcpy.o)
                0x0800acd2                strcpy
 .text.memcpy   0x0800ace2       0x1c F:/STM32_Cube_IDE/STM32CubeIDE_1.19.0/STM32CubeIDE/plugins/com.st.stm32cube.ide.mcu.externaltools.gnu-tools-for-stm32.13.3.rel1.win32_1.0.0.202411081344/tools/bin/../lib/gcc/arm-none-eabi/13.3.1/../../../../arm-none-eabi/lib/thumb/v7-m/nofp\libc_nano.a(libc_a-memcpy-stub.o)
                0x0800ace2                memcpy
 *fill*         0x0800acfe        0x2 
 .text.nan      0x0800ad00        0xc F:/STM32_Cube_IDE/STM32CubeIDE_1.19.0/STM32CubeIDE/plugins/com.st.stm32cube.ide.mcu.externaltools.gnu-tools-for-stm32.13.3.rel1.win32_1.0.0.202411081344/tools/bin/../lib/gcc/arm-none-eabi/13.3.1/../../../../arm-none-eabi/lib/thumb/v7-m/nofp\libc_nano.a(libm_a-s_nan.o)
                0x0800ad00                nan
 .text.__assert_func
                0x0800ad0c       0x3c F:/STM32_Cube_IDE/STM32CubeIDE_1.19.0/STM32CubeIDE/plugins/com.st.stm32cube.ide.mcu.externaltools.gnu-tools-for-stm32.13.3.rel1.win32_1.0.0.202411081344/tools/bin/../lib/gcc/arm-none-eabi/13.3.1/../../../../arm-none-eabi/lib/thumb/v7-m/nofp\libc_nano.a(libc_a-assert.o)
                0x0800ad0c                __assert_func
 .text._free_r  0x0800ad48       0x90 F:/STM32_Cube_IDE/STM32CubeIDE_1.19.0/STM32CubeIDE/plugins/com.st.stm32cube.ide.mcu.externaltools.gnu-tools-for-stm32.13.3.rel1.win32_1.0.0.202411081344/tools/bin/../lib/gcc/arm-none-eabi/13.3.1/../../../../arm-none-eabi/lib/thumb/v7-m/nofp\libc_nano.a(libc_a-freer.o)
                0x0800ad48                _free_r
 .text.rshift   0x0800add8       0xa6 F:/STM32_Cube_IDE/STM32CubeIDE_1.19.0/STM32CubeIDE/plugins/com.st.stm32cube.ide.mcu.externaltools.gnu-tools-for-stm32.13.3.rel1.win32_1.0.0.202411081344/tools/bin/../lib/gcc/arm-none-eabi/13.3.1/../../../../arm-none-eabi/lib/thumb/v7-m/nofp\libc_nano.a(libc_a-gdtoa-gethex.o)
 .text.__hexdig_fun
                0x0800ae7e       0x2a F:/STM32_Cube_IDE/STM32CubeIDE_1.19.0/STM32CubeIDE/plugins/com.st.stm32cube.ide.mcu.externaltools.gnu-tools-for-stm32.13.3.rel1.win32_1.0.0.202411081344/tools/bin/../lib/gcc/arm-none-eabi/13.3.1/../../../../arm-none-eabi/lib/thumb/v7-m/nofp\libc_nano.a(libc_a-gdtoa-gethex.o)
                0x0800ae7e                __hexdig_fun
 .text.__gethex
                0x0800aea8      0x420 F:/STM32_Cube_IDE/STM32CubeIDE_1.19.0/STM32CubeIDE/plugins/com.st.stm32cube.ide.mcu.externaltools.gnu-tools-for-stm32.13.3.rel1.win32_1.0.0.202411081344/tools/bin/../lib/gcc/arm-none-eabi/13.3.1/../../../../arm-none-eabi/lib/thumb/v7-m/nofp\libc_nano.a(libc_a-gdtoa-gethex.o)
                0x0800aea8                __gethex
 .text.L_shift  0x0800b2c8       0x24 F:/STM32_Cube_IDE/STM32CubeIDE_1.19.0/STM32CubeIDE/plugins/com.st.stm32cube.ide.mcu.externaltools.gnu-tools-for-stm32.13.3.rel1.win32_1.0.0.202411081344/tools/bin/../lib/gcc/arm-none-eabi/13.3.1/../../../../arm-none-eabi/lib/thumb/v7-m/nofp\libc_nano.a(libc_a-gdtoa-hexnan.o)
 .text.__match  0x0800b2ec       0x28 F:/STM32_Cube_IDE/STM32CubeIDE_1.19.0/STM32CubeIDE/plugins/com.st.stm32cube.ide.mcu.externaltools.gnu-tools-for-stm32.13.3.rel1.win32_1.0.0.202411081344/tools/bin/../lib/gcc/arm-none-eabi/13.3.1/../../../../arm-none-eabi/lib/thumb/v7-m/nofp\libc_nano.a(libc_a-gdtoa-hexnan.o)
                0x0800b2ec                __match
 .text.__hexnan
                0x0800b314      0x136 F:/STM32_Cube_IDE/STM32CubeIDE_1.19.0/STM32CubeIDE/plugins/com.st.stm32cube.ide.mcu.externaltools.gnu-tools-for-stm32.13.3.rel1.win32_1.0.0.202411081344/tools/bin/../lib/gcc/arm-none-eabi/13.3.1/../../../../arm-none-eabi/lib/thumb/v7-m/nofp\libc_nano.a(libc_a-gdtoa-hexnan.o)
                0x0800b314                __hexnan
 *fill*         0x0800b44a        0x2 
 .text.malloc   0x0800b44c       0x10 F:/STM32_Cube_IDE/STM32CubeIDE_1.19.0/STM32CubeIDE/plugins/com.st.stm32cube.ide.mcu.externaltools.gnu-tools-for-stm32.13.3.rel1.win32_1.0.0.202411081344/tools/bin/../lib/gcc/arm-none-eabi/13.3.1/../../../../arm-none-eabi/lib/thumb/v7-m/nofp\libc_nano.a(libc_a-malloc.o)
                0x0800b44c                malloc
 .text.sbrk_aligned
                0x0800b45c       0x44 F:/STM32_Cube_IDE/STM32CubeIDE_1.19.0/STM32CubeIDE/plugins/com.st.stm32cube.ide.mcu.externaltools.gnu-tools-for-stm32.13.3.rel1.win32_1.0.0.202411081344/tools/bin/../lib/gcc/arm-none-eabi/13.3.1/../../../../arm-none-eabi/lib/thumb/v7-m/nofp\libc_nano.a(libc_a-mallocr.o)
 .text._malloc_r
                0x0800b4a0      0x100 F:/STM32_Cube_IDE/STM32CubeIDE_1.19.0/STM32CubeIDE/plugins/com.st.stm32cube.ide.mcu.externaltools.gnu-tools-for-stm32.13.3.rel1.win32_1.0.0.202411081344/tools/bin/../lib/gcc/arm-none-eabi/13.3.1/../../../../arm-none-eabi/lib/thumb/v7-m/nofp\libc_nano.a(libc_a-mallocr.o)
                0x0800b4a0                _malloc_r
 .text.__ascii_mbtowc
                0x0800b5a0       0x24 F:/STM32_Cube_IDE/STM32CubeIDE_1.19.0/STM32CubeIDE/plugins/com.st.stm32cube.ide.mcu.externaltools.gnu-tools-for-stm32.13.3.rel1.win32_1.0.0.202411081344/tools/bin/../lib/gcc/arm-none-eabi/13.3.1/../../../../arm-none-eabi/lib/thumb/v7-m/nofp\libc_nano.a(libc_a-mbtowc_r.o)
                0x0800b5a0                __ascii_mbtowc
 .text.__malloc_lock
                0x0800b5c4        0xc F:/STM32_Cube_IDE/STM32CubeIDE_1.19.0/STM32CubeIDE/plugins/com.st.stm32cube.ide.mcu.externaltools.gnu-tools-for-stm32.13.3.rel1.win32_1.0.0.202411081344/tools/bin/../lib/gcc/arm-none-eabi/13.3.1/../../../../arm-none-eabi/lib/thumb/v7-m/nofp\libc_nano.a(libc_a-mlock.o)
                0x0800b5c4                __malloc_lock
 .text.__malloc_unlock
                0x0800b5d0        0xc F:/STM32_Cube_IDE/STM32CubeIDE_1.19.0/STM32CubeIDE/plugins/com.st.stm32cube.ide.mcu.externaltools.gnu-tools-for-stm32.13.3.rel1.win32_1.0.0.202411081344/tools/bin/../lib/gcc/arm-none-eabi/13.3.1/../../../../arm-none-eabi/lib/thumb/v7-m/nofp\libc_nano.a(libc_a-mlock.o)
                0x0800b5d0                __malloc_unlock
 .text._Balloc  0x0800b5dc       0x80 F:/STM32_Cube_IDE/STM32CubeIDE_1.19.0/STM32CubeIDE/plugins/com.st.stm32cube.ide.mcu.externaltools.gnu-tools-for-stm32.13.3.rel1.win32_1.0.0.202411081344/tools/bin/../lib/gcc/arm-none-eabi/13.3.1/../../../../arm-none-eabi/lib/thumb/v7-m/nofp\libc_nano.a(libc_a-mprec.o)
                0x0800b5dc                _Balloc
 .text._Bfree   0x0800b65c       0x44 F:/STM32_Cube_IDE/STM32CubeIDE_1.19.0/STM32CubeIDE/plugins/com.st.stm32cube.ide.mcu.externaltools.gnu-tools-for-stm32.13.3.rel1.win32_1.0.0.202411081344/tools/bin/../lib/gcc/arm-none-eabi/13.3.1/../../../../arm-none-eabi/lib/thumb/v7-m/nofp\libc_nano.a(libc_a-mprec.o)
                0x0800b65c                _Bfree
 .text.__multadd
                0x0800b6a0       0x8c F:/STM32_Cube_IDE/STM32CubeIDE_1.19.0/STM32CubeIDE/plugins/com.st.stm32cube.ide.mcu.externaltools.gnu-tools-for-stm32.13.3.rel1.win32_1.0.0.202411081344/tools/bin/../lib/gcc/arm-none-eabi/13.3.1/../../../../arm-none-eabi/lib/thumb/v7-m/nofp\libc_nano.a(libc_a-mprec.o)
                0x0800b6a0                __multadd
 .text.__s2b    0x0800b72c       0x94 F:/STM32_Cube_IDE/STM32CubeIDE_1.19.0/STM32CubeIDE/plugins/com.st.stm32cube.ide.mcu.externaltools.gnu-tools-for-stm32.13.3.rel1.win32_1.0.0.202411081344/tools/bin/../lib/gcc/arm-none-eabi/13.3.1/../../../../arm-none-eabi/lib/thumb/v7-m/nofp\libc_nano.a(libc_a-mprec.o)
                0x0800b72c                __s2b
 .text.__hi0bits
                0x0800b7c0       0x3e F:/STM32_Cube_IDE/STM32CubeIDE_1.19.0/STM32CubeIDE/plugins/com.st.stm32cube.ide.mcu.externaltools.gnu-tools-for-stm32.13.3.rel1.win32_1.0.0.202411081344/tools/bin/../lib/gcc/arm-none-eabi/13.3.1/../../../../arm-none-eabi/lib/thumb/v7-m/nofp\libc_nano.a(libc_a-mprec.o)
                0x0800b7c0                __hi0bits
 .text.__lo0bits
                0x0800b7fe       0x5a F:/STM32_Cube_IDE/STM32CubeIDE_1.19.0/STM32CubeIDE/plugins/com.st.stm32cube.ide.mcu.externaltools.gnu-tools-for-stm32.13.3.rel1.win32_1.0.0.202411081344/tools/bin/../lib/gcc/arm-none-eabi/13.3.1/../../../../arm-none-eabi/lib/thumb/v7-m/nofp\libc_nano.a(libc_a-mprec.o)
                0x0800b7fe                __lo0bits
 .text.__i2b    0x0800b858       0x2c F:/STM32_Cube_IDE/STM32CubeIDE_1.19.0/STM32CubeIDE/plugins/com.st.stm32cube.ide.mcu.externaltools.gnu-tools-for-stm32.13.3.rel1.win32_1.0.0.202411081344/tools/bin/../lib/gcc/arm-none-eabi/13.3.1/../../../../arm-none-eabi/lib/thumb/v7-m/nofp\libc_nano.a(libc_a-mprec.o)
                0x0800b858                __i2b
 .text.__multiply
                0x0800b884      0x144 F:/STM32_Cube_IDE/STM32CubeIDE_1.19.0/STM32CubeIDE/plugins/com.st.stm32cube.ide.mcu.externaltools.gnu-tools-for-stm32.13.3.rel1.win32_1.0.0.202411081344/tools/bin/../lib/gcc/arm-none-eabi/13.3.1/../../../../arm-none-eabi/lib/thumb/v7-m/nofp\libc_nano.a(libc_a-mprec.o)
                0x0800b884                __multiply
 .text.__pow5mult
                0x0800b9c8       0xb4 F:/STM32_Cube_IDE/STM32CubeIDE_1.19.0/STM32CubeIDE/plugins/com.st.stm32cube.ide.mcu.externaltools.gnu-tools-for-stm32.13.3.rel1.win32_1.0.0.202411081344/tools/bin/../lib/gcc/arm-none-eabi/13.3.1/../../../../arm-none-eabi/lib/thumb/v7-m/nofp\libc_nano.a(libc_a-mprec.o)
                0x0800b9c8                __pow5mult
 .text.__lshift
                0x0800ba7c       0xd8 F:/STM32_Cube_IDE/STM32CubeIDE_1.19.0/STM32CubeIDE/plugins/com.st.stm32cube.ide.mcu.externaltools.gnu-tools-for-stm32.13.3.rel1.win32_1.0.0.202411081344/tools/bin/../lib/gcc/arm-none-eabi/13.3.1/../../../../arm-none-eabi/lib/thumb/v7-m/nofp\libc_nano.a(libc_a-mprec.o)
                0x0800ba7c                __lshift