Archive member included to satisfy reference by file (symbol)

F:/STM32_Cube_IDE/STM32CubeIDE_1.19.0/STM32CubeIDE/plugins/com.st.stm32cube.ide.mcu.externaltools.gnu-tools-for-stm32.13.3.rel1.win32_1.0.0.202411081344/tools/bin/../lib/gcc/arm-none-eabi/13.3.1/../../../../arm-none-eabi/lib/thumb/v7-m/nofp\libc_nano.a(libc_a-atof.o)
                              ./Core/Src/main.o (atof)
F:/STM32_Cube_IDE/STM32CubeIDE_1.19.0/STM32CubeIDE/plugins/com.st.stm32cube.ide.mcu.externaltools.gnu-tools-for-stm32.13.3.rel1.win32_1.0.0.202411081344/tools/bin/../lib/gcc/arm-none-eabi/13.3.1/../../../../arm-none-eabi/lib/thumb/v7-m/nofp\libc_nano.a(libc_a-exit.o)
                              F:/STM32_Cube_IDE/STM32CubeIDE_1.19.0/STM32CubeIDE/plugins/com.st.stm32cube.ide.mcu.externaltools.gnu-tools-for-stm32.13.3.rel1.win32_1.0.0.202411081344/tools/bin/../lib/gcc/arm-none-eabi/13.3.1/../../../../arm-none-eabi/lib/thumb/v7-m/nofp/crt0.o (exit)
F:/STM32_Cube_IDE/STM32CubeIDE_1.19.0/STM32CubeIDE/plugins/com.st.stm32cube.ide.mcu.externaltools.gnu-tools-for-stm32.13.3.rel1.win32_1.0.0.202411081344/tools/bin/../lib/gcc/arm-none-eabi/13.3.1/../../../../arm-none-eabi/lib/thumb/v7-m/nofp\libc_nano.a(libc_a-strtod.o)
                              F:/STM32_Cube_IDE/STM32CubeIDE_1.19.0/STM32CubeIDE/plugins/com.st.stm32cube.ide.mcu.externaltools.gnu-tools-for-stm32.13.3.rel1.win32_1.0.0.202411081344/tools/bin/../lib/gcc/arm-none-eabi/13.3.1/../../../../arm-none-eabi/lib/thumb/v7-m/nofp\libc_nano.a(libc_a-atof.o) (strtod)
F:/STM32_Cube_IDE/STM32CubeIDE_1.19.0/STM32CubeIDE/plugins/com.st.stm32cube.ide.mcu.externaltools.gnu-tools-for-stm32.13.3.rel1.win32_1.0.0.202411081344/tools/bin/../lib/gcc/arm-none-eabi/13.3.1/../../../../arm-none-eabi/lib/thumb/v7-m/nofp\libc_nano.a(libc_a-findfp.o)
                              F:/STM32_Cube_IDE/STM32CubeIDE_1.19.0/STM32CubeIDE/plugins/com.st.stm32cube.ide.mcu.externaltools.gnu-tools-for-stm32.13.3.rel1.win32_1.0.0.202411081344/tools/bin/../lib/gcc/arm-none-eabi/13.3.1/../../../../arm-none-eabi/lib/thumb/v7-m/nofp\libc_nano.a(libc_a-exit.o) (__stdio_exit_handler)
F:/STM32_Cube_IDE/STM32CubeIDE_1.19.0/STM32CubeIDE/plugins/com.st.stm32cube.ide.mcu.externaltools.gnu-tools-for-stm32.13.3.rel1.win32_1.0.0.202411081344/tools/bin/../lib/gcc/arm-none-eabi/13.3.1/../../../../arm-none-eabi/lib/thumb/v7-m/nofp\libc_nano.a(libc_a-fwalk.o)
                              F:/STM32_Cube_IDE/STM32CubeIDE_1.19.0/STM32CubeIDE/plugins/com.st.stm32cube.ide.mcu.externaltools.gnu-tools-for-stm32.13.3.rel1.win32_1.0.0.202411081344/tools/bin/../lib/gcc/arm-none-eabi/13.3.1/../../../../arm-none-eabi/lib/thumb/v7-m/nofp\libc_nano.a(libc_a-findfp.o) (_fwalk_sglue)
F:/STM32_Cube_IDE/STM32CubeIDE_1.19.0/STM32CubeIDE/plugins/com.st.stm32cube.ide.mcu.externaltools.gnu-tools-for-stm32.13.3.rel1.win32_1.0.0.202411081344/tools/bin/../lib/gcc/arm-none-eabi/13.3.1/../../../../arm-none-eabi/lib/thumb/v7-m/nofp\libc_nano.a(libc_a-snprintf.o)
                              ./Core/Src/main.o (snprintf)
F:/STM32_Cube_IDE/STM32CubeIDE_1.19.0/STM32CubeIDE/plugins/com.st.stm32cube.ide.mcu.externaltools.gnu-tools-for-stm32.13.3.rel1.win32_1.0.0.202411081344/tools/bin/../lib/gcc/arm-none-eabi/13.3.1/../../../../arm-none-eabi/lib/thumb/v7-m/nofp\libc_nano.a(libc_a-stdio.o)
                              F:/STM32_Cube_IDE/STM32CubeIDE_1.19.0/STM32CubeIDE/plugins/com.st.stm32cube.ide.mcu.externaltools.gnu-tools-for-stm32.13.3.rel1.win32_1.0.0.202411081344/tools/bin/../lib/gcc/arm-none-eabi/13.3.1/../../../../arm-none-eabi/lib/thumb/v7-m/nofp\libc_nano.a(libc_a-findfp.o) (__sread)
F:/STM32_Cube_IDE/STM32CubeIDE_1.19.0/STM32CubeIDE/plugins/com.st.stm32cube.ide.mcu.externaltools.gnu-tools-for-stm32.13.3.rel1.win32_1.0.0.202411081344/tools/bin/../lib/gcc/arm-none-eabi/13.3.1/../../../../arm-none-eabi/lib/thumb/v7-m/nofp\libc_nano.a(libc_a-memset.o)
                              F:/STM32_Cube_IDE/STM32CubeIDE_1.19.0/STM32CubeIDE/plugins/com.st.stm32cube.ide.mcu.externaltools.gnu-tools-for-stm32.13.3.rel1.win32_1.0.0.202411081344/tools/bin/../lib/gcc/arm-none-eabi/13.3.1/../../../../arm-none-eabi/lib/thumb/v7-m/nofp/crt0.o (memset)
F:/STM32_Cube_IDE/STM32CubeIDE_1.19.0/STM32CubeIDE/plugins/com.st.stm32cube.ide.mcu.externaltools.gnu-tools-for-stm32.13.3.rel1.win32_1.0.0.202411081344/tools/bin/../lib/gcc/arm-none-eabi/13.3.1/../../../../arm-none-eabi/lib/thumb/v7-m/nofp\libc_nano.a(libc_a-strncmp.o)
                              F:/STM32_Cube_IDE/STM32CubeIDE_1.19.0/STM32CubeIDE/plugins/com.st.stm32cube.ide.mcu.externaltools.gnu-tools-for-stm32.13.3.rel1.win32_1.0.0.202411081344/tools/bin/../lib/gcc/arm-none-eabi/13.3.1/../../../../arm-none-eabi/lib/thumb/v7-m/nofp\libc_nano.a(libc_a-strtod.o) (strncmp)
[...]
Memory Configuration

Name             Origin             Length             Attributes
RAM              0x20000000         0x00005000         xrw
FLASH            0x08000000         0x00010000         xr
*default*        0x00000000         0xffffffff

Linker script and memory map

LOAD F:/STM32_Cube_IDE/STM32CubeIDE_1.19.0/STM32CubeIDE/plugins/com.st.stm32cube.ide.mcu.externaltools.gnu-tools-for-stm32.13.3.rel1.win32_1.0.0.202411081344/tools/bin/../lib/gcc/arm-none-eabi/13.3.1/thumb/v7-m/nofp/crti.o
LOAD F:/STM32_Cube_IDE/STM32CubeIDE_1.19.0/STM32CubeIDE/plugins/com.st.stm32cube.ide.mcu.externaltools.gnu-tools-for-stm32.13.3.rel1.win32_1.0.0.202411081344/tools/bin/../lib/gcc/arm-none-eabi/13.3.1/thumb/v7-m/nofp/crtbegin.o
LOAD F:/STM32_Cube_IDE/STM32CubeIDE_1.19.0/STM32CubeIDE/plugins/com.st.stm32cube.ide.mcu.externaltools.gnu-tools-for-stm32.13.3.rel1.win32_1.0.0.202411081344/tools/bin/../lib/gcc/arm-none-eabi/13.3.1/../../../../arm-none-eabi/lib/thumb/v7-m/nofp/crt0.o
LOAD ./Core/Src/main.o
LOAD ./Core/Src/stm32f1xx_hal_msp.o
LOAD ./Core/Src/stm32f1xx_it.o
LOAD ./Core/Src/syscalls.o
LOAD ./Core/Src/sysmem.o
LOAD ./Core/Src/system_stm32f1xx.o
LOAD ./Core/Startup/startup_stm32f103c8tx.o
LOAD ./Core/library/VL53L0X/core/src/vl53l0x_api.o
LOAD ./Core/library/VL53L0X/core/src/vl53l0x_api_calibration.o
LOAD ./Core/library/VL53L0X/core/src/vl53l0x_api_core.o
LOAD ./Core/library/VL53L0X/core/src/vl53l0x_api_ranging.o
LOAD ./Core/library/VL53L0X/core/src/vl53l0x_api_strings.o
LOAD ./Core/library/VL53L0X/lidarvl53.o
LOAD ./Core/library/VL53L0X/platform/src/vl53l0x_platform.o
LOAD ./Core/library/VL53L0X/platform/src/vl53l0x_platform_log.o
LOAD ./Drivers/STM32F1xx_HAL_Driver/Src/stm32f1xx_hal.o
LOAD ./Drivers/STM32F1xx_HAL_Driver/Src/stm32f1xx_hal_adc.o
LOAD ./Drivers/STM32F1xx_HAL_Driver/Src/stm32f1xx_hal_adc_ex.o
LOAD ./Drivers/STM32F1xx_HAL_Driver/Src/stm32f1xx_hal_cortex.o
LOAD ./Drivers/STM32F1xx_HAL_Driver/Src/stm32f1xx_hal_dma.o
LOAD ./Drivers/STM32F1xx_HAL_Driver/Src/stm32f1xx_hal_exti.o
LOAD ./Drivers/STM32F1xx_HAL_Driver/Src/stm32f1xx_hal_flash.o
LOAD ./Drivers/STM32F1xx_HAL_Driver/Src/stm32f1xx_hal_flash_ex.o
LOAD ./Drivers/STM32F1xx_HAL_Driver/Src/stm32f1xx_hal_gpio.o
LOAD ./Drivers/STM32F1xx_HAL_Driver/Src/stm32f1xx_hal_gpio_ex.o
LOAD ./Drivers/STM32F1xx_HAL_Driver/Src/stm32f1xx_hal_i2c.o
LOAD ./Drivers/STM32F1xx_HAL_Driver/Src/stm32f1xx_hal_pcd.o
LOAD ./Drivers/STM32F1xx_HAL_Driver/Src/stm32f1xx_hal_pcd_ex.o
LOAD ./Drivers/STM32F1xx_HAL_Driver/Src/stm32f1xx_hal_pwr.o
LOAD ./Drivers/STM32F1xx_HAL_Driver/Src/stm32f1xx_hal_rcc.o
LOAD ./Drivers/STM32F1xx_HAL_Driver/Src/stm32f1xx_hal_rcc_ex.o
LOAD ./Drivers/STM32F1xx_HAL_Driver/Src/stm32f1xx_hal_tim.o
LOAD ./Drivers/STM32F1xx_HAL_Driver/Src/stm32f1xx_hal_tim_ex.o
LOAD ./Drivers/STM32F1xx_HAL_Driver/Src/stm32f1xx_hal_uart.o
LOAD ./Drivers/STM32F1xx_HAL_Driver/Src/stm32f1xx_ll_usb.o
LOAD ./Middlewares/ST/STM32_USB_Device_Library/Class/CDC/Src/usbd_cdc.o
LOAD ./Middlewares/ST/STM32_USB_Device_Library/Core/Src/usbd_core.o
LOAD ./Middlewares/ST/STM32_USB_Device_Library/Core/Src/usbd_ctlreq.o
LOAD ./Middlewares/ST/STM32_USB_Device_Library/Core/Src/usbd_ioreq.o
LOAD ./USB_DEVICE/App/usb_device.o
LOAD ./USB_DEVICE/App/usbd_cdc_if.o
LOAD ./USB_DEVICE/App/usbd_desc.o
LOAD ./USB_DEVICE/Target/usbd_conf.o
START GROUP
LOAD F:/STM32_Cube_IDE/STM32CubeIDE_1.19.0/STM32CubeIDE/plugins/com.st.stm32cube.ide.mcu.externaltools.gnu-tools-for-stm32.13.3.rel1.win32_1.0.0.202411081344/tools/bin/../lib/gcc/arm-none-eabi/13.3.1/../../../../arm-none-eabi/lib/thumb/v7-m/nofp\libc_nano.a
LOAD F:/STM32_Cube_IDE/STM32CubeIDE_1.19.0/STM32CubeIDE/plugins/com.st.stm32cube.ide.mcu.externaltools.gnu-tools-for-stm32.13.3.rel1.win32_1.0.0.202411081344/tools/bin/../lib/gcc/arm-none-eabi/13.3.1/../../../../arm-none-eabi/lib/thumb/v7-m/nofp\libm.a
END GROUP
START GROUP
LOAD F:/STM32_Cube_IDE/STM32CubeIDE_1.19.0/STM32CubeIDE/plugins/com.st.stm32cube.ide.mcu.externaltools.gnu-tools-for-stm32.13.3.rel1.win32_1.0.0.202411081344/tools/bin/../lib/gcc/arm-none-eabi/13.3.1/thumb/v7-m/nofp\libgcc.a
LOAD F:/STM32_Cube_IDE/STM32CubeIDE_1.19.0/STM32CubeIDE/plugins/com.st.stm32cube.ide.mcu.externaltools.gnu-tools-for-stm32.13.3.rel1.win32_1.0.0.202411081344/tools/bin/../lib/gcc/arm-none-eabi/13.3.1/../../../../arm-none-eabi/lib/thumb/v7-m/nofp\libc_nano.a
END GROUP
START GROUP
LOAD F:/STM32_Cube_IDE/STM32CubeIDE_1.19.0/STM32CubeIDE/plugins/com.st.stm32cube.ide.mcu.externaltools.gnu-tools-for-stm32.13.3.rel1.win32_1.0.0.202411081344/tools/bin/../lib/gcc/arm-none-eabi/13.3.1/thumb/v7-m/nofp\libgcc.a
LOAD F:/STM32_Cube_IDE/STM32CubeIDE_1.19.0/STM32CubeIDE/plugins/com.st.stm32cube.ide.mcu.externaltools.gnu-tools-for-stm32.13.3.rel1.win32_1.0.0.202411081344/tools/bin/../lib/gcc/arm-none-eabi/13.3.1/../../../../arm-none-eabi/lib/thumb/v7-m/nofp\libc_nano.a
LOAD F:/STM32_Cube_IDE/STM32CubeIDE_1.19.0/STM32CubeIDE/plugins/com.st.stm32cube.ide.mcu.externaltools.gnu-tools-for-stm32.13.3.rel1.win32_1.0.0.202411081344/tools/bin/../lib/gcc/arm-none-eabi/13.3.1/../../../../arm-none-eabi/lib/thumb/v7-m/nofp\libnosys.a
END GROUP
START GROUP
LOAD F:/STM32_Cube_IDE/STM32CubeIDE_1.19.0/STM32CubeIDE/plugins/com.st.stm32cube.ide.mcu.externaltools.gnu-tools-for-stm32.13.3.rel1.win32_1.0.0.202411081344/tools/bin/../lib/gcc/arm-none-eabi/13.3.1/thumb/v7-m/nofp\libgcc.a
LOAD F:/STM32_Cube_IDE/STM32CubeIDE_1.19.0/STM32CubeIDE/plugins/com.st.stm32cube.ide.mcu.externaltools.gnu-tools-for-stm32.13.3.rel1.win32_1.0.0.202411081344/tools/bin/../lib/gcc/arm-none-eabi/13.3.1/../../../../arm-none-eabi/lib/thumb/v7-m/nofp\libc_nano.a
LOAD F:/STM32_Cube_IDE/STM32CubeIDE_1.19.0/STM32CubeIDE/plugins/com.st.stm32cube.ide.mcu.externaltools.gnu-tools-for-stm32.13.3.rel1.win32_1.0.0.202411081344/tools/bin/../lib/gcc/arm-none-eabi/13.3.1/../../../../arm-none-eabi/lib/thumb/v7-m/nofp\libnosys.a
END GROUP
LOAD F:/STM32_Cube_IDE/STM32CubeIDE_1.19.0/STM32CubeIDE/plugins/com.st.stm32cube.ide.mcu.externaltools.gnu-tools-for-stm32.13.3.rel1.win32_1.0.0.202411081344/tools/bin/../lib/gcc/arm-none-eabi/13.3.1/thumb/v7-m/nofp/crtend.o
LOAD F:/STM32_Cube_IDE/STM32CubeIDE_1.19.0/STM32CubeIDE/plugins/com.st.stm32cube.ide.mcu.externaltools.gnu-tools-for-stm32.13.3.rel1.win32_1.0.0.202411081344/tools/bin/../lib/gcc/arm-none-eabi/13.3.1/thumb/v7-m/nofp/crtn.o
                0x20005000                        _estack = (ORIGIN (RAM) + LENGTH (RAM))
                0x00000200                        _Min_Heap_Size = 0x200
                0x00000400                        _Min_Stack_Size = 0x400

.isr_vector     0x08000000      0x10c
                0x08000000                        . = ALIGN (0x4)
 *(.isr_vector)
 .isr_vector    0x08000000      0x10c ./Core/Startup/startup_stm32f103c8tx.o
                0x08000000                g_pfnVectors
                0x0800010c                        . = ALIGN (0x4)

.text           0x08000110     0xc900
                0x08000110                        . = ALIGN (0x4)
 *(.text)
 .text          0x08000110       0x40 F:/STM32_Cube_IDE/STM32CubeIDE_1.19.0/STM32CubeIDE/plugins/com.st.stm32cube.ide.mcu.externaltools.gnu-tools-for-stm32.13.3.rel1.win32_1.0.0.202411081344/tools/bin/../lib/gcc/arm-none-eabi/13.3.1/thumb/v7-m/nofp/crtbegin.o
 .text          0x08000150       0x14 F:/STM32_Cube_IDE/STM32CubeIDE_1.19.0/STM32CubeIDE/plugins/com.st.stm32cube.ide.mcu.externaltools.gnu-tools-for-stm32.13.3.rel1.win32_1.0.0.202411081344/tools/bin/../lib/gcc/arm-none-eabi/13.3.1/../../../../arm-none-eabi/lib/thumb/v7-m/nofp\libc_nano.a(libc_a-strcmp.o)
                0x08000150                strcmp
 .text          0x08000164       0x10 F:/STM32_Cube_IDE/STM32CubeIDE_1.19.0/STM32CubeIDE/plugins/com.st.stm32cube.ide.mcu.externaltools.gnu-tools-for-stm32.13.3.rel1.win32_1.0.0.202411081344/tools/bin/../lib/gcc/arm-none-eabi/13.3.1/../../../../arm-none-eabi/lib/thumb/v7-m/nofp\libc_nano.a(libc_a-strlen.o)
                0x08000164                strlen
 .text          0x08000174      0x378 F:/STM32_Cube_IDE/STM32CubeIDE_1.19.0/STM32CubeIDE/plugins/com.st.stm32cube.ide.mcu.externaltools.gnu-tools-for-stm32.13.3.rel1.win32_1.0.0.202411081344/tools/bin/../lib/gcc/arm-none-eabi/13.3.1/thumb/v7-m/nofp\libgcc.a(_arm_addsubdf3.o)
                0x08000174                __aeabi_drsub
                0x0800017c                __aeabi_dsub
                0x0800017c                __subdf3
                0x08000180                __aeabi_dadd
                0x08000180                __adddf3
                0x080003f8                __floatunsidf
                0x080003f8                __aeabi_ui2d
                0x08000418                __floatsidf
                0x08000418                __aeabi_i2d
                0x0800043c                __aeabi_f2d
                0x0800043c                __extendsfdf2
                0x08000480                __floatundidf
                0x08000480                __aeabi_ul2d
                0x08000490                __floatdidf
                0x08000490                __aeabi_l2d
 .text          0x080004ec      0x424 F:/STM32_Cube_IDE/STM32CubeIDE_1.19.0/STM32CubeIDE/plugins/com.st.stm32cube.ide.mcu.externaltools.gnu-tools-for-stm32.13.3.rel1.win32_1.0.0.202411081344/tools/bin/../lib/gcc/arm-none-eabi/13.3.1/thumb/v7-m/nofp\libgcc.a(_arm_muldivdf3.o)
                0x080004ec                __aeabi_dmul
                0x080004ec                __muldf3
                0x08000740                __divdf3
                0x08000740                __aeabi_ddiv
 .text          0x08000910      0x110 F:/STM32_Cube_IDE/STM32CubeIDE_1.19.0/STM32CubeIDE/plugins/com.st.stm32cube.ide.mcu.externaltools.gnu-tools-for-stm32.13.3.rel1.win32_1.0.0.202411081344/tools/bin/../lib/gcc/arm-none-eabi/13.3.1/thumb/v7-m/nofp\libgcc.a(_arm_cmpdf2.o)
                0x08000910                __gtdf2
                0x08000910                __gedf2
                0x08000918                __ltdf2
                0x08000918                __ledf2
                0x08000920                __nedf2
                0x08000920                __eqdf2
                0x08000920                __cmpdf2
                0x0800099c                __aeabi_cdrcmple
                0x080009ac                __aeabi_cdcmpeq
                0x080009ac                __aeabi_cdcmple
                0x080009bc                __aeabi_dcmpeq
                0x080009d0                __aeabi_dcmplt
                0x080009e4                __aeabi_dcmple
                0x080009f8                __aeabi_dcmpge
                0x08000a0c                __aeabi_dcmpgt
 .text          0x08000a20       0x40 F:/STM32_Cube_IDE/STM32CubeIDE_1.19.0/STM32CubeIDE/plugins/com.st.stm32cube.ide.mcu.externaltools.gnu-tools-for-stm32.13.3.rel1.win32_1.0.0.202411081344/tools/bin/../lib/gcc/arm-none-eabi/13.3.1/thumb/v7-m/nofp\libgcc.a(_arm_fixunsdfsi.o)
                0x08000a20                __aeabi_d2uiz
                0x08000a20                __fixunsdfsi
 .text          0x08000a60       0xa0 F:/STM32_Cube_IDE/STM32CubeIDE_1.19.0/STM32CubeIDE/plugins/com.st.stm32cube.ide.mcu.externaltools.gnu-tools-for-stm32.13.3.rel1.win32_1.0.0.202411081344/tools/bin/../lib/gcc/arm-none-eabi/13.3.1/thumb/v7-m/nofp\libgcc.a(_arm_truncdfsf2.o)
                0x08000a60                __truncdfsf2
                0x08000a60                __aeabi_d2f
 .text          0x08000b00      0x21c F:/STM32_Cube_IDE/STM32CubeIDE_1.19.0/STM32CubeIDE/plugins/com.st.stm32cube.ide.mcu.externaltools.gnu-tools-for-stm32.13.3.rel1.win32_1.0.0.202411081344/tools/bin/../lib/gcc/arm-none-eabi/13.3.1/thumb/v7-m/nofp\libgcc.a(_arm_addsubsf3.o)
                0x08000b00                __aeabi_frsub
                0x08000b08                __subsf3
                0x08000b08                __aeabi_fsub
                0x08000b0c                __aeabi_fadd
                0x08000b0c                __addsf3
                0x08000c6c                __aeabi_ui2f
                0x08000c6c                __floatunsisf
                0x08000c74                __aeabi_i2f
                0x08000c74                __floatsisf
                0x08000c90                __aeabi_ul2f
                0x08000c90                __floatundisf
                0x08000ca0                __aeabi_l2f
                0x08000ca0                __floatdisf
 .text          0x08000d1c      0x2a0 F:/STM32_Cube_IDE/STM32CubeIDE_1.19.0/STM32CubeIDE/plugins/com.st.stm32cube.ide.mcu.externaltools.gnu-tools-for-stm32.13.3.rel1.win32_1.0.0.202411081344/tools/bin/../lib/gcc/arm-none-eabi/13.3.1/thumb/v7-m/nofp\libgcc.a(_arm_muldivsf3.o)
                0x08000d1c                __mulsf3
                0x08000d1c                __aeabi_fmul
                0x08000e84                __aeabi_fdiv
                0x08000e84                __divsf3
 .text          0x08000fbc       0xec F:/STM32_Cube_IDE/STM32CubeIDE_1.19.0/STM32CubeIDE/plugins/com.st.stm32cube.ide.mcu.externaltools.gnu-tools-for-stm32.13.3.rel1.win32_1.0.0.202411081344/tools/bin/../lib/gcc/arm-none-eabi/13.3.1/thumb/v7-m/nofp\libgcc.a(_arm_cmpsf2.o)
                0x08000fbc                __gesf2
                0x08000fbc                __gtsf2
                0x08000fc4                __lesf2
                0x08000fc4                __ltsf2
                0x08000fcc                __nesf2
                0x08000fcc                __eqsf2
                0x08000fcc                __cmpsf2
                0x0800102c                __aeabi_cfrcmple
                0x08001034                __aeabi_cfcmpeq
                0x08001034                __aeabi_cfcmple
                0x08001044                __aeabi_fcmpeq
                0x08001058                __aeabi_fcmplt
                0x0800106c                __aeabi_fcmple
                0x08001080                __aeabi_fcmpge
                0x08001094                __aeabi_fcmpgt
 .text          0x080010a8       0x4c F:/STM32_Cube_IDE/STM32CubeIDE_1.19.0/STM32CubeIDE/plugins/com.st.stm32cube.ide.mcu.externaltools.gnu-tools-for-stm32.13.3.rel1.win32_1.0.0.202411081344/tools/bin/../lib/gcc/arm-none-eabi/13.3.1/thumb/v7-m/nofp\libgcc.a(_arm_fixsfsi.o)
                0x080010a8                __aeabi_f2iz
                0x080010a8                __fixsfsi
 .text          0x080010f4       0x40 F:/STM32_Cube_IDE/STM32CubeIDE_1.19.0/STM32CubeIDE/plugins/com.st.stm32cube.ide.mcu.externaltools.gnu-tools-for-stm32.13.3.rel1.win32_1.0.0.202411081344/tools/bin/../lib/gcc/arm-none-eabi/13.3.1/thumb/v7-m/nofp\libgcc.a(_arm_fixunssfsi.o)
                0x080010f4                __fixunssfsi
                0x080010f4                __aeabi_f2uiz
 .text          0x08001134       0x30 F:/STM32_Cube_IDE/STM32CubeIDE_1.19.0/STM32CubeIDE/plugins/com.st.stm32cube.ide.mcu.externaltools.gnu-tools-for-stm32.13.3.rel1.win32_1.0.0.202411081344/tools/bin/../lib/gcc/arm-none-eabi/13.3.1/thumb/v7-m/nofp\libgcc.a(_fixdfdi.o)
                0x08001134                __fixdfdi
                0x08001134                __aeabi_d2lz
 .text          0x08001164       0x3c F:/STM32_Cube_IDE/STM32CubeIDE_1.19.0/STM32CubeIDE/plugins/com.st.stm32cube.ide.mcu.externaltools.gnu-tools-for-stm32.13.3.rel1.win32_1.0.0.202411081344/tools/bin/../lib/gcc/arm-none-eabi/13.3.1/thumb/v7-m/nofp\libgcc.a(_fixunsdfdi.o)
                0x08001164                __fixunsdfdi
                0x08001164                __aeabi_d2ulz
 *(.text*)
 .text.Apply_Calib
                0x080011a0       0x28 ./Core/Src/main.o
                0x080011a0                Apply_Calib
 .text.Compute_Linear_Calib
                0x080011c8       0x50 ./Core/Src/main.o
                0x080011c8                Compute_Linear_Calib
 .text.Read_ADC_Value
                0x08001218       0x28 ./Core/Src/main.o
                0x08001218                Read_ADC_Value
 .text.Read_Thermistor_Raw_degC
                0x08001240       0x64 ./Core/Src/main.o
                0x08001240                Read_Thermistor_Raw_degC
 .text.Read_Thermistor_degC
                0x080012a4       0x18 ./Core/Src/main.o
                0x080012a4                Read_Thermistor_degC
 .text.Read_Potentiometer_Raw_deg
                0x080012bc       0x64 ./Core/Src/main.o
                0x080012bc                Read_Potentiometer_Raw_deg
 .text.Read_Potentiometer_deg
                0x08001320       0x18 ./Core/Src/main.o
                0x08001320                Read_Potentiometer_deg
 .text.Delay_us_TIM4
                0x08001338       0x14 ./Core/Src/main.o
                0x08001338                Delay_us_TIM4
 .text.Ultrasonic_Trigger
                0x0800134c       0x68 ./Core/Src/main.o
                0x0800134c                Ultrasonic_Trigger
 .text.Read_Ultrasonic_Raw_cm
                0x080013b4       0xb8 ./Core/Src/main.o
                0x080013b4                Read_Ultrasonic_Raw_cm
 .text.Read_Ultrasonic_cm
                0x0800146c       0x18 ./Core/Src/main.o
                0x0800146c                Read_Ultrasonic_cm
 .text.Read_Laser_Raw_cm
                0x08001484       0x44 ./Core/Src/main.o
                0x08001484                Read_Laser_Raw_cm
 .text.Read_Laser_VL53L0X_cm
                0x080014c8       0x64 ./Core/Src/main.o
                0x080014c8                Read_Laser_VL53L0X_cm
 .text.Parse_Sensor_Name
                0x0800152c       0x50 ./Core/Src/main.o
                0x0800152c                Parse_Sensor_Name
 .text.Get_Calib_By_Sensor
                0x0800157c       0x18 ./Core/Src/main.o
                0x0800157c                Get_Calib_By_Sensor
 .text.Read_Sensor_Raw_For_Calib
                0x08001594       0x54 ./Core/Src/main.o
                0x08001594                Read_Sensor_Raw_For_Calib
 .text.UART_Send_Text
                0x080015e8       0x1c ./Core/Src/main.o
                0x080015e8                UART_Send_Text
 .text.Test_Laser_Raw_UART
                0x08001604       0x28 ./Core/Src/main.o
                0x08001604                Test_Laser_Raw_UART
 .text.SensorId_To_String
                0x0800162c       0x1c ./Core/Src/main.o
                0x0800162c                SensorId_To_String
 .text.UART_Send_SetPoint1
                0x08001648       0x6c ./Core/Src/main.o
                0x08001648                UART_Send_SetPoint1
 .text.UART_Send_SetPoint2
                0x080016b4       0xb8 ./Core/Src/main.o
                0x080016b4                UART_Send_SetPoint2
 .text.Is_Raw_Value_Valid
                0x0800176c       0x38 ./Core/Src/main.o
                0x0800176c                Is_Raw_Value_Valid
 .text.Handle_SetPoint
                0x080017a4       0xa0 ./Core/Src/main.o
                0x080017a4                Handle_SetPoint
 .text.Test_VL53_ID_UART
                0x08001844       0x98 ./Core/Src/main.o
                0x08001844                Test_VL53_ID_UART
 .text.Process_Command
                0x080018dc       0xec ./Core/Src/main.o
                0x080018dc                Process_Command
 .text.Send_Real_Sensor_Data_UART
                0x080019c8       0xb0 ./Core/Src/main.o
                0x080019c8                Send_Real_Sensor_Data_UART
 .text.Reset_Sensor_Sample_Buffer
                0x08001a78       0x48 ./Core/Src/main.o
                0x08001a78                Reset_Sensor_Sample_Buffer
 .text.Sensor_Task_10ms
                0x08001ac0       0x54 ./Core/Src/main.o
                0x08001ac0                Sensor_Task_10ms
 .text.Sensor_Task_50ms
                0x08001b14       0x54 ./Core/Src/main.o
                0x08001b14                Sensor_Task_50ms
 .text.Sensor_Task_100ms
                0x08001b68       0x30 ./Core/Src/main.o
                0x08001b68                Sensor_Task_100ms
 .text.Sensor_Compute_Average
                0x08001b98       0x9c ./Core/Src/main.o
                0x08001b98                Sensor_Compute_Average
 .text.SystemClock_Config
                0x08001c34       0x82 ./Core/Src/main.o
                0x08001c34                SystemClock_Config
 *fill*         0x08001cb6        0x2 
 .text.startup.main
                0x08001cb8      0x3a0 ./Core/Src/main.o
                0x08001cb8                main
 .text.HAL_TIM_PeriodElapsedCallback
                0x08002058       0x68 ./Core/Src/main.o
                0x08002058                HAL_TIM_PeriodElapsedCallback
 .text.HAL_TIM_IC_CaptureCallback
                0x080020c0       0x8c ./Core/Src/main.o
                0x080020c0                HAL_TIM_IC_CaptureCallback
 .text.HAL_UART_RxCpltCallback
                0x0800214c       0x7c ./Core/Src/main.o
                0x0800214c                HAL_UART_RxCpltCallback
 .text.Error_Handler
                0x080021c8        0x4 ./Core/Src/main.o
                0x080021c8                Error_Handler
 .text.HAL_MspInit
                0x080021cc       0x44 ./Core/Src/stm32f1xx_hal_msp.o
                0x080021cc                HAL_MspInit
 .text.HAL_ADC_MspInit
                0x08002210       0x94 ./Core/Src/stm32f1xx_hal_msp.o
                0x08002210                HAL_ADC_MspInit
 .text.HAL_I2C_MspInit
                0x080022a4       0x88 ./Core/Src/stm32f1xx_hal_msp.o
                0x080022a4                HAL_I2C_MspInit
 .text.HAL_TIM_Base_MspInit
                0x0800232c       0x8c ./Core/Src/stm32f1xx_hal_msp.o
                0x0800232c                HAL_TIM_Base_MspInit
 .text.HAL_UART_MspInit
                0x080023b8       0x78 ./Core/Src/stm32f1xx_hal_msp.o
                0x080023b8                HAL_UART_MspInit
 .text.USART1_IRQHandler
                0x08002430        0xc ./Core/Src/stm32f1xx_it.o
                0x08002430                USART1_IRQHandler
 .text.NMI_Handler
                0x0800243c        0x2 ./Core/Src/stm32f1xx_it.o
                0x0800243c                NMI_Handler
 .text.HardFault_Handler
                0x0800243e        0x2 ./Core/Src/stm32f1xx_it.o
                0x0800243e                HardFault_Handler
 .text.MemManage_Handler
                0x08002440        0x2 ./Core/Src/stm32f1xx_it.o
                0x08002440                MemManage_Handler
 .text.BusFault_Handler
                0x08002442        0x2 ./Core/Src/stm32f1xx_it.o
                0x08002442                BusFault_Handler
 .text.UsageFault_Handler
                0x08002444        0x2 ./Core/Src/stm32f1xx_it.o
                0x08002444                UsageFault_Handler
 .text.SVC_Handler
                0x08002446        0x2 ./Core/Src/stm32f1xx_it.o
                0x08002446                SVC_Handler
 .text.DebugMon_Handler
                0x08002448        0x2 ./Core/Src/stm32f1xx_it.o
                0x08002448                DebugMon_Handler
 .text.PendSV_Handler
                0x0800244a        0x2 ./Core/Src/stm32f1xx_it.o
                0x0800244a                PendSV_Handler
 .text.SysTick_Handler
                0x0800244c        0x4 ./Core/Src/stm32f1xx_it.o
                0x0800244c                SysTick_Handler
 .text.USB_LP_CAN1_RX0_IRQHandler
                0x08002450        0xc ./Core/Src/stm32f1xx_it.o
                0x08002450                USB_LP_CAN1_RX0_IRQHandler
 .text.TIM2_IRQHandler
                0x0800245c        0xc ./Core/Src/stm32f1xx_it.o
                0x0800245c                TIM2_IRQHandler
 .text.TIM4_IRQHandler
                0x08002468        0xc ./Core/Src/stm32f1xx_it.o
                0x08002468                TIM4_IRQHandler
 .text._getpid  0x08002474        0x4 ./Core/Src/syscalls.o
                0x08002474                _getpid
 .text._kill    0x08002478       0x10 ./Core/Src/syscalls.o
                0x08002478                _kill
 .text._exit    0x08002488        0xc ./Core/Src/syscalls.o
                0x08002488                _exit
 .text._read    0x08002494       0x1c ./Core/Src/syscalls.o
                0x08002494                _read
 .text._write   0x080024b0       0x1c ./Core/Src/syscalls.o
                0x080024b0                _write
 .text._close   0x080024cc        0x6 ./Core/Src/syscalls.o
                0x080024cc                _close
 .text._fstat   0x080024d2        0xa ./Core/Src/syscalls.o
                0x080024d2                _fstat
 .text._isatty  0x080024dc        0x4 ./Core/Src/syscalls.o
                0x080024dc                _isatty
 .text._lseek   0x080024e0        0x4 ./Core/Src/syscalls.o
                0x080024e0                _lseek
 .text._sbrk    0x080024e4       0x40 ./Core/Src/sysmem.o
                0x080024e4                _sbrk
 .text.SystemInit
                0x08002524        0x2 ./Core/Src/system_stm32f1xx.o
                0x08002524                SystemInit
 *fill*         0x08002526        0x2 
 .text.Reset_Handler
                0x08002528       0x48 ./Core/Startup/startup_stm32f103c8tx.o
                0x08002528                Reset_Handler
 .text.Default_Handler
                0x08002570        0x2 ./Core/Startup/startup_stm32f103c8tx.o
                0x08002570                RTC_Alarm_IRQHandler
                0x08002570                EXTI2_IRQHandler
                0x08002570                TIM1_CC_IRQHandler
                0x08002570                PVD_IRQHandler
                0x08002570                EXTI3_IRQHandler
                0x08002570                EXTI0_IRQHandler
                0x08002570                I2C2_EV_IRQHandler
                0x08002570                ADC1_2_IRQHandler
                0x08002570                SPI1_IRQHandler
                0x08002570                TAMPER_IRQHandler
                0x08002570                DMA1_Channel4_IRQHandler
                0x08002570                USART3_IRQHandler
                0x08002570                RTC_IRQHandler
                0x08002570                DMA1_Channel7_IRQHandler
                0x08002570                CAN1_RX1_IRQHandler
                0x08002570                I2C1_EV_IRQHandler
                0x08002570                DMA1_Channel6_IRQHandler
                0x08002570                TIM3_IRQHandler
                0x08002570                RCC_IRQHandler
                0x08002570                TIM1_TRG_COM_IRQHandler
                0x08002570                DMA1_Channel1_IRQHandler
                0x08002570                Default_Handler
                0x08002570                EXTI15_10_IRQHandler
                0x08002570                EXTI9_5_IRQHandler
                0x08002570                SPI2_IRQHandler
                0x08002570                DMA1_Channel5_IRQHandler
                0x08002570                EXTI4_IRQHandler
                0x08002570                USB_HP_CAN1_TX_IRQHandler
                0x08002570                DMA1_Channel3_IRQHandler
                0x08002570                TIM1_UP_IRQHandler
                0x08002570                WWDG_IRQHandler
                0x08002570                TIM1_BRK_IRQHandler
                0x08002570                EXTI1_IRQHandler
                0x08002570                USART2_IRQHandler
                0x08002570                I2C2_ER_IRQHandler
                0x08002570                DMA1_Channel2_IRQHandler
                0x08002570                CAN1_SCE_IRQHandler
                0x08002570                FLASH_IRQHandler
                0x08002570                I2C1_ER_IRQHandler
                0x08002570                USBWakeUp_IRQHandler
 .text.VL53L0X_WaitDeviceBooted
                0x08002572        0x6 ./Core/library/VL53L0X/core/src/vl53l0x_api.o
                0x08002572                VL53L0X_WaitDeviceBooted
 .text.VL53L0X_SetDeviceMode
                0x08002578       0x1c ./Core/library/VL53L0X/core/src/vl53l0x_api.o
                0x08002578                VL53L0X_SetDeviceMode
 .text.VL53L0X_GetFractionEnable
                0x08002594       0x18 ./Core/library/VL53L0X/core/src/vl53l0x_api.o
                0x08002594                VL53L0X_GetFractionEnable
 .text.VL53L0X_SetMeasurementTimingBudgetMicroSeconds
                0x080025ac        0x4 ./Core/library/VL53L0X/core/src/vl53l0x_api.o
                0x080025ac                VL53L0X_SetMeasurementTimingBudgetMicroSeconds
 .text.VL53L0X_SetVcselPulsePeriod
                0x080025b0        0x4 ./Core/library/VL53L0X/core/src/vl53l0x_api.o
                0x080025b0                VL53L0X_SetVcselPulsePeriod
 .text.VL53L0X_GetVcselPulsePeriod
                0x080025b4        0x4 ./Core/library/VL53L0X/core/src/vl53l0x_api.o
                0x080025b4                VL53L0X_GetVcselPulsePeriod
 .text.VL53L0X_SetSequenceStepEnable
                0x080025b8       0xa4 ./Core/library/VL53L0X/core/src/vl53l0x_api.o
                0x080025b8                VL53L0X_SetSequenceStepEnable
 .text.VL53L0X_GetSequenceStepEnables
                0x0800265c       0x3a ./Core/library/VL53L0X/core/src/vl53l0x_api.o
                0x0800265c                VL53L0X_GetSequenceStepEnables
 .text.VL53L0X_GetInterMeasurementPeriodMilliSeconds
                0x08002696       0x34 ./Core/library/VL53L0X/core/src/vl53l0x_api.o
                0x08002696                VL53L0X_GetInterMeasurementPeriodMilliSeconds
 .text.VL53L0X_GetXTalkCompensationEnable
                0x080026ca        0x8 ./Core/library/VL53L0X/core/src/vl53l0x_api.o
                0x080026ca                VL53L0X_GetXTalkCompensationEnable
 .text.VL53L0X_GetXTalkCompensationRateMegaCps
                0x080026d2       0x2e ./Core/library/VL53L0X/core/src/vl53l0x_api.o
                0x080026d2                VL53L0X_GetXTalkCompensationRateMegaCps
 .text.VL53L0X_SetLimitCheckEnable
                0x08002700       0x7e ./Core/library/VL53L0X/core/src/vl53l0x_api.o
                0x08002700                VL53L0X_SetLimitCheckEnable
 .text.VL53L0X_GetLimitCheckEnable
                0x0800277e       0x18 ./Core/library/VL53L0X/core/src/vl53l0x_api.o
                0x0800277e                VL53L0X_GetLimitCheckEnable
 .text.VL53L0X_SetLimitCheckValue
                0x08002796       0x5a ./Core/library/VL53L0X/core/src/vl53l0x_api.o
                0x08002796                VL53L0X_SetLimitCheckValue
 .text.VL53L0X_GetLimitCheckValue
                0x080027f0       0x66 ./Core/library/VL53L0X/core/src/vl53l0x_api.o
                0x080027f0                VL53L0X_GetLimitCheckValue
 .text.VL53L0X_GetWrapAroundCheckEnable
                0x08002856       0x26 ./Core/library/VL53L0X/core/src/vl53l0x_api.o
                0x08002856                VL53L0X_GetWrapAroundCheckEnable
 .text.VL53L0X_GetDeviceParameters
                0x0800287c       0x76 ./Core/library/VL53L0X/core/src/vl53l0x_api.o
                0x0800287c                VL53L0X_GetDeviceParameters
 *fill*         0x080028f2        0x2 
 .text.VL53L0X_DataInit
                0x080028f4      0x170 ./Core/library/VL53L0X/core/src/vl53l0x_api.o
                0x080028f4                VL53L0X_DataInit
 .text.VL53L0X_PerformRefCalibration
                0x08002a64        0x6 ./Core/library/VL53L0X/core/src/vl53l0x_api.o
                0x08002a64                VL53L0X_PerformRefCalibration
 .text.VL53L0X_GetRangingMeasurementData
                0x08002a6a      0x112 ./Core/library/VL53L0X/core/src/vl53l0x_api.o
                0x08002a6a                VL53L0X_GetRangingMeasurementData
 .text.VL53L0X_GetInterruptThresholds
                0x08002b7c       0x40 ./Core/library/VL53L0X/core/src/vl53l0x_api.o
                0x08002b7c                VL53L0X_GetInterruptThresholds
 .text.VL53L0X_CheckAndLoadInterruptSettings
                0x08002bbc       0x84 ./Core/library/VL53L0X/core/src/vl53l0x_api.o
                0x08002bbc                VL53L0X_CheckAndLoadInterruptSettings
 .text.VL53L0X_StartMeasurement
                0x08002c40       0xd2 ./Core/library/VL53L0X/core/src/vl53l0x_api.o
                0x08002c40                VL53L0X_StartMeasurement
 .text.VL53L0X_PerformSingleMeasurement
                0x08002d12       0x28 ./Core/library/VL53L0X/core/src/vl53l0x_api.o
                0x08002d12                VL53L0X_PerformSingleMeasurement
 .text.VL53L0X_ClearInterruptMask
                0x08002d3a       0x58 ./Core/library/VL53L0X/core/src/vl53l0x_api.o
                0x08002d3a                VL53L0X_ClearInterruptMask
 .text.VL53L0X_PerformSingleRangingMeasurement
                0x08002d92       0x28 ./Core/library/VL53L0X/core/src/vl53l0x_api.o
                0x08002d92                VL53L0X_PerformSingleRangingMeasurement
 .text.VL53L0X_SetGpioConfig.part.0
                0x08002dba      0x116 ./Core/library/VL53L0X/core/src/vl53l0x_api.o
 .text.VL53L0X_StaticInit
                0x08002ed0      0x1a8 ./Core/library/VL53L0X/core/src/vl53l0x_api.o
                0x08002ed0                VL53L0X_StaticInit
 .text.VL53L0X_GetInterruptMaskStatus
                0x08003078       0x26 ./Core/library/VL53L0X/core/src/vl53l0x_api.o
                0x08003078                VL53L0X_GetInterruptMaskStatus
 .text.VL53L0X_GetMeasurementDataReady
                0x0800309e       0x3c ./Core/library/VL53L0X/core/src/vl53l0x_api.o
                0x0800309e                VL53L0X_GetMeasurementDataReady
 .text.VL53L0X_PerformRefSpadManagement
                0x080030da        0x4 ./Core/library/VL53L0X/core/src/vl53l0x_api.o
                0x080030da                VL53L0X_PerformRefSpadManagement
 .text.VL53L0X_get_offset_calibration_data_micro_meter
                0x080030de       0x2e ./Core/library/VL53L0X/core/src/vl53l0x_api_calibration.o
                0x080030de                VL53L0X_get_offset_calibration_data_micro_meter
 .text.get_next_good_spad
                0x0800310c       0x4c ./Core/library/VL53L0X/core/src/vl53l0x_api_calibration.o
                0x0800310c                get_next_good_spad
 .text.is_aperture
                0x08003158       0x14 ./Core/library/VL53L0X/core/src/vl53l0x_api_calibration.o
                0x08003158                is_aperture
 .text.enable_spad_bit
                0x0800316c       0x24 ./Core/library/VL53L0X/core/src/vl53l0x_api_calibration.o
                0x0800316c                enable_spad_bit
 .text.set_ref_spad_map
                0x08003190        0xa ./Core/library/VL53L0X/core/src/vl53l0x_api_calibration.o
                0x08003190                set_ref_spad_map
 .text.get_ref_spad_map
                0x0800319a        0xa ./Core/library/VL53L0X/core/src/vl53l0x_api_calibration.o
                0x0800319a                get_ref_spad_map
 .text.enable_ref_spads
                0x080031a4       0x8c ./Core/library/VL53L0X/core/src/vl53l0x_api_calibration.o
                0x080031a4                enable_ref_spads
 .text.perform_ref_signal_measurement
                0x08003230       0x58 ./Core/library/VL53L0X/core/src/vl53l0x_api_calibration.o
                0x08003230                perform_ref_signal_measurement
 .text.VL53L0X_set_reference_spads
                0x08003288       0x98 ./Core/library/VL53L0X/core/src/vl53l0x_api_calibration.o
                0x08003288                VL53L0X_set_reference_spads
 .text.VL53L0X_perform_single_ref_calibration
                0x08003320       0x32 ./Core/library/VL53L0X/core/src/vl53l0x_api_calibration.o
                0x08003320                VL53L0X_perform_single_ref_calibration
 .text.VL53L0X_ref_calibration_io
                0x08003352       0xd6 ./Core/library/VL53L0X/core/src/vl53l0x_api_calibration.o
                0x08003352                VL53L0X_ref_calibration_io
 .text.VL53L0X_perform_vhv_calibration
                0x08003428       0x8c ./Core/library/VL53L0X/core/src/vl53l0x_api_calibration.o
                0x08003428                VL53L0X_perform_vhv_calibration
 .text.VL53L0X_perform_phase_calibration
                0x080034b4       0x86 ./Core/library/VL53L0X/core/src/vl53l0x_api_calibration.o
                0x080034b4                VL53L0X_perform_phase_calibration
 .text.VL53L0X_perform_ref_calibration
                0x0800353a       0x36 ./Core/library/VL53L0X/core/src/vl53l0x_api_calibration.o
                0x0800353a                VL53L0X_perform_ref_calibration
 .text.VL53L0X_perform_ref_spad_management
                0x08003570      0x24e ./Core/library/VL53L0X/core/src/vl53l0x_api_calibration.o
                0x08003570                VL53L0X_perform_ref_spad_management
 .text.VL53L0X_measurement_poll_for_completion
                0x080037be       0x36 ./Core/library/VL53L0X/core/src/vl53l0x_api_core.o
                0x080037be                VL53L0X_measurement_poll_for_completion
 .text.VL53L0X_isqrt
                0x080037f4       0x26 ./Core/library/VL53L0X/core/src/vl53l0x_api_core.o
                0x080037f4                VL53L0X_isqrt
 .text.VL53L0X_device_read_strobe
                0x0800381a       0x48 ./Core/library/VL53L0X/core/src/vl53l0x_api_core.o
                0x0800381a                VL53L0X_device_read_strobe
 .text.VL53L0X_get_info_from_device
                0x08003862      0x538 ./Core/library/VL53L0X/core/src/vl53l0x_api_core.o
                0x08003862                VL53L0X_get_info_from_device
 .text.VL53L0X_encode_timeout
                0x08003d9a       0x1c ./Core/library/VL53L0X/core/src/vl53l0x_api_core.o
                0x08003d9a                VL53L0X_encode_timeout
 .text.VL53L0X_decode_timeout
                0x08003db6        0xc ./Core/library/VL53L0X/core/src/vl53l0x_api_core.o
                0x08003db6                VL53L0X_decode_timeout
 *fill*         0x08003dc2        0x2 
 .text.VL53L0X_calc_timeout_mclks
                0x08003dc4       0x28 ./Core/library/VL53L0X/core/src/vl53l0x_api_core.o
                0x08003dc4                VL53L0X_calc_timeout_mclks
 .text.VL53L0X_calc_timeout_us
                0x08003dec       0x20 ./Core/library/VL53L0X/core/src/vl53l0x_api_core.o
                0x08003dec                VL53L0X_calc_timeout_us
 .text.get_sequence_step_timeout
                0x08003e0c       0xfc ./Core/library/VL53L0X/core/src/vl53l0x_api_core.o
                0x08003e0c                get_sequence_step_timeout
 .text.set_sequence_step_timeout
                0x08003f08      0x10c ./Core/library/VL53L0X/core/src/vl53l0x_api_core.o
                0x08003f08                set_sequence_step_timeout
 .text.VL53L0X_set_vcsel_pulse_period
                0x08004014      0x20e ./Core/library/VL53L0X/core/src/vl53l0x_api_core.o
                0x08004014                VL53L0X_set_vcsel_pulse_period
 .text.VL53L0X_get_vcsel_pulse_period
                0x08004222       0x34 ./Core/library/VL53L0X/core/src/vl53l0x_api_core.o
                0x08004222                VL53L0X_get_vcsel_pulse_period
 .text.VL53L0X_set_measurement_timing_budget_micro_seconds
                0x08004256       0xd0 ./Core/library/VL53L0X/core/src/vl53l0x_api_core.o
                0x08004256                VL53L0X_set_measurement_timing_budget_micro_seconds
 .text.VL53L0X_get_measurement_timing_budget_micro_seconds
                0x08004326       0xca ./Core/library/VL53L0X/core/src/vl53l0x_api_core.o
                0x08004326                VL53L0X_get_measurement_timing_budget_micro_seconds
 .text.VL53L0X_load_tuning_settings
                0x080043f0       0xa8 ./Core/library/VL53L0X/core/src/vl53l0x_api_core.o
                0x080043f0                VL53L0X_load_tuning_settings
 .text.VL53L0X_get_total_xtalk_rate
                0x08004498       0x2c ./Core/library/VL53L0X/core/src/vl53l0x_api_core.o
                0x08004498                VL53L0X_get_total_xtalk_rate
 .text.VL53L0X_get_total_signal_rate
                0x080044c4       0x1c ./Core/library/VL53L0X/core/src/vl53l0x_api_core.o
                0x080044c4                VL53L0X_get_total_signal_rate
 .text.VL53L0X_calc_dmax
                0x080044e0       0xd8 ./Core/library/VL53L0X/core/src/vl53l0x_api_core.o
                0x080044e0                VL53L0X_calc_dmax
 .text.VL53L0X_calc_sigma_estimate
                0x080045b8      0x218 ./Core/library/VL53L0X/core/src/vl53l0x_api_core.o
                0x080045b8                VL53L0X_calc_sigma_estimate
 .text.VL53L0X_get_pal_range_status
                0x080047d0      0x1d0 ./Core/library/VL53L0X/core/src/vl53l0x_api_core.o
                0x080047d0                VL53L0X_get_pal_range_status
 .text.lidar_init
                0x080049a0      0x120 ./Core/library/VL53L0X/lidarvl53.o
                0x080049a0                lidar_init
 .text.lidar_lee_mm
                0x08004ac0       0x2c ./Core/library/VL53L0X/lidarvl53.o
                0x08004ac0                lidar_lee_mm
 .text.VL53L0X_WriteMulti
                0x08004aec       0x2e ./Core/library/VL53L0X/platform/src/vl53l0x_platform.o
                0x08004aec                VL53L0X_WriteMulti
 .text.VL53L0X_ReadMulti
                0x08004b1a       0x2e ./Core/library/VL53L0X/platform/src/vl53l0x_platform.o
                0x08004b1a                VL53L0X_ReadMulti
 .text.VL53L0X_WrByte
                0x08004b48       0x16 ./Core/library/VL53L0X/platform/src/vl53l0x_platform.o
                0x08004b48                VL53L0X_WrByte
 .text.VL53L0X_WrWord
                0x08004b5e       0x16 ./Core/library/VL53L0X/platform/src/vl53l0x_platform.o
                0x08004b5e                VL53L0X_WrWord
 .text.VL53L0X_RdByte
                0x08004b74        0x6 ./Core/library/VL53L0X/platform/src/vl53l0x_platform.o
                0x08004b74                VL53L0X_RdByte
 .text.VL53L0X_UpdateByte
                0x08004b7a       0x2e ./Core/library/VL53L0X/platform/src/vl53l0x_platform.o
                0x08004b7a                VL53L0X_UpdateByte
 .text.VL53L0X_RdWord
                0x08004ba8       0x1a ./Core/library/VL53L0X/platform/src/vl53l0x_platform.o
                0x08004ba8                VL53L0X_RdWord
 .text.VL53L0X_RdDWord
                0x08004bc2       0x1a ./Core/library/VL53L0X/platform/src/vl53l0x_platform.o
                0x08004bc2                VL53L0X_RdDWord
 .text.VL53L0X_PollingDelay
                0x08004bdc        0xc ./Core/library/VL53L0X/platform/src/vl53l0x_platform.o
                0x08004bdc                VL53L0X_PollingDelay
 .text.HAL_InitTick
                0x08004be8       0x48 ./Drivers/STM32F1xx_HAL_Driver/Src/stm32f1xx_hal.o
                0x08004be8                HAL_InitTick
 .text.HAL_Init
                0x08004c30       0x24 ./Drivers/STM32F1xx_HAL_Driver/Src/stm32f1xx_hal.o
                0x08004c30                HAL_Init
 .text.HAL_IncTick
                0x08004c54       0x18 ./Drivers/STM32F1xx_HAL_Driver/Src/stm32f1xx_hal.o
                0x08004c54                HAL_IncTick
 .text.HAL_GetTick
                0x08004c6c        0xc ./Drivers/STM32F1xx_HAL_Driver/Src/stm32f1xx_hal.o
                0x08004c6c                HAL_GetTick
 .text.HAL_Delay
                0x08004c78       0x24 ./Drivers/STM32F1xx_HAL_Driver/Src/stm32f1xx_hal.o
                0x08004c78                HAL_Delay
 .text.HAL_ADC_PollForConversion
                0x08004c9c      0x148 ./Drivers/STM32F1xx_HAL_Driver/Src/stm32f1xx_hal_adc.o
                0x08004c9c                HAL_ADC_PollForConversion
 .text.HAL_ADC_GetValue
                0x08004de4        0x6 ./Drivers/STM32F1xx_HAL_Driver/Src/stm32f1xx_hal_adc.o
                0x08004de4                HAL_ADC_GetValue
 *fill*         0x08004dea        0x2 
 .text.HAL_ADC_ConfigChannel
                0x08004dec       0xfc ./Drivers/STM32F1xx_HAL_Driver/Src/stm32f1xx_hal_adc.o
                0x08004dec                HAL_ADC_ConfigChannel
 .text.ADC_Enable
                0x08004ee8       0x78 ./Drivers/STM32F1xx_HAL_Driver/Src/stm32f1xx_hal_adc.o
                0x08004ee8                ADC_Enable
 .text.HAL_ADC_Start
                0x08004f60       0xc4 ./Drivers/STM32F1xx_HAL_Driver/Src/stm32f1xx_hal_adc.o
                0x08004f60                HAL_ADC_Start
 .text.ADC_ConversionStop_Disable
                0x08005024       0x4c ./Drivers/STM32F1xx_HAL_Driver/Src/stm32f1xx_hal_adc.o
                0x08005024                ADC_ConversionStop_Disable
 .text.HAL_ADC_Init
                0x08005070       0xfc ./Drivers/STM32F1xx_HAL_Driver/Src/stm32f1xx_hal_adc.o
                0x08005070                HAL_ADC_Init
 .text.HAL_ADC_Stop
                0x0800516c       0x34 ./Drivers/STM32F1xx_HAL_Driver/Src/stm32f1xx_hal_adc.o
                0x0800516c                HAL_ADC_Stop
 .text.HAL_ADCEx_Calibration_Start
                0x080051a0       0xe0 ./Drivers/STM32F1xx_HAL_Driver/Src/stm32f1xx_hal_adc_ex.o
                0x080051a0                HAL_ADCEx_Calibration_Start
 .text.HAL_NVIC_SetPriorityGrouping
                0x08005280       0x24 ./Drivers/STM32F1xx_HAL_Driver/Src/stm32f1xx_hal_cortex.o
                0x08005280                HAL_NVIC_SetPriorityGrouping
 .text.HAL_NVIC_SetPriority
                0x080052a4       0x60 ./Drivers/STM32F1xx_HAL_Driver/Src/stm32f1xx_hal_cortex.o
                0x080052a4                HAL_NVIC_SetPriority
 .text.HAL_NVIC_EnableIRQ
                0x08005304       0x1c ./Drivers/STM32F1xx_HAL_Driver/Src/stm32f1xx_hal_cortex.o
                0x08005304                HAL_NVIC_EnableIRQ
 .text.HAL_SYSTICK_Config
                0x08005320       0x28 ./Drivers/STM32F1xx_HAL_Driver/Src/stm32f1xx_hal_cortex.o
                0x08005320                HAL_SYSTICK_Config
 .text.HAL_DMA_Abort
                0x08005348       0x3e ./Drivers/STM32F1xx_HAL_Driver/Src/stm32f1xx_hal_dma.o
                0x08005348                HAL_DMA_Abort
 *fill*         0x08005386        0x2 
 .text.HAL_DMA_Abort_IT
                0x08005388       0x8c ./Drivers/STM32F1xx_HAL_Driver/Src/stm32f1xx_hal_dma.o
                0x08005388                HAL_DMA_Abort_IT
 .text.HAL_GPIO_Init
                0x08005414      0x1a8 ./Drivers/STM32F1xx_HAL_Driver/Src/stm32f1xx_hal_gpio.o
                0x08005414                HAL_GPIO_Init
 .text.HAL_GPIO_WritePin
                0x080055bc        0xa ./Drivers/STM32F1xx_HAL_Driver/Src/stm32f1xx_hal_gpio.o
                0x080055bc                HAL_GPIO_WritePin
 .text.I2C_IsAcknowledgeFailed
                0x080055c6       0x32 ./Drivers/STM32F1xx_HAL_Driver/Src/stm32f1xx_hal_i2c.o
 .text.I2C_WaitOnFlagUntilTimeout
                0x080055f8       0x80 ./Drivers/STM32F1xx_HAL_Driver/Src/stm32f1xx_hal_i2c.o
 .text.I2C_WaitOnMasterAddressFlagUntilTimeout
                0x08005678       0x84 ./Drivers/STM32F1xx_HAL_Driver/Src/stm32f1xx_hal_i2c.o
 .text.I2C_WaitOnTXEFlagUntilTimeout
                0x080056fc       0x54 ./Drivers/STM32F1xx_HAL_Driver/Src/stm32f1xx_hal_i2c.o
 .text.I2C_RequestMemoryWrite
                0x08005750       0xb4 ./Drivers/STM32F1xx_HAL_Driver/Src/stm32f1xx_hal_i2c.o
 .text.I2C_RequestMemoryRead
                0x08005804      0x108 ./Drivers/STM32F1xx_HAL_Driver/Src/stm32f1xx_hal_i2c.o
 .text.I2C_WaitOnBTFFlagUntilTimeout
                0x0800590c       0x54 ./Drivers/STM32F1xx_HAL_Driver/Src/stm32f1xx_hal_i2c.o
 .text.I2C_WaitOnRXNEFlagUntilTimeout
                0x08005960       0x66 ./Drivers/STM32F1xx_HAL_Driver/Src/stm32f1xx_hal_i2c.o
 *fill*         0x080059c6        0x2 
 .text.HAL_I2C_Init
                0x080059c8      0x150 ./Drivers/STM32F1xx_HAL_Driver/Src/stm32f1xx_hal_i2c.o
                0x080059c8                HAL_I2C_Init
 .text.HAL_I2C_Mem_Write
                0x08005b18      0x120 ./Drivers/STM32F1xx_HAL_Driver/Src/stm32f1xx_hal_i2c.o
                0x08005b18                HAL_I2C_Mem_Write
 .text.HAL_I2C_Mem_Read
                0x08005c38      0x288 ./Drivers/STM32F1xx_HAL_Driver/Src/stm32f1xx_hal_i2c.o
                0x08005c38                HAL_I2C_Mem_Read
 .text.HAL_I2C_IsDeviceReady
                0x08005ec0      0x168 ./Drivers/STM32F1xx_HAL_Driver/Src/stm32f1xx_hal_i2c.o
                0x08005ec0                HAL_I2C_IsDeviceReady
 .text.HAL_PCD_Init
                0x08006028       0xc6 ./Drivers/STM32F1xx_HAL_Driver/Src/stm32f1xx_hal_pcd.o
                0x08006028                HAL_PCD_Init
 .text.HAL_PCD_Start
                0x080060ee       0x32 ./Drivers/STM32F1xx_HAL_Driver/Src/stm32f1xx_hal_pcd.o
                0x080060ee                HAL_PCD_Start
 .text.HAL_PCD_SetAddress
                0x08006120       0x26 ./Drivers/STM32F1xx_HAL_Driver/Src/stm32f1xx_hal_pcd.o
                0x08006120                HAL_PCD_SetAddress
 *fill*         0x08006146        0x2 
 .text.HAL_PCD_IRQHandler
                0x08006148      0xa08 ./Drivers/STM32F1xx_HAL_Driver/Src/stm32f1xx_hal_pcd.o
                0x08006148                HAL_PCD_IRQHandler
 .text.HAL_PCD_EP_Open
                0x08006b50       0x60 ./Drivers/STM32F1xx_HAL_Driver/Src/stm32f1xx_hal_pcd.o
                0x08006b50                HAL_PCD_EP_Open
 .text.HAL_PCD_EP_Close
                0x08006bb0       0x50 ./Drivers/STM32F1xx_HAL_Driver/Src/stm32f1xx_hal_pcd.o
                0x08006bb0                HAL_PCD_EP_Close
 .text.HAL_PCD_EP_Receive
                0x08006c00       0x2e ./Drivers/STM32F1xx_HAL_Driver/Src/stm32f1xx_hal_pcd.o
                0x08006c00                HAL_PCD_EP_Receive
 .text.HAL_PCD_EP_GetRxCount
                0x08006c2e       0x10 ./Drivers/STM32F1xx_HAL_Driver/Src/stm32f1xx_hal_pcd.o
                0x08006c2e                HAL_PCD_EP_GetRxCount
 .text.HAL_PCD_EP_Transmit
                0x08006c3e       0x30 ./Drivers/STM32F1xx_HAL_Driver/Src/stm32f1xx_hal_pcd.o
                0x08006c3e                HAL_PCD_EP_Transmit
 .text.HAL_PCD_EP_SetStall
                0x08006c6e       0x6c ./Drivers/STM32F1xx_HAL_Driver/Src/stm32f1xx_hal_pcd.o
                0x08006c6e                HAL_PCD_EP_SetStall
 .text.HAL_PCD_EP_ClrStall
                0x08006cda       0x64 ./Drivers/STM32F1xx_HAL_Driver/Src/stm32f1xx_hal_pcd.o
                0x08006cda                HAL_PCD_EP_ClrStall
 .text.HAL_PCDEx_PMAConfig
                0x08006d3e       0x32 ./Drivers/STM32F1xx_HAL_Driver/Src/stm32f1xx_hal_pcd_ex.o
                0x08006d3e                HAL_PCDEx_PMAConfig
 .text.HAL_RCC_OscConfig
                0x08006d70      0x338 ./Drivers/STM32F1xx_HAL_Driver/Src/stm32f1xx_hal_rcc.o
                0x08006d70                HAL_RCC_OscConfig
 .text.HAL_RCC_GetSysClockFreq
                0x080070a8       0x4c ./Drivers/STM32F1xx_HAL_Driver/Src/stm32f1xx_hal_rcc.o
                0x080070a8                HAL_RCC_GetSysClockFreq
 .text.HAL_RCC_ClockConfig
                0x080070f4      0x138 ./Drivers/STM32F1xx_HAL_Driver/Src/stm32f1xx_hal_rcc.o
                0x080070f4                HAL_RCC_ClockConfig
 .text.HAL_RCC_GetPCLK1Freq
                0x0800722c       0x20 ./Drivers/STM32F1xx_HAL_Driver/Src/stm32f1xx_hal_rcc.o
                0x0800722c                HAL_RCC_GetPCLK1Freq
 .text.HAL_RCC_GetPCLK2Freq
                0x0800724c       0x20 ./Drivers/STM32F1xx_HAL_Driver/Src/stm32f1xx_hal_rcc.o
                0x0800724c                HAL_RCC_GetPCLK2Freq
 .text.HAL_RCCEx_PeriphCLKConfig
                0x0800726c       0xf4 ./Drivers/STM32F1xx_HAL_Driver/Src/stm32f1xx_hal_rcc_ex.o
                0x0800726c                HAL_RCCEx_PeriphCLKConfig
 .text.HAL_RCCEx_GetPeriphCLKFreq
                0x08007360       0xbc ./Drivers/STM32F1xx_HAL_Driver/Src/stm32f1xx_hal_rcc_ex.o
                0x08007360                HAL_RCCEx_GetPeriphCLKFreq
 .text.HAL_TIM_Base_Start_IT
                0x0800741c       0x54 ./Drivers/STM32F1xx_HAL_Driver/Src/stm32f1xx_hal_tim.o
                0x0800741c                HAL_TIM_Base_Start_IT
 .text.HAL_TIM_IC_MspInit
                0x08007470        0x2 ./Drivers/STM32F1xx_HAL_Driver/Src/stm32f1xx_hal_tim.o
                0x08007470                HAL_TIM_IC_MspInit
 .text.HAL_TIM_ReadCapturedValue
                0x08007472       0x2c ./Drivers/STM32F1xx_HAL_Driver/Src/stm32f1xx_hal_tim.o
                0x08007472                HAL_TIM_ReadCapturedValue
 .text.HAL_TIM_OC_DelayElapsedCallback
                0x0800749e        0x2 ./Drivers/STM32F1xx_HAL_Driver/Src/stm32f1xx_hal_tim.o
                0x0800749e                HAL_TIM_OC_DelayElapsedCallback
 .text.HAL_TIM_PWM_PulseFinishedCallback
                0x080074a0        0x2 ./Drivers/STM32F1xx_HAL_Driver/Src/stm32f1xx_hal_tim.o
                0x080074a0                HAL_TIM_PWM_PulseFinishedCallback
 .text.HAL_TIM_TriggerCallback
                0x080074a2        0x2 ./Drivers/STM32F1xx_HAL_Driver/Src/stm32f1xx_hal_tim.o
                0x080074a2                HAL_TIM_TriggerCallback
 .text.HAL_TIM_IRQHandler
                0x080074a4      0x128 ./Drivers/STM32F1xx_HAL_Driver/Src/stm32f1xx_hal_tim.o
                0x080074a4                HAL_TIM_IRQHandler
 .text.TIM_Base_SetConfig
                0x080075cc       0x64 ./Drivers/STM32F1xx_HAL_Driver/Src/stm32f1xx_hal_tim.o
                0x080075cc                TIM_Base_SetConfig
 .text.HAL_TIM_Base_Init
                0x08007630       0x58 ./Drivers/STM32F1xx_HAL_Driver/Src/stm32f1xx_hal_tim.o
                0x08007630                HAL_TIM_Base_Init
 .text.HAL_TIM_IC_Init
                0x08007688       0x58 ./Drivers/STM32F1xx_HAL_Driver/Src/stm32f1xx_hal_tim.o
                0x08007688                HAL_TIM_IC_Init
 .text.TIM_TI1_SetConfig
                0x080076e0       0x50 ./Drivers/STM32F1xx_HAL_Driver/Src/stm32f1xx_hal_tim.o
                0x080076e0                TIM_TI1_SetConfig
 .text.HAL_TIM_IC_ConfigChannel
                0x08007730      0x116 ./Drivers/STM32F1xx_HAL_Driver/Src/stm32f1xx_hal_tim.o
                0x08007730                HAL_TIM_IC_ConfigChannel
 .text.TIM_ETR_SetConfig
                0x08007846       0x14 ./Drivers/STM32F1xx_HAL_Driver/Src/stm32f1xx_hal_tim.o
                0x08007846                TIM_ETR_SetConfig
 .text.HAL_TIM_ConfigClockSource
                0x0800785a      0x132 ./Drivers/STM32F1xx_HAL_Driver/Src/stm32f1xx_hal_tim.o
                0x0800785a                HAL_TIM_ConfigClockSource
 .text.TIM_CCxChannelCmd
                0x0800798c       0x1c ./Drivers/STM32F1xx_HAL_Driver/Src/stm32f1xx_hal_tim.o
                0x0800798c                TIM_CCxChannelCmd
 .text.HAL_TIM_IC_Start_IT
                0x080079a8       0xe4 ./Drivers/STM32F1xx_HAL_Driver/Src/stm32f1xx_hal_tim.o
                0x080079a8                HAL_TIM_IC_Start_IT
 .text.HAL_TIMEx_MasterConfigSynchronization
                0x08007a8c       0x5c ./Drivers/STM32F1xx_HAL_Driver/Src/stm32f1xx_hal_tim_ex.o
                0x08007a8c                HAL_TIMEx_MasterConfigSynchronization
 .text.HAL_TIMEx_CommutCallback
                0x08007ae8        0x2 ./Drivers/STM32F1xx_HAL_Driver/Src/stm32f1xx_hal_tim_ex.o
                0x08007ae8                HAL_TIMEx_CommutCallback
 .text.HAL_TIMEx_BreakCallback
                0x08007aea        0x2 ./Drivers/STM32F1xx_HAL_Driver/Src/stm32f1xx_hal_tim_ex.o
                0x08007aea                HAL_TIMEx_BreakCallback
 .text.UART_EndRxTransfer
                0x08007aec       0x5c ./Drivers/STM32F1xx_HAL_Driver/Src/stm32f1xx_hal_uart.o
 .text.UART_SetConfig
                0x08007b48       0x74 ./Drivers/STM32F1xx_HAL_Driver/Src/stm32f1xx_hal_uart.o
 .text.UART_WaitOnFlagUntilTimeout.constprop.0
                0x08007bbc       0x64 ./Drivers/STM32F1xx_HAL_Driver/Src/stm32f1xx_hal_uart.o
 .text.HAL_UART_Init
                0x08007c20       0x5e ./Drivers/STM32F1xx_HAL_Driver/Src/stm32f1xx_hal_uart.o
                0x08007c20                HAL_UART_Init
 .text.HAL_UART_Transmit
                0x08007c7e       0x9c ./Drivers/STM32F1xx_HAL_Driver/Src/stm32f1xx_hal_uart.o
                0x08007c7e                HAL_UART_Transmit
 .text.HAL_UART_TxCpltCallback
                0x08007d1a        0x2 ./Drivers/STM32F1xx_HAL_Driver/Src/stm32f1xx_hal_uart.o
                0x08007d1a                HAL_UART_TxCpltCallback
 .text.HAL_UART_ErrorCallback
                0x08007d1c        0x2 ./Drivers/STM32F1xx_HAL_Driver/Src/stm32f1xx_hal_uart.o
                0x08007d1c                HAL_UART_ErrorCallback
 .text.UART_DMAAbortOnError
                0x08007d1e       0x10 ./Drivers/STM32F1xx_HAL_Driver/Src/stm32f1xx_hal_uart.o
 .text.HAL_UARTEx_RxEventCallback
                0x08007d2e        0x2 ./Drivers/STM32F1xx_HAL_Driver/Src/stm32f1xx_hal_uart.o
                0x08007d2e                HAL_UARTEx_RxEventCallback
 .text.UART_Receive_IT.isra.0
                0x08007d30       0xb6 ./Drivers/STM32F1xx_HAL_Driver/Src/stm32f1xx_hal_uart.o
 *fill*         0x08007de6        0x2 
 .text.HAL_UART_IRQHandler
                0x08007de8      0x294 ./Drivers/STM32F1xx_HAL_Driver/Src/stm32f1xx_hal_uart.o
                0x08007de8                HAL_UART_IRQHandler
 .text.UART_Start_Receive_IT
                0x0800807c       0x32 ./Drivers/STM32F1xx_HAL_Driver/Src/stm32f1xx_hal_uart.o
                0x0800807c                UART_Start_Receive_IT
 .text.HAL_UART_Receive_IT
                0x080080ae       0x22 ./Drivers/STM32F1xx_HAL_Driver/Src/stm32f1xx_hal_uart.o
                0x080080ae                HAL_UART_Receive_IT
 .text.USB_CoreInit
                0x080080d0        0xe ./Drivers/STM32F1xx_HAL_Driver/Src/stm32f1xx_ll_usb.o
                0x080080d0                USB_CoreInit
 .text.USB_EnableGlobalInt
                0x080080de       0x12 ./Drivers/STM32F1xx_HAL_Driver/Src/stm32f1xx_ll_usb.o
                0x080080de                USB_EnableGlobalInt
 .text.USB_DisableGlobalInt
                0x080080f0       0x14 ./Drivers/STM32F1xx_HAL_Driver/Src/stm32f1xx_ll_usb.o
                0x080080f0                USB_DisableGlobalInt
 .text.USB_SetCurrentMode
                0x08008104        0x4 ./Drivers/STM32F1xx_HAL_Driver/Src/stm32f1xx_ll_usb.o
                0x08008104                USB_SetCurrentMode
 .text.USB_DevInit
                0x08008108       0x22 ./Drivers/STM32F1xx_HAL_Driver/Src/stm32f1xx_ll_usb.o
                0x08008108                USB_DevInit
 *fill*         0x0800812a        0x2 
 .text.USB_ActivateEndpoint
                0x0800812c      0x2c0 ./Drivers/STM32F1xx_HAL_Driver/Src/stm32f1xx_ll_usb.o
                0x0800812c                USB_ActivateEndpoint
 .text.USB_DeactivateEndpoint
                0x080083ec      0x1a6 ./Drivers/STM32F1xx_HAL_Driver/Src/stm32f1xx_ll_usb.o
                0x080083ec                USB_DeactivateEndpoint
 .text.USB_EPSetStall
                0x08008592       0x40 ./Drivers/STM32F1xx_HAL_Driver/Src/stm32f1xx_ll_usb.o
                0x08008592                USB_EPSetStall
 .text.USB_EPClearStall
                0x080085d2       0x92 ./Drivers/STM32F1xx_HAL_Driver/Src/stm32f1xx_ll_usb.o
                0x080085d2                USB_EPClearStall
 .text.USB_SetDevAddress
                0x08008664        0xc ./Drivers/STM32F1xx_HAL_Driver/Src/stm32f1xx_ll_usb.o
                0x08008664                USB_SetDevAddress
 .text.USB_DevConnect
                0x08008670        0x4 ./Drivers/STM32F1xx_HAL_Driver/Src/stm32f1xx_ll_usb.o
                0x08008670                USB_DevConnect
 .text.USB_DevDisconnect
                0x08008674        0x4 ./Drivers/STM32F1xx_HAL_Driver/Src/stm32f1xx_ll_usb.o
                0x08008674                USB_DevDisconnect
 .text.USB_ReadInterrupts
                0x08008678        0x8 ./Drivers/STM32F1xx_HAL_Driver/Src/stm32f1xx_ll_usb.o
                0x08008678                USB_ReadInterrupts
 .text.USB_EP0_OutStart
                0x08008680        0x4 ./Drivers/STM32F1xx_HAL_Driver/Src/stm32f1xx_ll_usb.o
                0x08008680                USB_EP0_OutStart
 .text.USB_WritePMA
                0x08008684       0x20 ./Drivers/STM32F1xx_HAL_Driver/Src/stm32f1xx_ll_usb.o
                0x08008684                USB_WritePMA
 .text.USB_EPStartXfer
                0x080086a4      0x46a ./Drivers/STM32F1xx_HAL_Driver/Src/stm32f1xx_ll_usb.o
                0x080086a4                USB_EPStartXfer
 .text.USB_ReadPMA
                0x08008b0e       0x38 ./Drivers/STM32F1xx_HAL_Driver/Src/stm32f1xx_ll_usb.o
                0x08008b0e                USB_ReadPMA
 .text.USBD_CDC_EP0_RxReady
                0x08008b46       0x28 ./Middlewares/ST/STM32_USB_Device_Library/Class/CDC/Src/usbd_cdc.o
 *fill*         0x08008b6e        0x2 
 .text.USBD_CDC_GetFSCfgDesc
                0x08008b70        0xc ./Middlewares/ST/STM32_USB_Device_Library/Class/CDC/Src/usbd_cdc.o
 .text.USBD_CDC_GetHSCfgDesc
                0x08008b7c        0xc ./Middlewares/ST/STM32_USB_Device_Library/Class/CDC/Src/usbd_cdc.o
 .text.USBD_CDC_GetOtherSpeedCfgDesc
                0x08008b88        0xc ./Middlewares/ST/STM32_USB_Device_Library/Class/CDC/Src/usbd_cdc.o
 .text.USBD_CDC_GetDeviceQualifierDescriptor
                0x08008b94        0xc ./Middlewares/ST/STM32_USB_Device_Library/Class/CDC/Src/usbd_cdc.o
                0x08008b94                USBD_CDC_GetDeviceQualifierDescriptor
 .text.USBD_CDC_DataOut
                0x08008ba0       0x2e ./Middlewares/ST/STM32_USB_Device_Library/Class/CDC/Src/usbd_cdc.o
 .text.USBD_CDC_DataIn
                0x08008bce       0x40 ./Middlewares/ST/STM32_USB_Device_Library/Class/CDC/Src/usbd_cdc.o
 .text.USBD_CDC_Setup
                0x08008c0e       0xa2 ./Middlewares/ST/STM32_USB_Device_Library/Class/CDC/Src/usbd_cdc.o
 .text.USBD_CDC_DeInit
                0x08008cb0       0x42 ./Middlewares/ST/STM32_USB_Device_Library/Class/CDC/Src/usbd_cdc.o
 .text.USBD_CDC_Init
                0x08008cf2       0x8c ./Middlewares/ST/STM32_USB_Device_Library/Class/CDC/Src/usbd_cdc.o
 .text.USBD_CDC_RegisterInterface
                0x08008d7e        0xe ./Middlewares/ST/STM32_USB_Device_Library/Class/CDC/Src/usbd_cdc.o
                0x08008d7e                USBD_CDC_RegisterInterface
 .text.USBD_CDC_SetTxBuffer
                0x08008d8c       0x10 ./Middlewares/ST/STM32_USB_Device_Library/Class/CDC/Src/usbd_cdc.o
                0x08008d8c                USBD_CDC_SetTxBuffer
 .text.USBD_CDC_SetRxBuffer
                0x08008d9c        0xc ./Middlewares/ST/STM32_USB_Device_Library/Class/CDC/Src/usbd_cdc.o
                0x08008d9c                USBD_CDC_SetRxBuffer
 .text.USBD_CDC_TransmitPacket
                0x08008da8       0x32 ./Middlewares/ST/STM32_USB_Device_Library/Class/CDC/Src/usbd_cdc.o
                0x08008da8                USBD_CDC_TransmitPacket
 .text.USBD_CDC_ReceivePacket
                0x08008dda       0x26 ./Middlewares/ST/STM32_USB_Device_Library/Class/CDC/Src/usbd_cdc.o
                0x08008dda                USBD_CDC_ReceivePacket
 .text.USBD_Init
                0x08008e00       0x2a ./Middlewares/ST/STM32_USB_Device_Library/Core/Src/usbd_core.o
                0x08008e00                USBD_Init
 .text.USBD_RegisterClass
                0x08008e2a        0xe ./Middlewares/ST/STM32_USB_Device_Library/Core/Src/usbd_core.o
                0x08008e2a                USBD_RegisterClass
 .text.USBD_Start
                0x08008e38        0xa ./Middlewares/ST/STM32_USB_Device_Library/Core/Src/usbd_core.o
                0x08008e38                USBD_Start
 .text.USBD_SetClassConfig
                0x08008e42       0x1a ./Middlewares/ST/STM32_USB_Device_Library/Core/Src/usbd_core.o
                0x08008e42                USBD_SetClassConfig
 .text.USBD_ClrClassConfig
                0x08008e5c        0xe ./Middlewares/ST/STM32_USB_Device_Library/Core/Src/usbd_core.o
                0x08008e5c                USBD_ClrClassConfig
 .text.USBD_LL_SetupStage
                0x08008e6a       0x5a ./Middlewares/ST/STM32_USB_Device_Library/Core/Src/usbd_core.o
                0x08008e6a                USBD_LL_SetupStage
 .text.USBD_LL_DataOutStage
                0x08008ec4       0x70 ./Middlewares/ST/STM32_USB_Device_Library/Core/Src/usbd_core.o
                0x08008ec4                USBD_LL_DataOutStage
 .text.USBD_LL_DataInStage
                0x08008f34       0xb8 ./Middlewares/ST/STM32_USB_Device_Library/Core/Src/usbd_core.o
                0x08008f34                USBD_LL_DataInStage
 .text.USBD_LL_Reset
                0x08008fec       0x4e ./Middlewares/ST/STM32_USB_Device_Library/Core/Src/usbd_core.o
                0x08008fec                USBD_LL_Reset
 .text.USBD_LL_SetSpeed
                0x0800903a        0x6 ./Middlewares/ST/STM32_USB_Device_Library/Core/Src/usbd_core.o
                0x0800903a                USBD_LL_SetSpeed
 .text.USBD_LL_Suspend
                0x08009040       0x12 ./Middlewares/ST/STM32_USB_Device_Library/Core/Src/usbd_core.o
                0x08009040                USBD_LL_Suspend
 .text.USBD_LL_Resume
                0x08009052       0x14 ./Middlewares/ST/STM32_USB_Device_Library/Core/Src/usbd_core.o
                0x08009052                USBD_LL_Resume
 .text.USBD_LL_SOF
                0x08009066       0x18 ./Middlewares/ST/STM32_USB_Device_Library/Core/Src/usbd_core.o
                0x08009066                USBD_LL_SOF
 .text.USBD_CtlError.constprop.0
                0x0800907e       0x16 ./Middlewares/ST/STM32_USB_Device_Library/Core/Src/usbd_ctlreq.o
 .text.USBD_StdDevReq
                0x08009094      0x290 ./Middlewares/ST/STM32_USB_Device_Library/Core/Src/usbd_ctlreq.o
                0x08009094                USBD_StdDevReq
 .text.USBD_StdItfReq
                0x08009324       0x48 ./Middlewares/ST/STM32_USB_Device_Library/Core/Src/usbd_ctlreq.o
                0x08009324                USBD_StdItfReq
 .text.USBD_StdEPReq
                0x0800936c      0x118 ./Middlewares/ST/STM32_USB_Device_Library/Core/Src/usbd_ctlreq.o
                0x0800936c                USBD_StdEPReq
 .text.USBD_ParseSetupRequest
                0x08009484       0x16 ./Middlewares/ST/STM32_USB_Device_Library/Core/Src/usbd_ctlreq.o
                0x08009484                USBD_ParseSetupRequest
 .text.USBD_CtlError
                0x0800949a       0x16 ./Middlewares/ST/STM32_USB_Device_Library/Core/Src/usbd_ctlreq.o
                0x0800949a                USBD_CtlError
 .text.USBD_GetString
                0x080094b0       0x38 ./Middlewares/ST/STM32_USB_Device_Library/Core/Src/usbd_ctlreq.o
                0x080094b0                USBD_GetString
 .text.USBD_CtlSendData
                0x080094e8       0x1a ./Middlewares/ST/STM32_USB_Device_Library/Core/Src/usbd_ioreq.o
                0x080094e8                USBD_CtlSendData
 .text.USBD_CtlContinueSendData
                0x08009502       0x10 ./Middlewares/ST/STM32_USB_Device_Library/Core/Src/usbd_ioreq.o
                0x08009502                USBD_CtlContinueSendData
 .text.USBD_CtlPrepareRx
                0x08009512       0x1a ./Middlewares/ST/STM32_USB_Device_Library/Core/Src/usbd_ioreq.o
                0x08009512                USBD_CtlPrepareRx
 .text.USBD_CtlContinueRx
                0x0800952c       0x10 ./Middlewares/ST/STM32_USB_Device_Library/Core/Src/usbd_ioreq.o
                0x0800952c                USBD_CtlContinueRx
 .text.USBD_CtlSendStatus
                0x0800953c       0x16 ./Middlewares/ST/STM32_USB_Device_Library/Core/Src/usbd_ioreq.o
                0x0800953c                USBD_CtlSendStatus
 .text.USBD_CtlReceiveStatus
                0x08009552       0x16 ./Middlewares/ST/STM32_USB_Device_Library/Core/Src/usbd_ioreq.o
                0x08009552                USBD_CtlReceiveStatus
 .text.MX_USB_DEVICE_Init
                0x08009568       0x50 ./USB_DEVICE/App/usb_device.o
                0x08009568                MX_USB_DEVICE_Init
 .text.CDC_DeInit_FS
                0x080095b8        0x4 ./USB_DEVICE/App/usbd_cdc_if.o
 .text.CDC_Control_FS
                0x080095bc        0x4 ./USB_DEVICE/App/usbd_cdc_if.o
 .text.CDC_Init_FS
                0x080095c0       0x28 ./USB_DEVICE/App/usbd_cdc_if.o
 .text.CDC_Transmit_FS
                0x080095e8       0x2c ./USB_DEVICE/App/usbd_cdc_if.o
                0x080095e8                CDC_Transmit_FS
 .text.CDC_Receive_FS
                0x08009614       0x34 ./USB_DEVICE/App/usbd_cdc_if.o
 .text.USBD_FS_DeviceDescriptor
                0x08009648        0xc ./USB_DEVICE/App/usbd_desc.o
                0x08009648                USBD_FS_DeviceDescriptor
 .text.USBD_FS_LangIDStrDescriptor
                0x08009654        0xc ./USB_DEVICE/App/usbd_desc.o
                0x08009654                USBD_FS_LangIDStrDescriptor
 .text.IntToUnicode
                0x08009660       0x2a ./USB_DEVICE/App/usbd_desc.o
 *fill*         0x0800968a        0x2 
 .text.USBD_FS_SerialStrDescriptor
                0x0800968c       0x3c ./USB_DEVICE/App/usbd_desc.o
                0x0800968c                USBD_FS_SerialStrDescriptor
 .text.USBD_FS_ManufacturerStrDescriptor
                0x080096c8       0x1c ./USB_DEVICE/App/usbd_desc.o
                0x080096c8                USBD_FS_ManufacturerStrDescriptor
 .text.USBD_FS_ProductStrDescriptor
                0x080096e4       0x1c ./USB_DEVICE/App/usbd_desc.o
                0x080096e4                USBD_FS_ProductStrDescriptor
 .text.USBD_FS_ConfigStrDescriptor
                0x08009700       0x1c ./USB_DEVICE/App/usbd_desc.o
                0x08009700                USBD_FS_ConfigStrDescriptor
 .text.USBD_FS_InterfaceStrDescriptor
                0x0800971c       0x1c ./USB_DEVICE/App/usbd_desc.o
                0x0800971c                USBD_FS_InterfaceStrDescriptor
 .text.USBD_Get_USB_Status
                0x08009738        0xc ./USB_DEVICE/Target/usbd_conf.o
 .text.HAL_PCD_MspInit
                0x08009744       0x40 ./USB_DEVICE/Target/usbd_conf.o
                0x08009744                HAL_PCD_MspInit
 .text.HAL_PCD_SetupStageCallback
                0x08009784        0xc ./USB_DEVICE/Target/usbd_conf.o
                0x08009784                HAL_PCD_SetupStageCallback
 .text.HAL_PCD_DataOutStageCallback
                0x08009790       0x12 ./USB_DEVICE/Target/usbd_conf.o
                0x08009790                HAL_PCD_DataOutStageCallback
 .text.HAL_PCD_DataInStageCallback
                0x080097a2       0x10 ./USB_DEVICE/Target/usbd_conf.o
                0x080097a2                HAL_PCD_DataInStageCallback
 .text.HAL_PCD_SOFCallback
                0x080097b2        0x8 ./USB_DEVICE/Target/usbd_conf.o
                0x080097b2                HAL_PCD_SOFCallback
 .text.HAL_PCD_ResetCallback
                0x080097ba       0x24 ./USB_DEVICE/Target/usbd_conf.o
                0x080097ba                HAL_PCD_ResetCallback
 *fill*         0x080097de        0x2 
 .text.HAL_PCD_SuspendCallback
                0x080097e0       0x20 ./USB_DEVICE/Target/usbd_conf.o
                0x080097e0                HAL_PCD_SuspendCallback
 .text.HAL_PCD_ResumeCallback
                0x08009800        0x8 ./USB_DEVICE/Target/usbd_conf.o
                0x08009800                HAL_PCD_ResumeCallback
 .text.USBD_LL_Init
                0x08009808       0x80 ./USB_DEVICE/Target/usbd_conf.o
                0x08009808                USBD_LL_Init
 .text.USBD_LL_Start
                0x08009888       0x12 ./USB_DEVICE/Target/usbd_conf.o
                0x08009888                USBD_LL_Start
 .text.USBD_LL_OpenEP
                0x0800989a       0x18 ./USB_DEVICE/Target/usbd_conf.o
                0x0800989a                USBD_LL_OpenEP
 .text.USBD_LL_CloseEP
                0x080098b2       0x12 ./USB_DEVICE/Target/usbd_conf.o
                0x080098b2                USBD_LL_CloseEP
 .text.USBD_LL_StallEP
                0x080098c4       0x12 ./USB_DEVICE/Target/usbd_conf.o
                0x080098c4                USBD_LL_StallEP
 .text.USBD_LL_ClearStallEP
                0x080098d6       0x12 ./USB_DEVICE/Target/usbd_conf.o
                0x080098d6                USBD_LL_ClearStallEP
 .text.USBD_LL_IsStallEP
                0x080098e8       0x22 ./USB_DEVICE/Target/usbd_conf.o
                0x080098e8                USBD_LL_IsStallEP
 .text.USBD_LL_SetUSBAddress
                0x0800990a       0x12 ./USB_DEVICE/Target/usbd_conf.o
                0x0800990a                USBD_LL_SetUSBAddress
 .text.USBD_LL_Transmit
                0x0800991c       0x12 ./USB_DEVICE/Target/usbd_conf.o
                0x0800991c                USBD_LL_Transmit
 .text.USBD_LL_PrepareReceive
                0x0800992e       0x12 ./USB_DEVICE/Target/usbd_conf.o
                0x0800992e                USBD_LL_PrepareReceive
 .text.USBD_LL_GetRxDataSize
                0x08009940        0x8 ./USB_DEVICE/Target/usbd_conf.o
                0x08009940                USBD_LL_GetRxDataSize
 .text.USBD_static_malloc
                0x08009948        0x8 ./USB_DEVICE/Target/usbd_conf.o
                0x08009948                USBD_static_malloc
 .text.USBD_static_free
                0x08009950        0x2 ./USB_DEVICE/Target/usbd_conf.o
                0x08009950                USBD_static_free
 .text.HAL_PCDEx_SetConnectionState
                0x08009952        0x2 ./USB_DEVICE/Target/usbd_conf.o
                0x08009952                HAL_PCDEx_SetConnectionState
 .text.atof     0x08009954        0x6 F:/STM32_Cube_IDE/STM32CubeIDE_1.19.0/STM32CubeIDE/plugins/com.st.stm32cube.ide.mcu.externaltools.gnu-tools-for-stm32.13.3.rel1.win32_1.0.0.202411081344/tools/bin/../lib/gcc/arm-none-eabi/13.3.1/../../../../arm-none-eabi/lib/thumb/v7-m/nofp\libc_nano.a(libc_a-atof.o)
                0x08009954                atof
 .text.sulp     0x0800995a       0x42 F:/STM32_Cube_IDE/STM32CubeIDE_1.19.0/STM32CubeIDE/plugins/com.st.stm32cube.ide.mcu.externaltools.gnu-tools-for-stm32.13.3.rel1.win32_1.0.0.202411081344/tools/bin/../lib/gcc/arm-none-eabi/13.3.1/../../../../arm-none-eabi/lib/thumb/v7-m/nofp\libc_nano.a(libc_a-strtod.o)
 *fill*         0x0800999c        0x4 
 .text._strtod_l
                0x080099a0      0xbb0 F:/STM32_Cube_IDE/STM32CubeIDE_1.19.0/STM32CubeIDE/plugins/com.st.stm32cube.ide.mcu.externaltools.gnu-tools-for-stm32.13.3.rel1.win32_1.0.0.202411081344/tools/bin/../lib/gcc/arm-none-eabi/13.3.1/../../../../arm-none-eabi/lib/thumb/v7-m/nofp\libc_nano.a(libc_a-strtod.o)
                0x080099a0                _strtod_l
 .text.strtod   0x0800a550       0x18 F:/STM32_Cube_IDE/STM32CubeIDE_1.19.0/STM32CubeIDE/plugins/com.st.stm32cube.ide.mcu.externaltools.gnu-tools-for-stm32.13.3.rel1.win32_1.0.0.202411081344/tools/bin/../lib/gcc/arm-none-eabi/13.3.1/../../../../arm-none-eabi/lib/thumb/v7-m/nofp\libc_nano.a(libc_a-strtod.o)
                0x0800a550                strtod
 .text.std      0x0800a568       0x6c F:/STM32_Cube_IDE/STM32CubeIDE_1.19.0/STM32CubeIDE/plugins/com.st.stm32cube.ide.mcu.externaltools.gnu-tools-for-stm32.13.3.rel1.win32_1.0.0.202411081344/tools/bin/../lib/gcc/arm-none-eabi/13.3.1/../../../../arm-none-eabi/lib/thumb/v7-m/nofp\libc_nano.a(libc_a-findfp.o)
 .text.stdio_exit_handler
                0x0800a5d4       0x18 F:/STM32_Cube_IDE/STM32CubeIDE_1.19.0/STM32CubeIDE/plugins/com.st.stm32cube.ide.mcu.externaltools.gnu-tools-for-stm32.13.3.rel1.win32_1.0.0.202411081344/tools/bin/../lib/gcc/arm-none-eabi/13.3.1/../../../../arm-none-eabi/lib/thumb/v7-m/nofp\libc_nano.a(libc_a-findfp.o)
 .text.cleanup_stdio
                0x0800a5ec       0x40 F:/STM32_Cube_IDE/STM32CubeIDE_1.19.0/STM32CubeIDE/plugins/com.st.stm32cube.ide.mcu.externaltools.gnu-tools-for-stm32.13.3.rel1.win32_1.0.0.202411081344/tools/bin/../lib/gcc/arm-none-eabi/13.3.1/../../../../arm-none-eabi/lib/thumb/v7-m/nofp\libc_nano.a(libc_a-findfp.o)
 .text.global_stdio_init.part.0
                0x0800a62c       0x3c F:/STM32_Cube_IDE/STM32CubeIDE_1.19.0/STM32CubeIDE/plugins/com.st.stm32cube.ide.mcu.externaltools.gnu-tools-for-stm32.13.3.rel1.win32_1.0.0.202411081344/tools/bin/../lib/gcc/arm-none-eabi/13.3.1/../../../../arm-none-eabi/lib/thumb/v7-m/nofp\libc_nano.a(libc_a-findfp.o)
 .text.__sfp_lock_acquire
                0x0800a668        0xc F:/STM32_Cube_IDE/STM32CubeIDE_1.19.0/STM32CubeIDE/plugins/com.st.stm32cube.ide.mcu.externaltools.gnu-tools-for-stm32.13.3.rel1.win32_1.0.0.202411081344/tools/bin/../lib/gcc/arm-none-eabi/13.3.1/../../../../arm-none-eabi/lib/thumb/v7-m/nofp\libc_nano.a(libc_a-findfp.o)
                0x0800a668                __sfp_lock_acquire
 .text.__sfp_lock_release
                0x0800a674        0xc F:/STM32_Cube_IDE/STM32CubeIDE_1.19.0/STM32CubeIDE/plugins/com.st.stm32cube.ide.mcu.externaltools.gnu-tools-for-stm32.13.3.rel1.win32_1.0.0.202411081344/tools/bin/../lib/gcc/arm-none-eabi/13.3.1/../../../../arm-none-eabi/lib/thumb/v7-m/nofp\libc_nano.a(libc_a-findfp.o)
                0x0800a674                __sfp_lock_release
 .text.__sinit  0x0800a680       0x30 F:/STM32_Cube_IDE/STM32CubeIDE_1.19.0/STM32CubeIDE/plugins/com.st.stm32cube.ide.mcu.externaltools.gnu-tools-for-stm32.13.3.rel1.win32_1.0.0.202411081344/tools/bin/../lib/gcc/arm-none-eabi/13.3.1/../../../../arm-none-eabi/lib/thumb/v7-m/nofp\libc_nano.a(libc_a-findfp.o)
                0x0800a680                __sinit
 .text._fwalk_sglue
                0x0800a6b0       0x3c F:/STM32_Cube_IDE/STM32CubeIDE_1.19.0/STM32CubeIDE/plugins/com.st.stm32cube.ide.mcu.externaltools.gnu-tools-for-stm32.13.3.rel1.win32_1.0.0.202411081344/tools/bin/../lib/gcc/arm-none-eabi/13.3.1/../../../../arm-none-eabi/lib/thumb/v7-m/nofp\libc_nano.a(libc_a-fwalk.o)
                0x0800a6b0                _fwalk_sglue
 .text.snprintf
                0x0800a6ec       0x6c F:/STM32_Cube_IDE/STM32CubeIDE_1.19.0/STM32CubeIDE/plugins/com.st.stm32cube.ide.mcu.externaltools.gnu-tools-for-stm32.13.3.rel1.win32_1.0.0.202411081344/tools/bin/../lib/gcc/arm-none-eabi/13.3.1/../../../../arm-none-eabi/lib/thumb/v7-m/nofp\libc_nano.a(libc_a-snprintf.o)
                0x0800a6ec                sniprintf
                0x0800a6ec                snprintf
 .text.__sread  0x0800a758       0x22 F:/STM32_Cube_IDE/STM32CubeIDE_1.19.0/STM32CubeIDE/plugins/com.st.stm32cube.ide.mcu.externaltools.gnu-tools-for-stm32.13.3.rel1.win32_1.0.0.202411081344/tools/bin/../lib/gcc/arm-none-eabi/13.3.1/../../../../arm-none-eabi/lib/thumb/v7-m/nofp\libc_nano.a(libc_a-stdio.o)
                0x0800a758                __sread
 .text.__swrite
                0x0800a77a       0x38 F:/STM32_Cube_IDE/STM32CubeIDE_1.19.0/STM32CubeIDE/plugins/com.st.stm32cube.ide.mcu.externaltools.gnu-tools-for-stm32.13.3.rel1.win32_1.0.0.202411081344/tools/bin/../lib/gcc/arm-none-eabi/13.3.1/../../../../arm-none-eabi/lib/thumb/v7-m/nofp\libc_nano.a(libc_a-stdio.o)
                0x0800a77a                __swrite
 .text.__sseek  0x0800a7b2       0x24 F:/STM32_Cube_IDE/STM32CubeIDE_1.19.0/STM32CubeIDE/plugins/com.st.stm32cube.ide.mcu.externaltools.gnu-tools-for-stm32.13.3.rel1.win32_1.0.0.202411081344/tools/bin/../lib/gcc/arm-none-eabi/13.3.1/../../../../arm-none-eabi/lib/thumb/v7-m/nofp\libc_nano.a(libc_a-stdio.o)
                0x0800a7b2                __sseek
 .text.__sclose
                0x0800a7d6        0x8 F:/STM32_Cube_IDE/STM32CubeIDE_1.19.0/STM32CubeIDE/plugins/com.st.stm32cube.ide.mcu.externaltools.gnu-tools-for-stm32.13.3.rel1.win32_1.0.0.202411081344/tools/bin/../lib/gcc/arm-none-eabi/13.3.1/../../../../arm-none-eabi/lib/thumb/v7-m/nofp\libc_nano.a(libc_a-stdio.o)
                0x0800a7d6                __sclose
 .text.memset   0x0800a7de       0x10 F:/STM32_Cube_IDE/STM32CubeIDE_1.19.0/STM32CubeIDE/plugins/com.st.stm32cube.ide.mcu.externaltools.gnu-tools-for-stm32.13.3.rel1.win32_1.0.0.202411081344/tools/bin/../lib/gcc/arm-none-eabi/13.3.1/../../../../arm-none-eabi/lib/thumb/v7-m/nofp\libc_nano.a(libc_a-memset.o)
                0x0800a7de                memset
 .text.strncmp  0x0800a7ee       0x24 F:/STM32_Cube_IDE/STM32CubeIDE_1.19.0/STM32CubeIDE/plugins/com.st.stm32cube.ide.mcu.externaltools.gnu-tools-for-stm32.13.3.rel1.win32_1.0.0.202411081344/tools/bin/../lib/gcc/arm-none-eabi/13.3.1/../../../../arm-none-eabi/lib/thumb/v7-m/nofp\libc_nano.a(libc_a-strncmp.o)
                0x0800a7ee                strncmp
 *fill*         0x0800a812        0x2 
 .text.strtok   0x0800a814       0x68 F:/STM32_Cube_IDE/STM32CubeIDE_1.19.0/STM32CubeIDE/plugins/com.st.stm32cube.ide.mcu.externaltools.gnu-tools-for-stm32.13.3.rel1.win32_1.0.0.202411081344/tools/bin/../lib/gcc/arm-none-eabi/13.3.1/../../../../arm-none-eabi/lib/thumb/v7-m/nofp\libc_nano.a(libc_a-strtok.o)
                0x0800a814                strtok
 .text.__strtok_r
                0x0800a87c       0x50 F:/STM32_Cube_IDE/STM32CubeIDE_1.19.0/STM32CubeIDE/plugins/com.st.stm32cube.ide.mcu.externaltools.gnu-tools-for-stm32.13.3.rel1.win32_1.0.0.202411081344/tools/bin/../lib/gcc/arm-none-eabi/13.3.1/../../../../arm-none-eabi/lib/thumb/v7-m/nofp\libc_nano.a(libc_a-strtok_r.o)
                0x0800a87c                __strtok_r
 .text._close_r
                0x0800a8cc       0x20 F:/STM32_Cube_IDE/STM32CubeIDE_1.19.0/STM32CubeIDE/plugins/com.st.stm32cube.ide.mcu.externaltools.gnu-tools-for-stm32.13.3.rel1.win32_1.0.0.202411081344/tools/bin/../lib/gcc/arm-none-eabi/13.3.1/../../../../arm-none-eabi/lib/thumb/v7-m/nofp\libc_nano.a(libc_a-closer.o)
                0x0800a8cc                _close_r
 .text._lseek_r
                0x0800a8ec       0x24 F:/STM32_Cube_IDE/STM32CubeIDE_1.19.0/STM32CubeIDE/plugins/com.st.stm32cube.ide.mcu.externaltools.gnu-tools-for-stm32.13.3.rel1.win32_1.0.0.202411081344/tools/bin/../lib/gcc/arm-none-eabi/13.3.1/../../../../arm-none-eabi/lib/thumb/v7-m/nofp\libc_nano.a(libc_a-lseekr.o)
                0x0800a8ec                _lseek_r
 .text._read_r  0x0800a910       0x24 F:/STM32_Cube_IDE/STM32CubeIDE_1.19.0/STM32CubeIDE/plugins/com.st.stm32cube.ide.mcu.externaltools.gnu-tools-for-stm32.13.3.rel1.win32_1.0.0.202411081344/tools/bin/../lib/gcc/arm-none-eabi/13.3.1/../../../../arm-none-eabi/lib/thumb/v7-m/nofp\libc_nano.a(libc_a-readr.o)
                0x0800a910                _read_r
 .text._write_r
                0x0800a934       0x24 F:/STM32_Cube_IDE/STM32CubeIDE_1.19.0/STM32CubeIDE/plugins/com.st.stm32cube.ide.mcu.externaltools.gnu-tools-for-stm32.13.3.rel1.win32_1.0.0.202411081344/tools/bin/../lib/gcc/arm-none-eabi/13.3.1/../../../../arm-none-eabi/lib/thumb/v7-m/nofp\libc_nano.a(libc_a-writer.o)
                0x0800a934                _write_r
 .text.__errno  0x0800a958        0xc F:/STM32_Cube_IDE/STM32CubeIDE_1.19.0/STM32CubeIDE/plugins/com.st.stm32cube.ide.mcu.externaltools.gnu-tools-for-stm32.13.3.rel1.win32_1.0.0.202411081344/tools/bin/../lib/gcc/arm-none-eabi/13.3.1/../../../../arm-none-eabi/lib/thumb/v7-m/nofp\libc_nano.a(libc_a-errno.o)
                0x0800a958                __errno
 .text.__libc_init_array
                0x0800a964       0x48 F:/STM32_Cube_IDE/STM32CubeIDE_1.19.0/STM32CubeIDE/plugins/com.st.stm32cube.ide.mcu.externaltools.gnu-tools-for-stm32.13.3.rel1.win32_1.0.0.202411081344/tools/bin/../lib/gcc/arm-none-eabi/13.3.1/../../../../arm-none-eabi/lib/thumb/v7-m/nofp\libc_nano.a(libc_a-init.o)
                0x0800a964                __libc_init_array
 .text.__retarget_lock_init_recursive
                0x0800a9ac        0x2 F:/STM32_Cube_IDE/STM32CubeIDE_1.19.0/STM32CubeIDE/plugins/com.st.stm32cube.ide.mcu.externaltools.gnu-tools-for-stm32.13.3.rel1.win32_1.0.0.202411081344/tools/bin/../lib/gcc/arm-none-eabi/13.3.1/../../../../arm-none-eabi/lib/thumb/v7-m/nofp\libc_nano.a(libc_a-lock.o)
                0x0800a9ac                __retarget_lock_init_recursive
 .text.__retarget_lock_acquire_recursive
                0x0800a9ae        0x2 F:/STM32_Cube_IDE/STM32CubeIDE_1.19.0/STM32CubeIDE/plugins/com.st.stm32cube.ide.mcu.externaltools.gnu-tools-for-stm32.13.3.rel1.win32_1.0.0.202411081344/tools/bin/../lib/gcc/arm-none-eabi/13.3.1/../../../../arm-none-eabi/lib/thumb/v7-m/nofp\libc_nano.a(libc_a-lock.o)
                0x0800a9ae                __retarget_lock_acquire_recursive
 .text.__retarget_lock_release_recursive
                0x0800a9b0        0x2 F:/STM32_Cube_IDE/STM32CubeIDE_1.19.0/STM32CubeIDE/plugins/com.st.stm32cube.ide.mcu.externaltools.gnu-tools-for-stm32.13.3.rel1.win32_1.0.0.202411081344/tools/bin/../lib/gcc/arm-none-eabi/13.3.1/../../../../arm-none-eabi/lib/thumb/v7-m/nofp\libc_nano.a(libc_a-lock.o)
                0x0800a9b0                __retarget_lock_release_recursive
 .text.strcpy   0x0800a9b2       0x10 F:/STM32_Cube_IDE/STM32CubeIDE_1.19.0/STM32CubeIDE/plugins/com.st.stm32cube.ide.mcu.externaltools.gnu-tools-for-stm32.13.3.rel1.win32_1.0.0.202411081344/tools/bin/../lib/gcc/arm-none-eabi/13.3.1/../../../../arm-none-eabi/lib/thumb/v7-m/nofp\libc_nano.a(libc_a-strcpy.o)
                0x0800a9b2                strcpy
 .text.memcpy   0x0800a9c2       0x1c F:/STM32_Cube_IDE/STM32CubeIDE_1.19.0/STM32CubeIDE/plugins/com.st.stm32cube.ide.mcu.externaltools.gnu-tools-for-stm32.13.3.rel1.win32_1.0.0.202411081344/tools/bin/../lib/gcc/arm-none-eabi/13.3.1/../../../../arm-none-eabi/lib/thumb/v7-m/nofp\libc_nano.a(libc_a-memcpy-stub.o)
                0x0800a9c2                memcpy
 *fill*         0x0800a9de        0x2 
 .text.nan      0x0800a9e0        0xc F:/STM32_Cube_IDE/STM32CubeIDE_1.19.0/STM32CubeIDE/plugins/com.st.stm32cube.ide.mcu.externaltools.gnu-tools-for-stm32.13.3.rel1.win32_1.0.0.202411081344/tools/bin/../lib/gcc/arm-none-eabi/13.3.1/../../../../arm-none-eabi/lib/thumb/v7-m/nofp\libc_nano.a(libm_a-s_nan.o)
                0x0800a9e0                nan
 .text.__assert_func
                0x0800a9ec       0x3c F:/STM32_Cube_IDE/STM32CubeIDE_1.19.0/STM32CubeIDE/plugins/com.st.stm32cube.ide.mcu.externaltools.gnu-tools-for-stm32.13.3.rel1.win32_1.0.0.202411081344/tools/bin/../lib/gcc/arm-none-eabi/13.3.1/../../../../arm-none-eabi/lib/thumb/v7-m/nofp\libc_nano.a(libc_a-assert.o)
                0x0800a9ec                __assert_func
 .text._free_r  0x0800aa28       0x90 F:/STM32_Cube_IDE/STM32CubeIDE_1.19.0/STM32CubeIDE/plugins/com.st.stm32cube.ide.mcu.externaltools.gnu-tools-for-stm32.13.3.rel1.win32_1.0.0.202411081344/tools/bin/../lib/gcc/arm-none-eabi/13.3.1/../../../../arm-none-eabi/lib/thumb/v7-m/nofp\libc_nano.a(libc_a-freer.o)
                0x0800aa28                _free_r
 .text.rshift   0x0800aab8       0xa6 F:/STM32_Cube_IDE/STM32CubeIDE_1.19.0/STM32CubeIDE/plugins/com.st.stm32cube.ide.mcu.externaltools.gnu-tools-for-stm32.13.3.rel1.win32_1.0.0.202411081344/tools/bin/../lib/gcc/arm-none-eabi/13.3.1/../../../../arm-none-eabi/lib/thumb/v7-m/nofp\libc_nano.a(libc_a-gdtoa-gethex.o)
 .text.__hexdig_fun
                0x0800ab5e       0x2a F:/STM32_Cube_IDE/STM32CubeIDE_1.19.0/STM32CubeIDE/plugins/com.st.stm32cube.ide.mcu.externaltools.gnu-tools-for-stm32.13.3.rel1.win32_1.0.0.202411081344/tools/bin/../lib/gcc/arm-none-eabi/13.3.1/../../../../arm-none-eabi/lib/thumb/v7-m/nofp\libc_nano.a(libc_a-gdtoa-gethex.o)
                0x0800ab5e                __hexdig_fun
 .text.__gethex
                0x0800ab88      0x420 F:/STM32_Cube_IDE/STM32CubeIDE_1.19.0/STM32CubeIDE/plugins/com.st.stm32cube.ide.mcu.externaltools.gnu-tools-for-stm32.13.3.rel1.win32_1.0.0.202411081344/tools/bin/../lib/gcc/arm-none-eabi/13.3.1/../../../../arm-none-eabi/lib/thumb/v7-m/nofp\libc_nano.a(libc_a-gdtoa-gethex.o)
                0x0800ab88                __gethex
 .text.L_shift  0x0800afa8       0x24 F:/STM32_Cube_IDE/STM32CubeIDE_1.19.0/STM32CubeIDE/plugins/com.st.stm32cube.ide.mcu.externaltools.gnu-tools-for-stm32.13.3.rel1.win32_1.0.0.202411081344/tools/bin/../lib/gcc/arm-none-eabi/13.3.1/../../../../arm-none-eabi/lib/thumb/v7-m/nofp\libc_nano.a(libc_a-gdtoa-hexnan.o)
 .text.__match  0x0800afcc       0x28 F:/STM32_Cube_IDE/STM32CubeIDE_1.19.0/STM32CubeIDE/plugins/com.st.stm32cube.ide.mcu.externaltools.gnu-tools-for-stm32.13.3.rel1.win32_1.0.0.202411081344/tools/bin/../lib/gcc/arm-none-eabi/13.3.1/../../../../arm-none-eabi/lib/thumb/v7-m/nofp\libc_nano.a(libc_a-gdtoa-hexnan.o)
                0x0800afcc                __match
 .text.__hexnan
                0x0800aff4      0x136 F:/STM32_Cube_IDE/STM32CubeIDE_1.19.0/STM32CubeIDE/plugins/com.st.stm32cube.ide.mcu.externaltools.gnu-tools-for-stm32.13.3.rel1.win32_1.0.0.202411081344/tools/bin/../lib/gcc/arm-none-eabi/13.3.1/../../../../arm-none-eabi/lib/thumb/v7-m/nofp\libc_nano.a(libc_a-gdtoa-hexnan.o)
                0x0800aff4                __hexnan
 *fill*         0x0800b12a        0x2 
 .text.malloc   0x0800b12c       0x10 F:/STM32_Cube_IDE/STM32CubeIDE_1.19.0/STM32CubeIDE/plugins/com.st.stm32cube.ide.mcu.externaltools.gnu-tools-for-stm32.13.3.rel1.win32_1.0.0.202411081344/tools/bin/../lib/gcc/arm-none-eabi/13.3.1/../../../../arm-none-eabi/lib/thumb/v7-m/nofp\libc_nano.a(libc_a-malloc.o)
                0x0800b12c                malloc
 .text.sbrk_aligned
                0x0800b13c       0x44 F:/STM32_Cube_IDE/STM32CubeIDE_1.19.0/STM32CubeIDE/plugins/com.st.stm32cube.ide.mcu.externaltools.gnu-tools-for-stm32.13.3.rel1.win32_1.0.0.202411081344/tools/bin/../lib/gcc/arm-none-eabi/13.3.1/../../../../arm-none-eabi/lib/thumb/v7-m/nofp\libc_nano.a(libc_a-mallocr.o)
 .text._malloc_r
                0x0800b180      0x100 F:/STM32_Cube_IDE/STM32CubeIDE_1.19.0/STM32CubeIDE/plugins/com.st.stm32cube.ide.mcu.externaltools.gnu-tools-for-stm32.13.3.rel1.win32_1.0.0.202411081344/tools/bin/../lib/gcc/arm-none-eabi/13.3.1/../../../../arm-none-eabi/lib/thumb/v7-m/nofp\libc_nano.a(libc_a-mallocr.o)
                0x0800b180                _malloc_r
 .text.__ascii_mbtowc
                0x0800b280       0x24 F:/STM32_Cube_IDE/STM32CubeIDE_1.19.0/STM32CubeIDE/plugins/com.st.stm32cube.ide.mcu.externaltools.gnu-tools-for-stm32.13.3.rel1.win32_1.0.0.202411081344/tools/bin/../lib/gcc/arm-none-eabi/13.3.1/../../../../arm-none-eabi/lib/thumb/v7-m/nofp\libc_nano.a(libc_a-mbtowc_r.o)
                0x0800b280                __ascii_mbtowc
 .text.__malloc_lock
                0x0800b2a4        0xc F:/STM32_Cube_IDE/STM32CubeIDE_1.19.0/STM32CubeIDE/plugins/com.st.stm32cube.ide.mcu.externaltools.gnu-tools-for-stm32.13.3.rel1.win32_1.0.0.202411081344/tools/bin/../lib/gcc/arm-none-eabi/13.3.1/../../../../arm-none-eabi/lib/thumb/v7-m/nofp\libc_nano.a(libc_a-mlock.o)
                0x0800b2a4                __malloc_lock
 .text.__malloc_unlock
                0x0800b2b0        0xc F:/STM32_Cube_IDE/STM32CubeIDE_1.19.0/STM32CubeIDE/plugins/com.st.stm32cube.ide.mcu.externaltools.gnu-tools-for-stm32.13.3.rel1.win32_1.0.0.202411081344/tools/bin/../lib/gcc/arm-none-eabi/13.3.1/../../../../arm-none-eabi/lib/thumb/v7-m/nofp\libc_nano.a(libc_a-mlock.o)
                0x0800b2b0                __malloc_unlock
 .text._Balloc  0x0800b2bc       0x80 F:/STM32_Cube_IDE/STM32CubeIDE_1.19.0/STM32CubeIDE/plugins/com.st.stm32cube.ide.mcu.externaltools.gnu-tools-for-stm32.13.3.rel1.win32_1.0.0.202411081344/tools/bin/../lib/gcc/arm-none-eabi/13.3.1/../../../../arm-none-eabi/lib/thumb/v7-m/nofp\libc_nano.a(libc_a-mprec.o)
                0x0800b2bc                _Balloc
 .text._Bfree   0x0800b33c       0x44 F:/STM32_Cube_IDE/STM32CubeIDE_1.19.0/STM32CubeIDE/plugins/com.st.stm32cube.ide.mcu.externaltools.gnu-tools-for-stm32.13.3.rel1.win32_1.0.0.202411081344/tools/bin/../lib/gcc/arm-none-eabi/13.3.1/../../../../arm-none-eabi/lib/thumb/v7-m/nofp\libc_nano.a(libc_a-mprec.o)
                0x0800b33c                _Bfree
 .text.__multadd
                0x0800b380       0x8c F:/STM32_Cube_IDE/STM32CubeIDE_1.19.0/STM32CubeIDE/plugins/com.st.stm32cube.ide.mcu.externaltools.gnu-tools-for-stm32.13.3.rel1.win32_1.0.0.202411081344/tools/bin/../lib/gcc/arm-none-eabi/13.3.1/../../../../arm-none-eabi/lib/thumb/v7-m/nofp\libc_nano.a(libc_a-mprec.o)
                0x0800b380                __multadd
 .text.__s2b    0x0800b40c       0x94 F:/STM32_Cube_IDE/STM32CubeIDE_1.19.0/STM32CubeIDE/plugins/com.st.stm32cube.ide.mcu.externaltools.gnu-tools-for-stm32.13.3.rel1.win32_1.0.0.202411081344/tools/bin/../lib/gcc/arm-none-eabi/13.3.1/../../../../arm-none-eabi/lib/thumb/v7-m/nofp\libc_nano.a(libc_a-mprec.o)
                0x0800b40c                __s2b
 .text.__hi0bits
                0x0800b4a0       0x3e F:/STM32_Cube_IDE/STM32CubeIDE_1.19.0/STM32CubeIDE/plugins/com.st.stm32cube.ide.mcu.externaltools.gnu-tools-for-stm32.13.3.rel1.win32_1.0.0.202411081344/tools/bin/../lib/gcc/arm-none-eabi/13.3.1/../../../../arm-none-eabi/lib/thumb/v7-m/nofp\libc_nano.a(libc_a-mprec.o)
                0x0800b4a0                __hi0bits
 .text.__lo0bits
                0x0800b4de       0x5a F:/STM32_Cube_IDE/STM32CubeIDE_1.19.0/STM32CubeIDE/plugins/com.st.stm32cube.ide.mcu.externaltools.gnu-tools-for-stm32.13.3.rel1.win32_1.0.0.202411081344/tools/bin/../lib/gcc/arm-none-eabi/13.3.1/../../../../arm-none-eabi/lib/thumb/v7-m/nofp\libc_nano.a(libc_a-mprec.o)
                0x0800b4de                __lo0bits
 .text.__i2b    0x0800b538       0x2c F:/STM32_Cube_IDE/STM32CubeIDE_1.19.0/STM32CubeIDE/plugins/com.st.stm32cube.ide.mcu.externaltools.gnu-tools-for-stm32.13.3.rel1.win32_1.0.0.202411081344/tools/bin/../lib/gcc/arm-none-eabi/13.3.1/../../../../arm-none-eabi/lib/thumb/v7-m/nofp\libc_nano.a(libc_a-mprec.o)
                0x0800b538                __i2b
 .text.__multiply
                0x0800b564      0x144 F:/STM32_Cube_IDE/STM32CubeIDE_1.19.0/STM32CubeIDE/plugins/com.st.stm32cube.ide.mcu.externaltools.gnu-tools-for-stm32.13.3.rel1.win32_1.0.0.202411081344/tools/bin/../lib/gcc/arm-none-eabi/13.3.1/../../../../arm-none-eabi/lib/thumb/v7-m/nofp\libc_nano.a(libc_a-mprec.o)
                0x0800b564                __multiply
 .text.__pow5mult
                0x0800b6a8       0xb4 F:/STM32_Cube_IDE/STM32CubeIDE_1.19.0/STM32CubeIDE/plugins/com.st.stm32cube.ide.mcu.externaltools.gnu-tools-for-stm32.13.3.rel1.win32_1.0.0.202411081344/tools/bin/../lib/gcc/arm-none-eabi/13.3.1/../../../../arm-none-eabi/lib/thumb/v7-m/nofp\libc_nano.a(libc_a-mprec.o)
                0x0800b6a8                __pow5mult
 .text.__lshift
                0x0800b75c       0xd8 F:/STM32_Cube_IDE/STM32CubeIDE_1.19.0/STM32CubeIDE/plugins/com.st.stm32cube.ide.mcu.externaltools.gnu-tools-for-stm32.13.3.rel1.win32_1.0.0.202411081344/tools/bin/../lib/gcc/arm-none-eabi/13.3.1/../../../../arm-none-eabi/lib/thumb/v7-m/nofp\libc_nano.a(libc_a-mprec.o)
                0x0800b75c                __lshift
 .text.__mcmp   0x0800b834       0x36 F:/STM32_Cube_IDE/STM32CubeIDE_1.19.0/STM32CubeIDE/plugins/com.st.stm32cube.ide.mcu.externaltools.gnu-tools-for-stm32.13.3.rel1.win32_1.0.0.202411081344/tools/bin/../lib/gcc/arm-none-eabi/13.3.1/../../../../arm-none-eabi/lib/thumb/v7-m/nofp\libc_nano.a(libc_a-mprec.o)
                0x0800b834                __mcmp
 *fill*         0x0800b86a        0x2 