../Core/library/VL53L0X/platform/src/vl53l0x_platform.c:39:5:_I2CWrite	16	static
../Core/library/VL53L0X/platform/src/vl53l0x_platform.c:51:5:_I2CRead	16	static
../Core/library/VL53L0X/platform/src/vl53l0x_platform.c:64:15:VL53L0X_WriteMulti	24	static
../Core/library/VL53L0X/platform/src/vl53l0x_platform.c:82:15:VL53L0X_ReadMulti	24	static
../Core/library/VL53L0X/platform/src/vl53l0x_platform.c:100:15:VL53L0X_WrByte	8	static
../Core/library/VL53L0X/platform/src/vl53l0x_platform.c:116:15:VL53L0X_WrWord	8	static
../Core/library/VL53L0X/platform/src/vl53l0x_platform.c:133:15:VL53L0X_WrDWord	8	static
../Core/library/VL53L0X/platform/src/vl53l0x_platform.c:164:15:VL53L0X_RdByte	24	static
../Core/library/VL53L0X/platform/src/vl53l0x_platform.c:150:15:VL53L0X_UpdateByte	32	static
../Core/library/VL53L0X/platform/src/vl53l0x_platform.c:183:15:VL53L0X_RdWord	24	static
../Core/library/VL53L0X/platform/src/vl53l0x_platform.c:206:15:VL53L0X_RdDWord	24	static
../Core/library/VL53L0X/platform/src/vl53l0x_platform.c:229:15:VL53L0X_PollingDelay	8	static
